ces-contracts: 224 agreed · 110 disagreement · 275 intermittent · 0 no-runtime-emits · 139 unmeasurable → /Users/johnt/workspace/GitHub/RealityEngine_CI/config/ces-contracts/domain-energy.json
  disagreement: ENX001_rooftop-solar-fleet-availability-monitor.json::enx-001-operating-window-ok::enx-001-operating-window-ok-4 — lsp-1+scala-1 | cpp-1 (held over 3 drives)
  disagreement: ENX042_solar-inverter-bank-dispatch-controller.json::enx-042-preventive-maintenance::enx-042-preventive-maintenance-4 — lsp-1+scala-1 | cpp-1 (held over 3 drives)
  disagreement: ENX046_solar-inverter-bank-resilience-mode-router.json::enx-046-preventive-maintenance::enx-046-preventive-maintenance-4 — lsp-1+scala-1 | cpp-1 (held over 3 drives)
  disagreement: ENX049_solar-string-combiner-availability-monitor.json::enx-049-operating-window-ok::enx-049-operating-window-ok-4 — lsp-1+scala-1 | cpp-1 (held over 3 drives)
  disagreement: ENX049_solar-string-combiner-availability-monitor.json::enx-049-optimize-dispatch::enx-049-optimize-dispatch-4 — lsp-1+scala-1 | cpp-1 (held over 3 drives)
  disagreement: ENX051_solar-string-combiner-forecast-gatekeeper.json::enx-051-optimize-dispatch::enx-051-optimize-dispatch-4 — lsp-1+scala-1 | cpp-1 (held over 3 drives)
  disagreement: ENX052_solar-string-combiner-maintenance-scheduler.json::enx-052-optimize-dispatch::enx-052-optimize-dispatch-4 — lsp-1+scala-1 | cpp-1 (held over 3 drives)
  disagreement: ENX053_solar-string-combiner-power-quality-guardian.json::enx-053-preventive-maintenance::enx-053-preventive-maintenance-4 — lsp-1+scala-1 | cpp-1 (held over 3 drives)
  disagreement: ENX057_solar-soiling-and-wash-crew-availability-monitor.json::enx-057-operating-window-ok::enx-057-operating-window-ok-4 — lsp-1+scala-1 | cpp-1 (held over 3 drives)
  disagreement: ENX060_solar-soiling-and-wash-crew-maintenance-scheduler.json::enx-060-optimize-dispatch::enx-060-optimize-dispatch-4 — lsp-1+scala-1 | cpp-1 (held over 3 drives)
  disagreement: ENX064_solar-soiling-and-wash-crew-safety-compliance-checker.json::enx-064-optimize-dispatch::enx-064-optimize-dispatch-4 — lsp-1+scala-1 | cpp-1 (held over 3 drives)
  disagreement: ENX070_battery-container-rack-resilience-mode-router.json::enx-070-preventive-maintenance::enx-070-preventive-maintenance-4 — lsp-1+scala-1 | cpp-1 (held over 3 drives)
  disagreement: ENX079_battery-bms-cell-balance-optimization-planner.json::enx-079-preventive-maintenance::enx-079-preventive-maintenance-4 — lsp-1+scala-1 | cpp-1 (held over 3 drives)
  disagreement: ENX084_battery-thermal-management-maintenance-scheduler.json::enx-084-operating-window-ok::enx-084-operating-window-ok-4 — lsp-1+scala-1 | cpp-1 (held over 3 drives)
  disagreement: ENX087_battery-thermal-management-optimization-planner.json::enx-087-preventive-maintenance::enx-087-preventive-maintenance-4 — lsp-1+scala-1 | cpp-1 (held over 3 drives)
  disagreement: ENX092_battery-fire-safety-loop-maintenance-scheduler.json::enx-092-urgent-stabilize::enx-092-urgent-stabilize-4 — lsp-1+scala-1 | cpp-1 (held over 3 drives)
  disagreement: ENX093_battery-fire-safety-loop-power-quality-guardian.json::enx-093-preventive-maintenance::enx-093-preventive-maintenance-4 — lsp-1+scala-1 | cpp-1 (held over 3 drives)
  disagreement: ENX094_battery-fire-safety-loop-resilience-mode-router.json::enx-094-optimize-dispatch::enx-094-optimize-dispatch-4 — lsp-1+scala-1 | cpp-1 (held over 3 drives)
  disagreement: ENX096_battery-fire-safety-loop-safety-compliance-checker.json::enx-096-optimize-dispatch::enx-096-optimize-dispatch-4 — lsp-1+scala-1 | cpp-1 (held over 3 drives)
  disagreement: ENX097_battery-state-of-charge-reserve-availability-monitor.json::enx-097-preventive-maintenance::enx-097-preventive-maintenance-4 — lsp-1+scala-1 | cpp-1 (held over 3 drives)
  disagreement: ENX098_battery-state-of-charge-reserve-dispatch-controller.json::enx-098-operating-window-ok::enx-098-operating-window-ok-4 — lsp-1+scala-1 | cpp-1 (held over 3 drives)
  disagreement: ENX098_battery-state-of-charge-reserve-dispatch-controller.json::enx-098-preventive-maintenance::enx-098-preventive-maintenance-4 — lsp-1+scala-1 | cpp-1 (held over 3 drives)
  disagreement: ENX099_battery-state-of-charge-reserve-forecast-gatekeeper.json::enx-099-operating-window-ok::enx-099-operating-window-ok-4 — lsp-1+scala-1 | cpp-1 (held over 3 drives)
  disagreement: ENX101_battery-state-of-charge-reserve-power-quality-guardian.json::enx-101-optimize-dispatch::enx-101-optimize-dispatch-4 — lsp-1+scala-1 | cpp-1 (held over 3 drives)
  disagreement: ENX102_battery-state-of-charge-reserve-resilience-mode-router.json::enx-102-optimize-dispatch::enx-102-optimize-dispatch-4 — lsp-1+scala-1 | cpp-1 (held over 3 drives)
  disagreement: ENX103_battery-state-of-charge-reserve-optimization-planner.json::enx-103-preventive-maintenance::enx-103-preventive-maintenance-4 — lsp-1+scala-1 | cpp-1 (held over 3 drives)
  disagreement: ENX105_microgrid-point-of-common-coupling-availability-monitor.json::enx-105-preventive-maintenance::enx-105-preventive-maintenance-4 — lsp-1+scala-1 | cpp-1 (held over 3 drives)
  disagreement: ENX107_microgrid-point-of-common-coupling-forecast-gatekeeper.json::enx-107-operating-window-ok::enx-107-operating-window-ok-4 — lsp-1+scala-1 | cpp-1 (held over 3 drives)
  disagreement: ENX107_microgrid-point-of-common-coupling-forecast-gatekeeper.json::enx-107-optimize-dispatch::enx-107-optimize-dispatch-4 — lsp-1+scala-1 | cpp-1 (held over 3 drives)
  disagreement: ENX109_microgrid-point-of-common-coupling-power-quality-guardian.json::enx-109-operating-window-ok::enx-109-operating-window-ok-4 — lsp-1+scala-1 | cpp-1 (held over 3 drives)
  disagreement: ENX109_microgrid-point-of-common-coupling-power-quality-guardian.json::enx-109-preventive-maintenance::enx-109-preventive-maintenance-4 — lsp-1+scala-1 | cpp-1 (held over 3 drives)
  disagreement: ENX112_microgrid-point-of-common-coupling-safety-compliance-checker.json::enx-112-preventive-maintenance::enx-112-preventive-maintenance-4 — lsp-1+scala-1 | cpp-1 (held over 3 drives)
  disagreement: ENX113_feeder-sectionalizer-availability-monitor.json::enx-113-optimize-dispatch::enx-113-optimize-dispatch-4 — lsp-1+scala-1 | cpp-1 (held over 3 drives)
  disagreement: ENX113_feeder-sectionalizer-availability-monitor.json::enx-113-preventive-maintenance::enx-113-preventive-maintenance-4 — lsp-1+scala-1 | cpp-1 (held over 3 drives)
  disagreement: ENX119_feeder-sectionalizer-optimization-planner.json::enx-119-optimize-dispatch::enx-119-optimize-dispatch-4 — cpp-1+lsp-1 | scala-1 (held over 3 drives)
  disagreement: ENX119_feeder-sectionalizer-optimization-planner.json::enx-119-urgent-stabilize::enx-119-urgent-stabilize-4 — cpp-1+scala-1 | lsp-1 (held over 3 drives)
  disagreement: ENX120_feeder-sectionalizer-safety-compliance-checker.json::enx-120-preventive-maintenance::enx-120-preventive-maintenance-4 — cpp-1+scala-1 | lsp-1 (held over 3 drives)
  disagreement: ENX122_community-load-flexibility-dispatch-controller.json::enx-122-operating-window-ok::enx-122-operating-window-ok-4 — cpp-1+lsp-1 | scala-1 (held over 3 drives)
  disagreement: ENX124_community-load-flexibility-maintenance-scheduler.json::enx-124-urgent-stabilize::enx-124-urgent-stabilize-4 — cpp-1+scala-1 | lsp-1 (held over 3 drives)
  disagreement: ENX125_community-load-flexibility-power-quality-guardian.json::enx-125-preventive-maintenance::enx-125-preventive-maintenance-4 — cpp-1+lsp-1 | scala-1 (held over 3 drives)
  disagreement: ENX126_community-load-flexibility-resilience-mode-router.json::enx-126-optimize-dispatch::enx-126-optimize-dispatch-4 — cpp-1+lsp-1 | scala-1 (held over 3 drives)
  disagreement: ENX126_community-load-flexibility-resilience-mode-router.json::enx-126-urgent-stabilize::enx-126-urgent-stabilize-4 — cpp-1+scala-1 | lsp-1 (held over 3 drives)
  disagreement: ENX127_community-load-flexibility-optimization-planner.json::enx-127-preventive-maintenance::enx-127-preventive-maintenance-4 — cpp-1+scala-1 | lsp-1 (held over 3 drives)
  disagreement: ENX127_community-load-flexibility-optimization-planner.json::enx-127-urgent-stabilize::enx-127-urgent-stabilize-4 — cpp-1+lsp-1 | scala-1 (held over 3 drives)
  disagreement: ENX128_community-load-flexibility-safety-compliance-checker.json::enx-128-operating-window-ok::enx-128-operating-window-ok-4 — cpp-1+scala-1 | lsp-1 (held over 3 drives)
  disagreement: ENX128_community-load-flexibility-safety-compliance-checker.json::enx-128-optimize-dispatch::enx-128-optimize-dispatch-4 — cpp-1+scala-1 | lsp-1 (held over 3 drives)
  disagreement: ENX128_community-load-flexibility-safety-compliance-checker.json::enx-128-preventive-maintenance::enx-128-preventive-maintenance-4 — cpp-1+scala-1 | lsp-1 (held over 3 drives)
  disagreement: ENX128_community-load-flexibility-safety-compliance-checker.json::enx-128-urgent-stabilize::enx-128-urgent-stabilize-4 — cpp-1+scala-1 | lsp-1 (held over 3 drives)
  disagreement: ENX129_ev-charging-load-bank-availability-monitor.json::enx-129-operating-window-ok::enx-129-operating-window-ok-4 — cpp-1+lsp-1 | scala-1 (held over 3 drives)
  disagreement: ENX129_ev-charging-load-bank-availability-monitor.json::enx-129-optimize-dispatch::enx-129-optimize-dispatch-4 — cpp-1+scala-1 | lsp-1 (held over 3 drives)
  disagreement: ENX129_ev-charging-load-bank-availability-monitor.json::enx-129-urgent-stabilize::enx-129-urgent-stabilize-4 — cpp-1+scala-1 | lsp-1 (held over 3 drives)
  disagreement: ENX130_ev-charging-load-bank-dispatch-controller.json::enx-130-operating-window-ok::enx-130-operating-window-ok-4 — cpp-1+lsp-1 | scala-1 (held over 3 drives)
  disagreement: ENX130_ev-charging-load-bank-dispatch-controller.json::enx-130-preventive-maintenance::enx-130-preventive-maintenance-4 — cpp-1+lsp-1 | scala-1 (held over 3 drives)
  disagreement: ENX130_ev-charging-load-bank-dispatch-controller.json::enx-130-urgent-stabilize::enx-130-urgent-stabilize-4 — cpp-1+lsp-1 | scala-1 (held over 3 drives)
  disagreement: ENX131_ev-charging-load-bank-forecast-gatekeeper.json::enx-131-optimize-dispatch::enx-131-optimize-dispatch-4 — cpp-1+lsp-1 | scala-1 (held over 3 drives)
  disagreement: ENX131_ev-charging-load-bank-forecast-gatekeeper.json::enx-131-preventive-maintenance::enx-131-preventive-maintenance-4 — cpp-1+scala-1 | lsp-1 (held over 3 drives)
  disagreement: ENX131_ev-charging-load-bank-forecast-gatekeeper.json::enx-131-urgent-stabilize::enx-131-urgent-stabilize-4 — cpp-1+scala-1 | lsp-1 (held over 3 drives)
  disagreement: ENX132_ev-charging-load-bank-maintenance-scheduler.json::enx-132-operating-window-ok::enx-132-operating-window-ok-4 — cpp-1+lsp-1 | scala-1 (held over 3 drives)
  disagreement: ENX132_ev-charging-load-bank-maintenance-scheduler.json::enx-132-preventive-maintenance::enx-132-preventive-maintenance-4 — cpp-1+scala-1 | lsp-1 (held over 3 drives)
  disagreement: ENX132_ev-charging-load-bank-maintenance-scheduler.json::enx-132-urgent-stabilize::enx-132-urgent-stabilize-4 — cpp-1+scala-1 | lsp-1 (held over 3 drives)
  disagreement: ENX133_ev-charging-load-bank-power-quality-guardian.json::enx-133-operating-window-ok::enx-133-operating-window-ok-4 — cpp-1+lsp-1 | scala-1 (held over 3 drives)
  disagreement: ENX134_ev-charging-load-bank-resilience-mode-router.json::enx-134-operating-window-ok::enx-134-operating-window-ok-4 — cpp-1+lsp-1 | scala-1 (held over 3 drives)
  disagreement: ENX134_ev-charging-load-bank-resilience-mode-router.json::enx-134-optimize-dispatch::enx-134-optimize-dispatch-4 — cpp-1+scala-1 | lsp-1 (held over 3 drives)
  disagreement: ENX134_ev-charging-load-bank-resilience-mode-router.json::enx-134-preventive-maintenance::enx-134-preventive-maintenance-4 — cpp-1+scala-1 | lsp-1 (held over 3 drives)
  disagreement: ENX134_ev-charging-load-bank-resilience-mode-router.json::enx-134-urgent-stabilize::enx-134-urgent-stabilize-4 — cpp-1+scala-1 | lsp-1 (held over 3 drives)
  disagreement: ENX135_ev-charging-load-bank-optimization-planner.json::enx-135-preventive-maintenance::enx-135-preventive-maintenance-4 — cpp-1+scala-1 | lsp-1 (held over 3 drives)
  disagreement: ENX136_ev-charging-load-bank-safety-compliance-checker.json::enx-136-operating-window-ok::enx-136-operating-window-ok-4 — cpp-1+scala-1 | lsp-1 (held over 3 drives)
  disagreement: ENX136_ev-charging-load-bank-safety-compliance-checker.json::enx-136-urgent-stabilize::enx-136-urgent-stabilize-4 — cpp-1+scala-1 | lsp-1 (held over 3 drives)
  disagreement: ENX137_critical-facility-backup-panel-availability-monitor.json::enx-137-preventive-maintenance::enx-137-preventive-maintenance-4 — cpp-1+lsp-1 | scala-1 (held over 3 drives)
  disagreement: ENX137_critical-facility-backup-panel-availability-monitor.json::enx-137-urgent-stabilize::enx-137-urgent-stabilize-4 — cpp-1+scala-1 | lsp-1 (held over 3 drives)
  disagreement: ENX139_critical-facility-backup-panel-forecast-gatekeeper.json::enx-139-operating-window-ok::enx-139-operating-window-ok-4 — cpp-1+lsp-1 | scala-1 (held over 3 drives)
  disagreement: ENX139_critical-facility-backup-panel-forecast-gatekeeper.json::enx-139-urgent-stabilize::enx-139-urgent-stabilize-4 — cpp-1+scala-1 | lsp-1 (held over 3 drives)
  disagreement: ENX140_critical-facility-backup-panel-maintenance-scheduler.json::enx-140-optimize-dispatch::enx-140-optimize-dispatch-4 — cpp-1+lsp-1 | scala-1 (held over 3 drives)
  disagreement: ENX140_critical-facility-backup-panel-maintenance-scheduler.json::enx-140-preventive-maintenance::enx-140-preventive-maintenance-4 — cpp-1+lsp-1 | scala-1 (held over 3 drives)
  disagreement: ENX140_critical-facility-backup-panel-maintenance-scheduler.json::enx-140-urgent-stabilize::enx-140-urgent-stabilize-4 — cpp-1+scala-1 | lsp-1 (held over 3 drives)
  disagreement: ENX141_critical-facility-backup-panel-power-quality-guardian.json::enx-141-optimize-dispatch::enx-141-optimize-dispatch-4 — cpp-1+lsp-1 | scala-1 (held over 3 drives)
  disagreement: ENX141_critical-facility-backup-panel-power-quality-guardian.json::enx-141-preventive-maintenance::enx-141-preventive-maintenance-4 — cpp-1+lsp-1 | scala-1 (held over 3 drives)
  disagreement: ENX142_critical-facility-backup-panel-resilience-mode-router.json::enx-142-operating-window-ok::enx-142-operating-window-ok-4 — cpp-1+lsp-1 | scala-1 (held over 3 drives)
  disagreement: ENX142_critical-facility-backup-panel-resilience-mode-router.json::enx-142-optimize-dispatch::enx-142-optimize-dispatch-4 — cpp-1+lsp-1 | scala-1 (held over 3 drives)
  disagreement: ENX142_critical-facility-backup-panel-resilience-mode-router.json::enx-142-preventive-maintenance::enx-142-preventive-maintenance-4 — cpp-1+lsp-1 | scala-1 (held over 3 drives)
  disagreement: ENX142_critical-facility-backup-panel-resilience-mode-router.json::enx-142-urgent-stabilize::enx-142-urgent-stabilize-4 — cpp-1+scala-1 | lsp-1 (held over 3 drives)
  disagreement: ENX143_critical-facility-backup-panel-optimization-planner.json::enx-143-operating-window-ok::enx-143-operating-window-ok-4 — cpp-1+scala-1 | lsp-1 (held over 3 drives)
  disagreement: ENX143_critical-facility-backup-panel-optimization-planner.json::enx-143-preventive-maintenance::enx-143-preventive-maintenance-4 — cpp-1+scala-1 | lsp-1 (held over 3 drives)
  disagreement: ENX143_critical-facility-backup-panel-optimization-planner.json::enx-143-urgent-stabilize::enx-143-urgent-stabilize-4 — cpp-1+scala-1 | lsp-1 (held over 3 drives)
  disagreement: ENX144_critical-facility-backup-panel-safety-compliance-checker.json::enx-144-operating-window-ok::enx-144-operating-window-ok-4 — cpp-1+scala-1 | lsp-1 (held over 3 drives)
  disagreement: ENX144_critical-facility-backup-panel-safety-compliance-checker.json::enx-144-optimize-dispatch::enx-144-optimize-dispatch-4 — cpp-1+lsp-1 | scala-1 (held over 3 drives)
  disagreement: ENX144_critical-facility-backup-panel-safety-compliance-checker.json::enx-144-preventive-maintenance::enx-144-preventive-maintenance-4 — cpp-1+scala-1 | lsp-1 (held over 3 drives)
  disagreement: ENX144_critical-facility-backup-panel-safety-compliance-checker.json::enx-144-urgent-stabilize::enx-144-urgent-stabilize-4 — cpp-1+scala-1 | lsp-1 (held over 3 drives)
  disagreement: ENX145_weather-and-irradiance-station-availability-monitor.json::enx-145-operating-window-ok::enx-145-operating-window-ok-4 — cpp-1+lsp-1 | scala-1 (held over 3 drives)
  disagreement: ENX145_weather-and-irradiance-station-availability-monitor.json::enx-145-urgent-stabilize::enx-145-urgent-stabilize-4 — cpp-1+scala-1 | lsp-1 (held over 3 drives)
  disagreement: ENX146_weather-and-irradiance-station-dispatch-controller.json::enx-146-optimize-dispatch::enx-146-optimize-dispatch-4 — cpp-1+lsp-1 | scala-1 (held over 3 drives)
  disagreement: ENX146_weather-and-irradiance-station-dispatch-controller.json::enx-146-urgent-stabilize::enx-146-urgent-stabilize-4 — cpp-1+lsp-1 | scala-1 (held over 3 drives)
  disagreement: ENX147_weather-and-irradiance-station-forecast-gatekeeper.json::enx-147-operating-window-ok::enx-147-operating-window-ok-4 — cpp-1+lsp-1 | scala-1 (held over 3 drives)
  disagreement: ENX147_weather-and-irradiance-station-forecast-gatekeeper.json::enx-147-optimize-dispatch::enx-147-optimize-dispatch-4 — cpp-1+scala-1 | lsp-1 (held over 3 drives)
  disagreement: ENX147_weather-and-irradiance-station-forecast-gatekeeper.json::enx-147-urgent-stabilize::enx-147-urgent-stabilize-4 — cpp-1+scala-1 | lsp-1 (held over 3 drives)
  disagreement: ENX148_weather-and-irradiance-station-maintenance-scheduler.json::enx-148-optimize-dispatch::enx-148-optimize-dispatch-4 — cpp-1+lsp-1 | scala-1 (held over 3 drives)
  disagreement: ENX149_weather-and-irradiance-station-power-quality-guardian.json::enx-149-operating-window-ok::enx-149-operating-window-ok-4 — cpp-1+lsp-1 | scala-1 (held over 3 drives)
  disagreement: ENX149_weather-and-irradiance-station-power-quality-guardian.json::enx-149-optimize-dispatch::enx-149-optimize-dispatch-4 — cpp-1+lsp-1 | scala-1 (held over 3 drives)
  disagreement: ENX149_weather-and-irradiance-station-power-quality-guardian.json::enx-149-preventive-maintenance::enx-149-preventive-maintenance-4 — cpp-1+lsp-1 | scala-1 (held over 3 drives)
  disagreement: ENX150_weather-and-irradiance-station-resilience-mode-router.json::enx-150-operating-window-ok::enx-150-operating-window-ok-4 — cpp-1+scala-1 | lsp-1 (held over 3 drives)
  disagreement: ENX150_weather-and-irradiance-station-resilience-mode-router.json::enx-150-optimize-dispatch::enx-150-optimize-dispatch-4 — cpp-1+scala-1 | lsp-1 (held over 3 drives)
  disagreement: ENX150_weather-and-irradiance-station-resilience-mode-router.json::enx-150-preventive-maintenance::enx-150-preventive-maintenance-4 — cpp-1+scala-1 | lsp-1 (held over 3 drives)
  disagreement: ENX151_weather-and-irradiance-station-optimization-planner.json::enx-151-operating-window-ok::enx-151-operating-window-ok-4 — cpp-1+lsp-1 | scala-1 (held over 3 drives)
  disagreement: ENX151_weather-and-irradiance-station-optimization-planner.json::enx-151-optimize-dispatch::enx-151-optimize-dispatch-4 — cpp-1+lsp-1 | scala-1 (held over 3 drives)
  disagreement: ENX151_weather-and-irradiance-station-optimization-planner.json::enx-151-urgent-stabilize::enx-151-urgent-stabilize-4 — cpp-1+scala-1 | lsp-1 (held over 3 drives)
  disagreement: ENX152_weather-and-irradiance-station-safety-compliance-checker.json::enx-152-operating-window-ok::enx-152-operating-window-ok-4 — cpp-1+scala-1 | lsp-1 (held over 3 drives)
  disagreement: ENX152_weather-and-irradiance-station-safety-compliance-checker.json::enx-152-optimize-dispatch::enx-152-optimize-dispatch-4 — cpp-1+lsp-1 | scala-1 (held over 3 drives)
  disagreement: ENX152_weather-and-irradiance-station-safety-compliance-checker.json::enx-152-preventive-maintenance::enx-152-preventive-maintenance-4 — cpp-1+lsp-1 | scala-1 (held over 3 drives)
  disagreement: ENX152_weather-and-irradiance-station-safety-compliance-checker.json::enx-152-urgent-stabilize::enx-152-urgent-stabilize-4 — cpp-1+scala-1 | lsp-1 (held over 3 drives)
  disagreement: ENX153_preventive-maintenance-work-order-availability-monitor.json::enx-153-urgent-stabilize::enx-153-urgent-stabilize-4 — cpp-1+lsp-1 | scala-1 (held over 3 drives)
  intermittent: ENX001_rooftop-solar-fleet-availability-monitor.json::enx-001-optimize-dispatch::enx-001-optimize-dispatch-4 — lsp-1+scala-1 | cpp-1 then lsp-1+scala-1 | cpp-1 then cpp-1+lsp-1+scala-1
  intermittent: ENX001_rooftop-solar-fleet-availability-monitor.json::enx-001-urgent-stabilize::enx-001-urgent-stabilize-4 — lsp-1+scala-1 | cpp-1 then cpp-1+lsp-1+scala-1 then cpp-1+lsp-1+scala-1
  intermittent: ENX002_rooftop-solar-fleet-dispatch-controller.json::enx-002-operating-window-ok::enx-002-operating-window-ok-4 — lsp-1+scala-1 | cpp-1 then cpp-1+lsp-1+scala-1 then cpp-1+lsp-1+scala-1
  intermittent: ENX002_rooftop-solar-fleet-dispatch-controller.json::enx-002-preventive-maintenance::enx-002-preventive-maintenance-4 — lsp-1+scala-1 | cpp-1 then lsp-1+scala-1 | cpp-1 then cpp-1+lsp-1+scala-1
  intermittent: ENX003_rooftop-solar-fleet-forecast-gatekeeper.json::enx-003-operating-window-ok::enx-003-operating-window-ok-4 — lsp-1+scala-1 | cpp-1 then cpp-1+lsp-1+scala-1 then lsp-1+scala-1 | cpp-1
  intermittent: ENX003_rooftop-solar-fleet-forecast-gatekeeper.json::enx-003-optimize-dispatch::enx-003-optimize-dispatch-4 — lsp-1+scala-1 | cpp-1 then cpp-1+lsp-1+scala-1 then cpp-1+lsp-1+scala-1
  intermittent: ENX003_rooftop-solar-fleet-forecast-gatekeeper.json::enx-003-preventive-maintenance::enx-003-preventive-maintenance-4 — lsp-1+scala-1 | cpp-1 then cpp-1+lsp-1+scala-1 then lsp-1+scala-1 | cpp-1
  intermittent: ENX004_rooftop-solar-fleet-maintenance-scheduler.json::enx-004-optimize-dispatch::enx-004-optimize-dispatch-4 — lsp-1+scala-1 | cpp-1 then cpp-1+lsp-1+scala-1 then lsp-1+scala-1 | cpp-1
  intermittent: ENX004_rooftop-solar-fleet-maintenance-scheduler.json::enx-004-urgent-stabilize::enx-004-urgent-stabilize-4 — lsp-1+scala-1 | cpp-1 then cpp-1+lsp-1+scala-1 then cpp-1+lsp-1+scala-1
  intermittent: ENX005_rooftop-solar-fleet-power-quality-guardian.json::enx-005-operating-window-ok::enx-005-operating-window-ok-4 — lsp-1+scala-1 | cpp-1 then lsp-1+scala-1 | cpp-1 then cpp-1+lsp-1+scala-1
  intermittent: ENX005_rooftop-solar-fleet-power-quality-guardian.json::enx-005-optimize-dispatch::enx-005-optimize-dispatch-4 — lsp-1+scala-1 | cpp-1 then cpp-1+lsp-1+scala-1 then lsp-1+scala-1 | cpp-1
  intermittent: ENX005_rooftop-solar-fleet-power-quality-guardian.json::enx-005-preventive-maintenance::enx-005-preventive-maintenance-4 — lsp-1+scala-1 | cpp-1 then cpp-1+lsp-1+scala-1 then cpp-1+lsp-1+scala-1
  intermittent: ENX005_rooftop-solar-fleet-power-quality-guardian.json::enx-005-urgent-stabilize::enx-005-urgent-stabilize-4 — lsp-1+scala-1 | cpp-1 then cpp-1+lsp-1+scala-1 then lsp-1+scala-1 | cpp-1
  intermittent: ENX006_rooftop-solar-fleet-resilience-mode-router.json::enx-006-operating-window-ok::enx-006-operating-window-ok-4 — lsp-1+scala-1 | cpp-1 then cpp-1+lsp-1+scala-1 then lsp-1+scala-1 | cpp-1
  intermittent: ENX006_rooftop-solar-fleet-resilience-mode-router.json::enx-006-preventive-maintenance::enx-006-preventive-maintenance-4 — lsp-1+scala-1 | cpp-1 then lsp-1+scala-1 | cpp-1 then cpp-1+lsp-1+scala-1
  intermittent: ENX006_rooftop-solar-fleet-resilience-mode-router.json::enx-006-urgent-stabilize::enx-006-urgent-stabilize-4 — lsp-1+scala-1 | cpp-1 then cpp-1+lsp-1+scala-1 then cpp-1+lsp-1+scala-1
  intermittent: ENX007_rooftop-solar-fleet-optimization-planner.json::enx-007-operating-window-ok::enx-007-operating-window-ok-4 — lsp-1+scala-1 | cpp-1 then cpp-1+lsp-1+scala-1 then cpp-1+lsp-1+scala-1
  intermittent: ENX007_rooftop-solar-fleet-optimization-planner.json::enx-007-optimize-dispatch::enx-007-optimize-dispatch-4 — lsp-1+scala-1 | cpp-1 then cpp-1+lsp-1+scala-1 then lsp-1+scala-1 | cpp-1
  intermittent: ENX007_rooftop-solar-fleet-optimization-planner.json::enx-007-preventive-maintenance::enx-007-preventive-maintenance-4 — lsp-1+scala-1 | cpp-1 then cpp-1+lsp-1+scala-1 then lsp-1+scala-1 | cpp-1
  intermittent: ENX008_rooftop-solar-fleet-safety-compliance-checker.json::enx-008-operating-window-ok::enx-008-operating-window-ok-4 — lsp-1+scala-1 | cpp-1 then cpp-1+lsp-1+scala-1 then lsp-1+scala-1 | cpp-1
  intermittent: ENX008_rooftop-solar-fleet-safety-compliance-checker.json::enx-008-urgent-stabilize::enx-008-urgent-stabilize-4 — lsp-1+scala-1 | cpp-1 then cpp-1+lsp-1+scala-1 then lsp-1+scala-1 | cpp-1
  intermittent: ENX009_carport-solar-array-availability-monitor.json::enx-009-preventive-maintenance::enx-009-preventive-maintenance-4 — lsp-1+scala-1 | cpp-1 then cpp-1+lsp-1+scala-1 then lsp-1+scala-1 | cpp-1
  intermittent: ENX010_carport-solar-array-dispatch-controller.json::enx-010-optimize-dispatch::enx-010-optimize-dispatch-4 — lsp-1+scala-1 | cpp-1 then cpp-1+lsp-1+scala-1 then lsp-1+scala-1 | cpp-1
  intermittent: ENX011_carport-solar-array-forecast-gatekeeper.json::enx-011-operating-window-ok::enx-011-operating-window-ok-4 — lsp-1+scala-1 | cpp-1 then cpp-1+lsp-1+scala-1 then lsp-1+scala-1 | cpp-1
  intermittent: ENX011_carport-solar-array-forecast-gatekeeper.json::enx-011-urgent-stabilize::enx-011-urgent-stabilize-4 — lsp-1+scala-1 | cpp-1 then cpp-1+lsp-1+scala-1 then lsp-1+scala-1 | cpp-1
  intermittent: ENX012_carport-solar-array-maintenance-scheduler.json::enx-012-preventive-maintenance::enx-012-preventive-maintenance-4 — lsp-1+scala-1 | cpp-1 then cpp-1+lsp-1+scala-1 then lsp-1+scala-1 | cpp-1
  intermittent: ENX013_carport-solar-array-power-quality-guardian.json::enx-013-operating-window-ok::enx-013-operating-window-ok-4 — lsp-1+scala-1 | cpp-1 then cpp-1+lsp-1+scala-1 then lsp-1+scala-1 | cpp-1
  intermittent: ENX013_carport-solar-array-power-quality-guardian.json::enx-013-preventive-maintenance::enx-013-preventive-maintenance-4 — lsp-1+scala-1 | cpp-1 then lsp-1+scala-1 | cpp-1 then cpp-1+lsp-1+scala-1
  intermittent: ENX014_carport-solar-array-resilience-mode-router.json::enx-014-operating-window-ok::enx-014-operating-window-ok-4 — lsp-1+scala-1 | cpp-1 then cpp-1+lsp-1+scala-1 then lsp-1+scala-1 | cpp-1
  intermittent: ENX014_carport-solar-array-resilience-mode-router.json::enx-014-preventive-maintenance::enx-014-preventive-maintenance-4 — lsp-1+scala-1 | cpp-1 then cpp-1+lsp-1+scala-1 then cpp-1+lsp-1+scala-1
  intermittent: ENX015_carport-solar-array-optimization-planner.json::enx-015-operating-window-ok::enx-015-operating-window-ok-4 — lsp-1+scala-1 | cpp-1 then cpp-1+lsp-1+scala-1 then lsp-1+scala-1 | cpp-1
  intermittent: ENX015_carport-solar-array-optimization-planner.json::enx-015-preventive-maintenance::enx-015-preventive-maintenance-4 — lsp-1+scala-1 | cpp-1 then cpp-1+lsp-1+scala-1 then cpp-1+lsp-1+scala-1
  intermittent: ENX016_carport-solar-array-safety-compliance-checker.json::enx-016-optimize-dispatch::enx-016-optimize-dispatch-4 — lsp-1+scala-1 | cpp-1 then cpp-1+lsp-1+scala-1 then lsp-1+scala-1 | cpp-1
  intermittent: ENX016_carport-solar-array-safety-compliance-checker.json::enx-016-preventive-maintenance::enx-016-preventive-maintenance-4 — lsp-1+scala-1 | cpp-1 then cpp-1+lsp-1+scala-1 then lsp-1+scala-1 | cpp-1
  intermittent: ENX017_community-center-solar-availability-monitor.json::enx-017-optimize-dispatch::enx-017-optimize-dispatch-4 — lsp-1+scala-1 | cpp-1 then cpp-1+lsp-1+scala-1 then cpp-1+lsp-1+scala-1
  intermittent: ENX017_community-center-solar-availability-monitor.json::enx-017-preventive-maintenance::enx-017-preventive-maintenance-4 — lsp-1+scala-1 | cpp-1 then cpp-1+lsp-1+scala-1 then lsp-1+scala-1 | cpp-1
  intermittent: ENX018_community-center-solar-dispatch-controller.json::enx-018-optimize-dispatch::enx-018-optimize-dispatch-4 — lsp-1+scala-1 | cpp-1 then cpp-1+lsp-1+scala-1 then lsp-1+scala-1 | cpp-1
  intermittent: ENX018_community-center-solar-dispatch-controller.json::enx-018-preventive-maintenance::enx-018-preventive-maintenance-4 — lsp-1+scala-1 | cpp-1 then cpp-1+lsp-1+scala-1 then lsp-1+scala-1 | cpp-1
  intermittent: ENX018_community-center-solar-dispatch-controller.json::enx-018-urgent-stabilize::enx-018-urgent-stabilize-4 — lsp-1+scala-1 | cpp-1 then cpp-1+lsp-1+scala-1 then cpp-1+lsp-1+scala-1
  intermittent: ENX019_community-center-solar-forecast-gatekeeper.json::enx-019-operating-window-ok::enx-019-operating-window-ok-4 — lsp-1+scala-1 | cpp-1 then cpp-1+lsp-1+scala-1 then lsp-1+scala-1 | cpp-1
  intermittent: ENX019_community-center-solar-forecast-gatekeeper.json::enx-019-optimize-dispatch::enx-019-optimize-dispatch-4 — lsp-1+scala-1 | cpp-1 then cpp-1+lsp-1+scala-1 then cpp-1+lsp-1+scala-1
  intermittent: ENX019_community-center-solar-forecast-gatekeeper.json::enx-019-preventive-maintenance::enx-019-preventive-maintenance-4 — lsp-1+scala-1 | cpp-1 then cpp-1+lsp-1+scala-1 then lsp-1+scala-1 | cpp-1
  intermittent: ENX020_community-center-solar-maintenance-scheduler.json::enx-020-operating-window-ok::enx-020-operating-window-ok-4 — lsp-1+scala-1 | cpp-1 then lsp-1+scala-1 | cpp-1 then cpp-1+lsp-1+scala-1
  intermittent: ENX020_community-center-solar-maintenance-scheduler.json::enx-020-optimize-dispatch::enx-020-optimize-dispatch-4 — lsp-1+scala-1 | cpp-1 then cpp-1+lsp-1+scala-1 then lsp-1+scala-1 | cpp-1
  intermittent: ENX021_community-center-solar-power-quality-guardian.json::enx-021-operating-window-ok::enx-021-operating-window-ok-4 — lsp-1+scala-1 | cpp-1 then cpp-1+lsp-1+scala-1 then cpp-1+lsp-1+scala-1
  intermittent: ENX021_community-center-solar-power-quality-guardian.json::enx-021-optimize-dispatch::enx-021-optimize-dispatch-4 — lsp-1+scala-1 | cpp-1 then cpp-1+lsp-1+scala-1 then lsp-1+scala-1 | cpp-1
  intermittent: ENX021_community-center-solar-power-quality-guardian.json::enx-021-preventive-maintenance::enx-021-preventive-maintenance-4 — lsp-1+scala-1 | cpp-1 then cpp-1+lsp-1+scala-1 then cpp-1+lsp-1+scala-1
  intermittent: ENX021_community-center-solar-power-quality-guardian.json::enx-021-urgent-stabilize::enx-021-urgent-stabilize-4 — lsp-1+scala-1 | cpp-1 then cpp-1+lsp-1+scala-1 then cpp-1+lsp-1+scala-1
  intermittent: ENX022_community-center-solar-resilience-mode-router.json::enx-022-operating-window-ok::enx-022-operating-window-ok-4 — lsp-1+scala-1 | cpp-1 then cpp-1+lsp-1+scala-1 then lsp-1+scala-1 | cpp-1
  intermittent: ENX022_community-center-solar-resilience-mode-router.json::enx-022-optimize-dispatch::enx-022-optimize-dispatch-4 — lsp-1+scala-1 | cpp-1 then cpp-1+lsp-1+scala-1 then cpp-1+lsp-1+scala-1
  intermittent: ENX022_community-center-solar-resilience-mode-router.json::enx-022-preventive-maintenance::enx-022-preventive-maintenance-4 — lsp-1+scala-1 | cpp-1 then cpp-1+lsp-1+scala-1 then lsp-1+scala-1 | cpp-1
  intermittent: ENX022_community-center-solar-resilience-mode-router.json::enx-022-urgent-stabilize::enx-022-urgent-stabilize-4 — lsp-1+scala-1 | cpp-1 then cpp-1+lsp-1+scala-1 then cpp-1+lsp-1+scala-1
  intermittent: ENX023_community-center-solar-optimization-planner.json::enx-023-operating-window-ok::enx-023-operating-window-ok-4 — lsp-1+scala-1 | cpp-1 then lsp-1+scala-1 | cpp-1 then cpp-1+lsp-1+scala-1
  intermittent: ENX023_community-center-solar-optimization-planner.json::enx-023-preventive-maintenance::enx-023-preventive-maintenance-4 — lsp-1+scala-1 | cpp-1 then cpp-1+lsp-1+scala-1 then cpp-1+lsp-1+scala-1
  intermittent: ENX024_community-center-solar-safety-compliance-checker.json::enx-024-operating-window-ok::enx-024-operating-window-ok-4 — lsp-1+scala-1 | cpp-1 then cpp-1+lsp-1+scala-1 then lsp-1+scala-1 | cpp-1
  intermittent: ENX024_community-center-solar-safety-compliance-checker.json::enx-024-urgent-stabilize::enx-024-urgent-stabilize-4 — lsp-1+scala-1 | cpp-1 then cpp-1+lsp-1+scala-1 then lsp-1+scala-1 | cpp-1
  intermittent: ENX025_school-campus-solar-availability-monitor.json::enx-025-operating-window-ok::enx-025-operating-window-ok-4 — lsp-1+scala-1 | cpp-1 then cpp-1+lsp-1+scala-1 then lsp-1+scala-1 | cpp-1
  intermittent: ENX025_school-campus-solar-availability-monitor.json::enx-025-preventive-maintenance::enx-025-preventive-maintenance-4 — lsp-1+scala-1 | cpp-1 then cpp-1+lsp-1+scala-1 then lsp-1+scala-1 | cpp-1
  intermittent: ENX026_school-campus-solar-dispatch-controller.json::enx-026-operating-window-ok::enx-026-operating-window-ok-4 — lsp-1+scala-1 | cpp-1 then cpp-1+lsp-1+scala-1 then cpp-1+lsp-1+scala-1
  intermittent: ENX027_school-campus-solar-forecast-gatekeeper.json::enx-027-operating-window-ok::enx-027-operating-window-ok-4 — lsp-1+scala-1 | cpp-1 then lsp-1+scala-1 | cpp-1 then cpp-1+lsp-1+scala-1
  intermittent: ENX027_school-campus-solar-forecast-gatekeeper.json::enx-027-optimize-dispatch::enx-027-optimize-dispatch-4 — lsp-1+scala-1 | cpp-1 then cpp-1+lsp-1+scala-1 then lsp-1+scala-1 | cpp-1
  intermittent: ENX027_school-campus-solar-forecast-gatekeeper.json::enx-027-urgent-stabilize::enx-027-urgent-stabilize-4 — lsp-1+scala-1 | cpp-1 then cpp-1+lsp-1+scala-1 then cpp-1+lsp-1+scala-1
  intermittent: ENX028_school-campus-solar-maintenance-scheduler.json::enx-028-operating-window-ok::enx-028-operating-window-ok-4 — lsp-1+scala-1 | cpp-1 then lsp-1+scala-1 | cpp-1 then cpp-1+lsp-1+scala-1
  intermittent: ENX028_school-campus-solar-maintenance-scheduler.json::enx-028-optimize-dispatch::enx-028-optimize-dispatch-4 — lsp-1+scala-1 | cpp-1 then cpp-1+lsp-1+scala-1 then lsp-1+scala-1 | cpp-1
  intermittent: ENX028_school-campus-solar-maintenance-scheduler.json::enx-028-urgent-stabilize::enx-028-urgent-stabilize-4 — lsp-1+scala-1 | cpp-1 then lsp-1+scala-1 | cpp-1 then cpp-1+lsp-1+scala-1
  intermittent: ENX029_school-campus-solar-power-quality-guardian.json::enx-029-operating-window-ok::enx-029-operating-window-ok-4 — lsp-1+scala-1 | cpp-1 then cpp-1+lsp-1+scala-1 then lsp-1+scala-1 | cpp-1
  intermittent: ENX029_school-campus-solar-power-quality-guardian.json::enx-029-optimize-dispatch::enx-029-optimize-dispatch-4 — lsp-1+scala-1 | cpp-1 then cpp-1+lsp-1+scala-1 then lsp-1+scala-1 | cpp-1
  intermittent: ENX029_school-campus-solar-power-quality-guardian.json::enx-029-urgent-stabilize::enx-029-urgent-stabilize-4 — lsp-1+scala-1 | cpp-1 then cpp-1+lsp-1+scala-1 then lsp-1+scala-1 | cpp-1
  intermittent: ENX030_school-campus-solar-resilience-mode-router.json::enx-030-optimize-dispatch::enx-030-optimize-dispatch-4 — lsp-1+scala-1 | cpp-1 then lsp-1+scala-1 | cpp-1 then cpp-1+lsp-1+scala-1
  intermittent: ENX030_school-campus-solar-resilience-mode-router.json::enx-030-preventive-maintenance::enx-030-preventive-maintenance-4 — lsp-1+scala-1 | cpp-1 then cpp-1+lsp-1+scala-1 then lsp-1+scala-1 | cpp-1
  intermittent: ENX031_school-campus-solar-optimization-planner.json::enx-031-operating-window-ok::enx-031-operating-window-ok-4 — lsp-1+scala-1 | cpp-1 then lsp-1+scala-1 | cpp-1 then cpp-1+lsp-1+scala-1
  intermittent: ENX031_school-campus-solar-optimization-planner.json::enx-031-optimize-dispatch::enx-031-optimize-dispatch-4 — lsp-1+scala-1 | cpp-1 then cpp-1+lsp-1+scala-1 then lsp-1+scala-1 | cpp-1
  intermittent: ENX031_school-campus-solar-optimization-planner.json::enx-031-urgent-stabilize::enx-031-urgent-stabilize-4 — lsp-1+scala-1 | cpp-1 then cpp-1+lsp-1+scala-1 then cpp-1+lsp-1+scala-1
  intermittent: ENX032_school-campus-solar-safety-compliance-checker.json::enx-032-preventive-maintenance::enx-032-preventive-maintenance-4 — lsp-1+scala-1 | cpp-1 then cpp-1+lsp-1+scala-1 then lsp-1+scala-1 | cpp-1
  intermittent: ENX032_school-campus-solar-safety-compliance-checker.json::enx-032-urgent-stabilize::enx-032-urgent-stabilize-4 — lsp-1+scala-1 | cpp-1 then cpp-1+lsp-1+scala-1 then lsp-1+scala-1 | cpp-1
  intermittent: ENX033_ground-mount-solar-field-availability-monitor.json::enx-033-preventive-maintenance::enx-033-preventive-maintenance-4 — lsp-1+scala-1 | cpp-1 then cpp-1+lsp-1+scala-1 then lsp-1+scala-1 | cpp-1
  intermittent: ENX033_ground-mount-solar-field-availability-monitor.json::enx-033-urgent-stabilize::enx-033-urgent-stabilize-4 — lsp-1+scala-1 | cpp-1 then cpp-1+lsp-1+scala-1 then lsp-1+scala-1 | cpp-1
  intermittent: ENX034_ground-mount-solar-field-dispatch-controller.json::enx-034-operating-window-ok::enx-034-operating-window-ok-4 — lsp-1+scala-1 | cpp-1 then cpp-1+lsp-1+scala-1 then lsp-1+scala-1 | cpp-1
  intermittent: ENX035_ground-mount-solar-field-forecast-gatekeeper.json::enx-035-preventive-maintenance::enx-035-preventive-maintenance-4 — lsp-1+scala-1 | cpp-1 then cpp-1+lsp-1+scala-1 then lsp-1+scala-1 | cpp-1
  intermittent: ENX036_ground-mount-solar-field-maintenance-scheduler.json::enx-036-operating-window-ok::enx-036-operating-window-ok-4 — lsp-1+scala-1 | cpp-1 then cpp-1+lsp-1+scala-1 then lsp-1+scala-1 | cpp-1
  intermittent: ENX036_ground-mount-solar-field-maintenance-scheduler.json::enx-036-preventive-maintenance::enx-036-preventive-maintenance-4 — lsp-1+scala-1 | cpp-1 then lsp-1+scala-1 | cpp-1 then cpp-1+lsp-1+scala-1
  intermittent: ENX036_ground-mount-solar-field-maintenance-scheduler.json::enx-036-urgent-stabilize::enx-036-urgent-stabilize-4 — lsp-1+scala-1 | cpp-1 then cpp-1+lsp-1+scala-1 then lsp-1+scala-1 | cpp-1
  intermittent: ENX037_ground-mount-solar-field-power-quality-guardian.json::enx-037-operating-window-ok::enx-037-operating-window-ok-4 — lsp-1+scala-1 | cpp-1 then cpp-1+lsp-1+scala-1 then lsp-1+scala-1 | cpp-1
  intermittent: ENX037_ground-mount-solar-field-power-quality-guardian.json::enx-037-optimize-dispatch::enx-037-optimize-dispatch-4 — lsp-1+scala-1 | cpp-1 then cpp-1+lsp-1+scala-1 then lsp-1+scala-1 | cpp-1
  intermittent: ENX038_ground-mount-solar-field-resilience-mode-router.json::enx-038-operating-window-ok::enx-038-operating-window-ok-4 — lsp-1+scala-1 | cpp-1 then cpp-1+lsp-1+scala-1 then lsp-1+scala-1 | cpp-1
  intermittent: ENX038_ground-mount-solar-field-resilience-mode-router.json::enx-038-preventive-maintenance::enx-038-preventive-maintenance-4 — lsp-1+scala-1 | cpp-1 then cpp-1+lsp-1+scala-1 then lsp-1+scala-1 | cpp-1
  intermittent: ENX039_ground-mount-solar-field-optimization-planner.json::enx-039-optimize-dispatch::enx-039-optimize-dispatch-4 — lsp-1+scala-1 | cpp-1 then cpp-1+lsp-1+scala-1 then lsp-1+scala-1 | cpp-1
  intermittent: ENX039_ground-mount-solar-field-optimization-planner.json::enx-039-preventive-maintenance::enx-039-preventive-maintenance-4 — lsp-1+scala-1 | cpp-1 then cpp-1+lsp-1+scala-1 then lsp-1+scala-1 | cpp-1
  intermittent: ENX040_ground-mount-solar-field-safety-compliance-checker.json::enx-040-optimize-dispatch::enx-040-optimize-dispatch-4 — lsp-1+scala-1 | cpp-1 then cpp-1+lsp-1+scala-1 then lsp-1+scala-1 | cpp-1
  intermittent: ENX040_ground-mount-solar-field-safety-compliance-checker.json::enx-040-preventive-maintenance::enx-040-preventive-maintenance-4 — lsp-1+scala-1 | cpp-1 then lsp-1+scala-1 | cpp-1 then cpp-1+lsp-1+scala-1
  intermittent: ENX040_ground-mount-solar-field-safety-compliance-checker.json::enx-040-urgent-stabilize::enx-040-urgent-stabilize-4 — lsp-1+scala-1 | cpp-1 then cpp-1+lsp-1+scala-1 then lsp-1+scala-1 | cpp-1
  intermittent: ENX041_solar-inverter-bank-availability-monitor.json::enx-041-operating-window-ok::enx-041-operating-window-ok-4 — lsp-1+scala-1 | cpp-1 then lsp-1+scala-1 | cpp-1 then cpp-1+lsp-1+scala-1
  intermittent: ENX041_solar-inverter-bank-availability-monitor.json::enx-041-preventive-maintenance::enx-041-preventive-maintenance-4 — lsp-1+scala-1 | cpp-1 then cpp-1+lsp-1+scala-1 then cpp-1+lsp-1+scala-1
  intermittent: ENX041_solar-inverter-bank-availability-monitor.json::enx-041-urgent-stabilize::enx-041-urgent-stabilize-4 — lsp-1+scala-1 | cpp-1 then cpp-1+lsp-1+scala-1 then cpp-1+lsp-1+scala-1
  intermittent: ENX042_solar-inverter-bank-dispatch-controller.json::enx-042-urgent-stabilize::enx-042-urgent-stabilize-4 — lsp-1+scala-1 | cpp-1 then lsp-1+scala-1 | cpp-1 then cpp-1+lsp-1+scala-1
  intermittent: ENX043_solar-inverter-bank-forecast-gatekeeper.json::enx-043-preventive-maintenance::enx-043-preventive-maintenance-4 — lsp-1+scala-1 | cpp-1 then cpp-1+lsp-1+scala-1 then cpp-1+lsp-1+scala-1
  intermittent: ENX043_solar-inverter-bank-forecast-gatekeeper.json::enx-043-urgent-stabilize::enx-043-urgent-stabilize-4 — lsp-1+scala-1 | cpp-1 then lsp-1+scala-1 | cpp-1 then cpp-1+lsp-1+scala-1
  intermittent: ENX044_solar-inverter-bank-maintenance-scheduler.json::enx-044-operating-window-ok::enx-044-operating-window-ok-4 — lsp-1+scala-1 | cpp-1 then cpp-1+lsp-1+scala-1 then cpp-1+lsp-1+scala-1
  intermittent: ENX044_solar-inverter-bank-maintenance-scheduler.json::enx-044-optimize-dispatch::enx-044-optimize-dispatch-4 — lsp-1+scala-1 | cpp-1 then lsp-1+scala-1 | cpp-1 then cpp-1+lsp-1+scala-1
  intermittent: ENX044_solar-inverter-bank-maintenance-scheduler.json::enx-044-preventive-maintenance::enx-044-preventive-maintenance-4 — lsp-1+scala-1 | cpp-1 then cpp-1+lsp-1+scala-1 then cpp-1+lsp-1+scala-1
  intermittent: ENX044_solar-inverter-bank-maintenance-scheduler.json::enx-044-urgent-stabilize::enx-044-urgent-stabilize-4 — lsp-1+scala-1 | cpp-1 then cpp-1+lsp-1+scala-1 then cpp-1+lsp-1+scala-1
  intermittent: ENX045_solar-inverter-bank-power-quality-guardian.json::enx-045-operating-window-ok::enx-045-operating-window-ok-4 — lsp-1+scala-1 | cpp-1 then cpp-1+lsp-1+scala-1 then lsp-1+scala-1 | cpp-1
  intermittent: ENX047_solar-inverter-bank-optimization-planner.json::enx-047-preventive-maintenance::enx-047-preventive-maintenance-4 — lsp-1+scala-1 | cpp-1 then cpp-1+lsp-1+scala-1 then lsp-1+scala-1 | cpp-1
  intermittent: ENX047_solar-inverter-bank-optimization-planner.json::enx-047-urgent-stabilize::enx-047-urgent-stabilize-4 — lsp-1+scala-1 | cpp-1 then cpp-1+lsp-1+scala-1 then cpp-1+lsp-1+scala-1
  intermittent: ENX048_solar-inverter-bank-safety-compliance-checker.json::enx-048-operating-window-ok::enx-048-operating-window-ok-4 — lsp-1+scala-1 | cpp-1 then cpp-1+lsp-1+scala-1 then cpp-1+lsp-1+scala-1
  intermittent: ENX048_solar-inverter-bank-safety-compliance-checker.json::enx-048-optimize-dispatch::enx-048-optimize-dispatch-4 — lsp-1+scala-1 | cpp-1 then lsp-1+scala-1 | cpp-1 then cpp-1+lsp-1+scala-1
  intermittent: ENX049_solar-string-combiner-availability-monitor.json::enx-049-preventive-maintenance::enx-049-preventive-maintenance-4 — lsp-1+scala-1 | cpp-1 then cpp-1+lsp-1+scala-1 then lsp-1+scala-1 | cpp-1
  intermittent: ENX049_solar-string-combiner-availability-monitor.json::enx-049-urgent-stabilize::enx-049-urgent-stabilize-4 — lsp-1+scala-1 | cpp-1 then cpp-1+lsp-1+scala-1 then cpp-1+lsp-1+scala-1
  intermittent: ENX050_solar-string-combiner-dispatch-controller.json::enx-050-operating-window-ok::enx-050-operating-window-ok-4 — lsp-1+scala-1 | cpp-1 then lsp-1+scala-1 | cpp-1 then cpp-1+lsp-1+scala-1
  intermittent: ENX050_solar-string-combiner-dispatch-controller.json::enx-050-optimize-dispatch::enx-050-optimize-dispatch-4 — lsp-1+scala-1 | cpp-1 then lsp-1+scala-1 | cpp-1 then cpp-1+lsp-1+scala-1
  intermittent: ENX051_solar-string-combiner-forecast-gatekeeper.json::enx-051-operating-window-ok::enx-051-operating-window-ok-4 — lsp-1+scala-1 | cpp-1 then lsp-1+scala-1 | cpp-1 then cpp-1+lsp-1+scala-1
  intermittent: ENX052_solar-string-combiner-maintenance-scheduler.json::enx-052-operating-window-ok::enx-052-operating-window-ok-4 — lsp-1+scala-1 | cpp-1 then lsp-1+scala-1 | cpp-1 then cpp-1+lsp-1+scala-1
  intermittent: ENX052_solar-string-combiner-maintenance-scheduler.json::enx-052-preventive-maintenance::enx-052-preventive-maintenance-4 — lsp-1+scala-1 | cpp-1 then cpp-1+lsp-1+scala-1 then cpp-1+lsp-1+scala-1
  intermittent: ENX053_solar-string-combiner-power-quality-guardian.json::enx-053-operating-window-ok::enx-053-operating-window-ok-4 — lsp-1+scala-1 | cpp-1 then cpp-1+lsp-1+scala-1 then cpp-1+lsp-1+scala-1
  intermittent: ENX054_solar-string-combiner-resilience-mode-router.json::enx-054-operating-window-ok::enx-054-operating-window-ok-4 — lsp-1+scala-1 | cpp-1 then cpp-1+lsp-1+scala-1 then lsp-1+scala-1 | cpp-1
  intermittent: ENX054_solar-string-combiner-resilience-mode-router.json::enx-054-optimize-dispatch::enx-054-optimize-dispatch-4 — lsp-1+scala-1 | cpp-1 then lsp-1+scala-1 | cpp-1 then cpp-1+lsp-1+scala-1
  intermittent: ENX055_solar-string-combiner-optimization-planner.json::enx-055-preventive-maintenance::enx-055-preventive-maintenance-4 — lsp-1+scala-1 | cpp-1 then cpp-1+lsp-1+scala-1 then cpp-1+lsp-1+scala-1
  intermittent: ENX056_solar-string-combiner-safety-compliance-checker.json::enx-056-urgent-stabilize::enx-056-urgent-stabilize-4 — lsp-1+scala-1 | cpp-1 then lsp-1+scala-1 | cpp-1 then cpp-1+lsp-1+scala-1
  intermittent: ENX057_solar-soiling-and-wash-crew-availability-monitor.json::enx-057-urgent-stabilize::enx-057-urgent-stabilize-4 — lsp-1+scala-1 | cpp-1 then lsp-1+scala-1 | cpp-1 then cpp-1+lsp-1+scala-1
  intermittent: ENX058_solar-soiling-and-wash-crew-dispatch-controller.json::enx-058-operating-window-ok::enx-058-operating-window-ok-4 — lsp-1+scala-1 | cpp-1 then cpp-1+lsp-1+scala-1 then cpp-1+lsp-1+scala-1
  intermittent: ENX058_solar-soiling-and-wash-crew-dispatch-controller.json::enx-058-preventive-maintenance::enx-058-preventive-maintenance-4 — lsp-1+scala-1 | cpp-1 then cpp-1+lsp-1+scala-1 then cpp-1+lsp-1+scala-1
  intermittent: ENX058_solar-soiling-and-wash-crew-dispatch-controller.json::enx-058-urgent-stabilize::enx-058-urgent-stabilize-4 — lsp-1+scala-1 | cpp-1 then lsp-1+scala-1 | cpp-1 then cpp-1+lsp-1+scala-1
  intermittent: ENX059_solar-soiling-and-wash-crew-forecast-gatekeeper.json::enx-059-optimize-dispatch::enx-059-optimize-dispatch-4 — lsp-1+scala-1 | cpp-1 then lsp-1+scala-1 | cpp-1 then cpp-1+lsp-1+scala-1
  intermittent: ENX059_solar-soiling-and-wash-crew-forecast-gatekeeper.json::enx-059-preventive-maintenance::enx-059-preventive-maintenance-4 — lsp-1+scala-1 | cpp-1 then lsp-1+scala-1 | cpp-1 then cpp-1+lsp-1+scala-1
  intermittent: ENX059_solar-soiling-and-wash-crew-forecast-gatekeeper.json::enx-059-urgent-stabilize::enx-059-urgent-stabilize-4 — lsp-1+scala-1 | cpp-1 then cpp-1+lsp-1+scala-1 then cpp-1+lsp-1+scala-1
  intermittent: ENX060_solar-soiling-and-wash-crew-maintenance-scheduler.json::enx-060-urgent-stabilize::enx-060-urgent-stabilize-4 — lsp-1+scala-1 | cpp-1 then cpp-1+lsp-1+scala-1 then cpp-1+lsp-1+scala-1
  intermittent: ENX061_solar-soiling-and-wash-crew-power-quality-guardian.json::enx-061-operating-window-ok::enx-061-operating-window-ok-4 — lsp-1+scala-1 | cpp-1 then lsp-1+scala-1 | cpp-1 then cpp-1+lsp-1+scala-1
  intermittent: ENX061_solar-soiling-and-wash-crew-power-quality-guardian.json::enx-061-preventive-maintenance::enx-061-preventive-maintenance-4 — lsp-1+scala-1 | cpp-1 then lsp-1+scala-1 | cpp-1 then cpp-1+lsp-1+scala-1
  intermittent: ENX062_solar-soiling-and-wash-crew-resilience-mode-router.json::enx-062-operating-window-ok::enx-062-operating-window-ok-4 — lsp-1+scala-1 | cpp-1 then lsp-1+scala-1 | cpp-1 then cpp-1+lsp-1+scala-1
  intermittent: ENX062_solar-soiling-and-wash-crew-resilience-mode-router.json::enx-062-optimize-dispatch::enx-062-optimize-dispatch-4 — lsp-1+scala-1 | cpp-1 then lsp-1+scala-1 | cpp-1 then cpp-1+lsp-1+scala-1
  intermittent: ENX062_solar-soiling-and-wash-crew-resilience-mode-router.json::enx-062-urgent-stabilize::enx-062-urgent-stabilize-4 — lsp-1+scala-1 | cpp-1 then lsp-1+scala-1 | cpp-1 then cpp-1+lsp-1+scala-1
  intermittent: ENX063_solar-soiling-and-wash-crew-optimization-planner.json::enx-063-operating-window-ok::enx-063-operating-window-ok-4 — lsp-1+scala-1 | cpp-1 then lsp-1+scala-1 | cpp-1 then cpp-1+lsp-1+scala-1
  intermittent: ENX063_solar-soiling-and-wash-crew-optimization-planner.json::enx-063-optimize-dispatch::enx-063-optimize-dispatch-4 — lsp-1+scala-1 | cpp-1 then cpp-1+lsp-1+scala-1 then cpp-1+lsp-1+scala-1
  intermittent: ENX063_solar-soiling-and-wash-crew-optimization-planner.json::enx-063-urgent-stabilize::enx-063-urgent-stabilize-4 — lsp-1+scala-1 | cpp-1 then cpp-1+lsp-1+scala-1 then cpp-1+lsp-1+scala-1
  intermittent: ENX065_battery-container-rack-availability-monitor.json::enx-065-optimize-dispatch::enx-065-optimize-dispatch-4 — lsp-1+scala-1 | cpp-1 then cpp-1+lsp-1+scala-1 then lsp-1+scala-1 | cpp-1
  intermittent: ENX066_battery-container-rack-dispatch-controller.json::enx-066-operating-window-ok::enx-066-operating-window-ok-4 — lsp-1+scala-1 | cpp-1 then lsp-1+scala-1 | cpp-1 then cpp-1+lsp-1+scala-1
  intermittent: ENX067_battery-container-rack-forecast-gatekeeper.json::enx-067-optimize-dispatch::enx-067-optimize-dispatch-4 — lsp-1+scala-1 | cpp-1 then cpp-1+lsp-1+scala-1 then cpp-1+lsp-1+scala-1
  intermittent: ENX067_battery-container-rack-forecast-gatekeeper.json::enx-067-preventive-maintenance::enx-067-preventive-maintenance-4 — lsp-1+scala-1 | cpp-1 then cpp-1+lsp-1+scala-1 then cpp-1+lsp-1+scala-1
  intermittent: ENX068_battery-container-rack-maintenance-scheduler.json::enx-068-operating-window-ok::enx-068-operating-window-ok-4 — lsp-1+scala-1 | cpp-1 then lsp-1+scala-1 | cpp-1 then cpp-1+lsp-1+scala-1
  intermittent: ENX068_battery-container-rack-maintenance-scheduler.json::enx-068-preventive-maintenance::enx-068-preventive-maintenance-4 — lsp-1+scala-1 | cpp-1 then lsp-1+scala-1 | cpp-1 then cpp-1+lsp-1+scala-1
  intermittent: ENX068_battery-container-rack-maintenance-scheduler.json::enx-068-urgent-stabilize::enx-068-urgent-stabilize-4 — lsp-1+scala-1 | cpp-1 then cpp-1+lsp-1+scala-1 then cpp-1+lsp-1+scala-1
  intermittent: ENX069_battery-container-rack-power-quality-guardian.json::enx-069-optimize-dispatch::enx-069-optimize-dispatch-4 — lsp-1+scala-1 | cpp-1 then cpp-1+lsp-1+scala-1 then cpp-1+lsp-1+scala-1
  intermittent: ENX070_battery-container-rack-resilience-mode-router.json::enx-070-urgent-stabilize::enx-070-urgent-stabilize-4 — lsp-1+scala-1 | cpp-1 then lsp-1+scala-1 | cpp-1 then cpp-1+lsp-1+scala-1
  intermittent: ENX072_battery-container-rack-safety-compliance-checker.json::enx-072-optimize-dispatch::enx-072-optimize-dispatch-4 — lsp-1+scala-1 | cpp-1 then cpp-1+lsp-1+scala-1 then cpp-1+lsp-1+scala-1
  intermittent: ENX072_battery-container-rack-safety-compliance-checker.json::enx-072-urgent-stabilize::enx-072-urgent-stabilize-4 — lsp-1+scala-1 | cpp-1 then cpp-1+lsp-1+scala-1 then lsp-1+scala-1 | cpp-1
  intermittent: ENX073_battery-bms-cell-balance-availability-monitor.json::enx-073-preventive-maintenance::enx-073-preventive-maintenance-4 — lsp-1+scala-1 | cpp-1 then lsp-1+scala-1 | cpp-1 then cpp-1+lsp-1+scala-1
  intermittent: ENX073_battery-bms-cell-balance-availability-monitor.json::enx-073-urgent-stabilize::enx-073-urgent-stabilize-4 — lsp-1+scala-1 | cpp-1 then lsp-1+scala-1 | cpp-1 then cpp-1+lsp-1+scala-1
  intermittent: ENX074_battery-bms-cell-balance-dispatch-controller.json::enx-074-operating-window-ok::enx-074-operating-window-ok-4 — lsp-1+scala-1 | cpp-1 then lsp-1+scala-1 | cpp-1 then cpp-1+lsp-1+scala-1
  intermittent: ENX074_battery-bms-cell-balance-dispatch-controller.json::enx-074-urgent-stabilize::enx-074-urgent-stabilize-4 — lsp-1+scala-1 | cpp-1 then lsp-1+scala-1 | cpp-1 then cpp-1+lsp-1+scala-1
  intermittent: ENX075_battery-bms-cell-balance-forecast-gatekeeper.json::enx-075-optimize-dispatch::enx-075-optimize-dispatch-4 — lsp-1+scala-1 | cpp-1 then cpp-1+lsp-1+scala-1 then cpp-1+lsp-1+scala-1
  intermittent: ENX075_battery-bms-cell-balance-forecast-gatekeeper.json::enx-075-preventive-maintenance::enx-075-preventive-maintenance-4 — lsp-1+scala-1 | cpp-1 then lsp-1+scala-1 | cpp-1 then cpp-1+lsp-1+scala-1
  intermittent: ENX076_battery-bms-cell-balance-maintenance-scheduler.json::enx-076-operating-window-ok::enx-076-operating-window-ok-4 — lsp-1+scala-1 | cpp-1 then lsp-1+scala-1 | cpp-1 then cpp-1+lsp-1+scala-1
  intermittent: ENX076_battery-bms-cell-balance-maintenance-scheduler.json::enx-076-optimize-dispatch::enx-076-optimize-dispatch-4 — lsp-1+scala-1 | cpp-1 then lsp-1+scala-1 | cpp-1 then cpp-1+lsp-1+scala-1
  intermittent: ENX076_battery-bms-cell-balance-maintenance-scheduler.json::enx-076-preventive-maintenance::enx-076-preventive-maintenance-4 — lsp-1+scala-1 | cpp-1 then cpp-1+lsp-1+scala-1 then cpp-1+lsp-1+scala-1
  intermittent: ENX077_battery-bms-cell-balance-power-quality-guardian.json::enx-077-optimize-dispatch::enx-077-optimize-dispatch-4 — lsp-1+scala-1 | cpp-1 then cpp-1+lsp-1+scala-1 then cpp-1+lsp-1+scala-1
  intermittent: ENX077_battery-bms-cell-balance-power-quality-guardian.json::enx-077-preventive-maintenance::enx-077-preventive-maintenance-4 — lsp-1+scala-1 | cpp-1 then lsp-1+scala-1 | cpp-1 then cpp-1+lsp-1+scala-1
  intermittent: ENX077_battery-bms-cell-balance-power-quality-guardian.json::enx-077-urgent-stabilize::enx-077-urgent-stabilize-4 — lsp-1+scala-1 | cpp-1 then cpp-1+lsp-1+scala-1 then lsp-1+scala-1 | cpp-1
  intermittent: ENX078_battery-bms-cell-balance-resilience-mode-router.json::enx-078-optimize-dispatch::enx-078-optimize-dispatch-4 — lsp-1+scala-1 | cpp-1 then cpp-1+lsp-1+scala-1 then cpp-1+lsp-1+scala-1
  intermittent: ENX078_battery-bms-cell-balance-resilience-mode-router.json::enx-078-preventive-maintenance::enx-078-preventive-maintenance-4 — lsp-1+scala-1 | cpp-1 then cpp-1+lsp-1+scala-1 then cpp-1+lsp-1+scala-1
  intermittent: ENX078_battery-bms-cell-balance-resilience-mode-router.json::enx-078-urgent-stabilize::enx-078-urgent-stabilize-4 — lsp-1+scala-1 | cpp-1 then cpp-1+lsp-1+scala-1 then cpp-1+lsp-1+scala-1
  intermittent: ENX080_battery-bms-cell-balance-safety-compliance-checker.json::enx-080-optimize-dispatch::enx-080-optimize-dispatch-4 — lsp-1+scala-1 | cpp-1 then cpp-1+lsp-1+scala-1 then cpp-1+lsp-1+scala-1
  intermittent: ENX080_battery-bms-cell-balance-safety-compliance-checker.json::enx-080-preventive-maintenance::enx-080-preventive-maintenance-4 — lsp-1+scala-1 | cpp-1 then cpp-1+lsp-1+scala-1 then lsp-1+scala-1 | cpp-1
  intermittent: ENX081_battery-thermal-management-availability-monitor.json::enx-081-operating-window-ok::enx-081-operating-window-ok-4 — lsp-1+scala-1 | cpp-1 then lsp-1+scala-1 | cpp-1 then cpp-1+lsp-1+scala-1
  intermittent: ENX081_battery-thermal-management-availability-monitor.json::enx-081-optimize-dispatch::enx-081-optimize-dispatch-4 — lsp-1+scala-1 | cpp-1 then lsp-1+scala-1 | cpp-1 then cpp-1+lsp-1+scala-1
  intermittent: ENX082_battery-thermal-management-dispatch-controller.json::enx-082-optimize-dispatch::enx-082-optimize-dispatch-4 — lsp-1+scala-1 | cpp-1 then cpp-1+lsp-1+scala-1 then cpp-1+lsp-1+scala-1
  intermittent: ENX082_battery-thermal-management-dispatch-controller.json::enx-082-preventive-maintenance::enx-082-preventive-maintenance-4 — lsp-1+scala-1 | cpp-1 then lsp-1+scala-1 | cpp-1 then cpp-1+lsp-1+scala-1
  intermittent: ENX083_battery-thermal-management-forecast-gatekeeper.json::enx-083-optimize-dispatch::enx-083-optimize-dispatch-4 — lsp-1+scala-1 | cpp-1 then cpp-1+lsp-1+scala-1 then cpp-1+lsp-1+scala-1
  intermittent: ENX083_battery-thermal-management-forecast-gatekeeper.json::enx-083-preventive-maintenance::enx-083-preventive-maintenance-4 — lsp-1+scala-1 | cpp-1 then cpp-1+lsp-1+scala-1 then cpp-1+lsp-1+scala-1
  intermittent: ENX084_battery-thermal-management-maintenance-scheduler.json::enx-084-urgent-stabilize::enx-084-urgent-stabilize-4 — lsp-1+scala-1 | cpp-1 then cpp-1+lsp-1+scala-1 then lsp-1+scala-1 | cpp-1
  intermittent: ENX085_battery-thermal-management-power-quality-guardian.json::enx-085-optimize-dispatch::enx-085-optimize-dispatch-4 — lsp-1+scala-1 | cpp-1 then cpp-1+lsp-1+scala-1 then cpp-1+lsp-1+scala-1
  intermittent: ENX085_battery-thermal-management-power-quality-guardian.json::enx-085-preventive-maintenance::enx-085-preventive-maintenance-4 — lsp-1+scala-1 | cpp-1 then lsp-1+scala-1 | cpp-1 then cpp-1+lsp-1+scala-1
  intermittent: ENX086_battery-thermal-management-resilience-mode-router.json::enx-086-optimize-dispatch::enx-086-optimize-dispatch-4 — lsp-1+scala-1 | cpp-1 then cpp-1+lsp-1+scala-1 then cpp-1+lsp-1+scala-1
  intermittent: ENX086_battery-thermal-management-resilience-mode-router.json::enx-086-preventive-maintenance::enx-086-preventive-maintenance-4 — lsp-1+scala-1 | cpp-1 then lsp-1+scala-1 | cpp-1 then cpp-1+lsp-1+scala-1
  intermittent: ENX086_battery-thermal-management-resilience-mode-router.json::enx-086-urgent-stabilize::enx-086-urgent-stabilize-4 — lsp-1+scala-1 | cpp-1 then cpp-1+lsp-1+scala-1 then cpp-1+lsp-1+scala-1
  intermittent: ENX087_battery-thermal-management-optimization-planner.json::enx-087-optimize-dispatch::enx-087-optimize-dispatch-4 — lsp-1+scala-1 | cpp-1 then cpp-1+lsp-1+scala-1 then cpp-1+lsp-1+scala-1
  intermittent: ENX088_battery-thermal-management-safety-compliance-checker.json::enx-088-operating-window-ok::enx-088-operating-window-ok-4 — lsp-1+scala-1 | cpp-1 then cpp-1+lsp-1+scala-1 then cpp-1+lsp-1+scala-1
  intermittent: ENX088_battery-thermal-management-safety-compliance-checker.json::enx-088-optimize-dispatch::enx-088-optimize-dispatch-4 — lsp-1+scala-1 | cpp-1 then lsp-1+scala-1 | cpp-1 then cpp-1+lsp-1+scala-1
  intermittent: ENX089_battery-fire-safety-loop-availability-monitor.json::enx-089-preventive-maintenance::enx-089-preventive-maintenance-4 — lsp-1+scala-1 | cpp-1 then cpp-1+lsp-1+scala-1 then cpp-1+lsp-1+scala-1
  intermittent: ENX089_battery-fire-safety-loop-availability-monitor.json::enx-089-urgent-stabilize::enx-089-urgent-stabilize-4 — lsp-1+scala-1 | cpp-1 then cpp-1+lsp-1+scala-1 then cpp-1+lsp-1+scala-1
  intermittent: ENX090_battery-fire-safety-loop-dispatch-controller.json::enx-090-optimize-dispatch::enx-090-optimize-dispatch-4 — lsp-1+scala-1 | cpp-1 then lsp-1+scala-1 | cpp-1 then cpp-1+lsp-1+scala-1
  intermittent: ENX090_battery-fire-safety-loop-dispatch-controller.json::enx-090-urgent-stabilize::enx-090-urgent-stabilize-4 — lsp-1+scala-1 | cpp-1 then cpp-1+lsp-1+scala-1 then lsp-1+scala-1 | cpp-1
  intermittent: ENX091_battery-fire-safety-loop-forecast-gatekeeper.json::enx-091-optimize-dispatch::enx-091-optimize-dispatch-4 — lsp-1+scala-1 | cpp-1 then lsp-1+scala-1 | cpp-1 then cpp-1+lsp-1+scala-1
  intermittent: ENX093_battery-fire-safety-loop-power-quality-guardian.json::enx-093-operating-window-ok::enx-093-operating-window-ok-4 — lsp-1+scala-1 | cpp-1 then lsp-1+scala-1 | cpp-1 then cpp-1+lsp-1+scala-1
  intermittent: ENX094_battery-fire-safety-loop-resilience-mode-router.json::enx-094-operating-window-ok::enx-094-operating-window-ok-4 — lsp-1+scala-1 | cpp-1 then lsp-1+scala-1 | cpp-1 then cpp-1+lsp-1+scala-1
  intermittent: ENX095_battery-fire-safety-loop-optimization-planner.json::enx-095-operating-window-ok::enx-095-operating-window-ok-4 — lsp-1+scala-1 | cpp-1 then lsp-1+scala-1 | cpp-1 then cpp-1+lsp-1+scala-1
  intermittent: ENX095_battery-fire-safety-loop-optimization-planner.json::enx-095-optimize-dispatch::enx-095-optimize-dispatch-4 — lsp-1+scala-1 | cpp-1 then lsp-1+scala-1 | cpp-1 then cpp-1+lsp-1+scala-1
  intermittent: ENX095_battery-fire-safety-loop-optimization-planner.json::enx-095-preventive-maintenance::enx-095-preventive-maintenance-4 — lsp-1+scala-1 | cpp-1 then cpp-1+lsp-1+scala-1 then cpp-1+lsp-1+scala-1
  intermittent: ENX097_battery-state-of-charge-reserve-availability-monitor.json::enx-097-operating-window-ok::enx-097-operating-window-ok-4 — lsp-1+scala-1 | cpp-1 then cpp-1+lsp-1+scala-1 then cpp-1+lsp-1+scala-1
  intermittent: ENX097_battery-state-of-charge-reserve-availability-monitor.json::enx-097-urgent-stabilize::enx-097-urgent-stabilize-4 — lsp-1+scala-1 | cpp-1 then cpp-1+lsp-1+scala-1 then cpp-1+lsp-1+scala-1
  intermittent: ENX098_battery-state-of-charge-reserve-dispatch-controller.json::enx-098-optimize-dispatch::enx-098-optimize-dispatch-4 — lsp-1+scala-1 | cpp-1 then cpp-1+lsp-1+scala-1 then lsp-1+scala-1 | cpp-1
  intermittent: ENX098_battery-state-of-charge-reserve-dispatch-controller.json::enx-098-urgent-stabilize::enx-098-urgent-stabilize-4 — lsp-1+scala-1 | cpp-1 then lsp-1+scala-1 | cpp-1 then cpp-1+lsp-1+scala-1
  intermittent: ENX100_battery-state-of-charge-reserve-maintenance-scheduler.json::enx-100-urgent-stabilize::enx-100-urgent-stabilize-4 — lsp-1+scala-1 | cpp-1 then lsp-1+scala-1 | cpp-1 then cpp-1+lsp-1+scala-1
  intermittent: ENX103_battery-state-of-charge-reserve-optimization-planner.json::enx-103-urgent-stabilize::enx-103-urgent-stabilize-4 — lsp-1+scala-1 | cpp-1 then lsp-1+scala-1 | cpp-1 then cpp-1+lsp-1+scala-1
  intermittent: ENX105_microgrid-point-of-common-coupling-availability-monitor.json::enx-105-urgent-stabilize::enx-105-urgent-stabilize-4 — lsp-1+scala-1 | cpp-1 then cpp-1+lsp-1+scala-1 then cpp-1+lsp-1+scala-1
  intermittent: ENX106_microgrid-point-of-common-coupling-dispatch-controller.json::enx-106-optimize-dispatch::enx-106-optimize-dispatch-4 — lsp-1+scala-1 | cpp-1 then cpp-1+lsp-1+scala-1 then lsp-1+scala-1 | cpp-1
  intermittent: ENX106_microgrid-point-of-common-coupling-dispatch-controller.json::enx-106-preventive-maintenance::enx-106-preventive-maintenance-4 — lsp-1+scala-1 | cpp-1 then lsp-1+scala-1 | cpp-1 then cpp-1+lsp-1+scala-1
  intermittent: ENX107_microgrid-point-of-common-coupling-forecast-gatekeeper.json::enx-107-preventive-maintenance::enx-107-preventive-maintenance-4 — lsp-1+scala-1 | cpp-1 then cpp-1+lsp-1+scala-1 then cpp-1+lsp-1+scala-1
  intermittent: ENX107_microgrid-point-of-common-coupling-forecast-gatekeeper.json::enx-107-urgent-stabilize::enx-107-urgent-stabilize-4 — lsp-1+scala-1 | cpp-1 then cpp-1+lsp-1+scala-1 then lsp-1+scala-1 | cpp-1
  intermittent: ENX108_microgrid-point-of-common-coupling-maintenance-scheduler.json::enx-108-urgent-stabilize::enx-108-urgent-stabilize-4 — lsp-1+scala-1 | cpp-1 then lsp-1+scala-1 | cpp-1 then cpp-1+lsp-1+scala-1
  intermittent: ENX110_microgrid-point-of-common-coupling-resilience-mode-router.json::enx-110-operating-window-ok::enx-110-operating-window-ok-4 — lsp-1+scala-1 | cpp-1 then lsp-1+scala-1 | cpp-1 then cpp-1+lsp-1+scala-1
  intermittent: ENX110_microgrid-point-of-common-coupling-resilience-mode-router.json::enx-110-preventive-maintenance::enx-110-preventive-maintenance-4 — lsp-1+scala-1 | cpp-1 then cpp-1+lsp-1+scala-1 then lsp-1+scala-1 | cpp-1
  intermittent: ENX111_microgrid-point-of-common-coupling-optimization-planner.json::enx-111-preventive-maintenance::enx-111-preventive-maintenance-4 — lsp-1+scala-1 | cpp-1 then lsp-1+scala-1 | cpp-1 then cpp-1+lsp-1+scala-1
  intermittent: ENX112_microgrid-point-of-common-coupling-safety-compliance-checker.json::enx-112-operating-window-ok::enx-112-operating-window-ok-4 — lsp-1+scala-1 | cpp-1 then cpp-1+lsp-1+scala-1 then cpp-1+lsp-1+scala-1
  intermittent: ENX115_feeder-sectionalizer-forecast-gatekeeper.json::enx-115-operating-window-ok::enx-115-operating-window-ok-4 — lsp-1+scala-1 | cpp-1 then lsp-1+scala-1 | cpp-1 then cpp-1+lsp-1+scala-1
  intermittent: ENX115_feeder-sectionalizer-forecast-gatekeeper.json::enx-115-urgent-stabilize::enx-115-urgent-stabilize-4 — lsp-1+scala-1 | cpp-1 then lsp-1+scala-1 | cpp-1 then cpp-1+lsp-1+scala-1
  intermittent: ENX116_feeder-sectionalizer-maintenance-scheduler.json::enx-116-operating-window-ok::enx-116-operating-window-ok-4 — lsp-1+scala-1 | cpp-1 then lsp-1+scala-1 | cpp-1 then cpp-1+lsp-1 | scala-1
  intermittent: ENX117_feeder-sectionalizer-power-quality-guardian.json::enx-117-operating-window-ok::enx-117-operating-window-ok-4 — cpp-1+scala-1 | lsp-1 then cpp-1+lsp-1 | scala-1 then cpp-1+lsp-1 | scala-1
  intermittent: ENX117_feeder-sectionalizer-power-quality-guardian.json::enx-117-optimize-dispatch::enx-117-optimize-dispatch-4 — cpp-1+scala-1 | lsp-1 then cpp-1+scala-1 | lsp-1 then cpp-1+lsp-1 | scala-1
  intermittent: ENX117_feeder-sectionalizer-power-quality-guardian.json::enx-117-preventive-maintenance::enx-117-preventive-maintenance-4 — cpp-1+lsp-1 | scala-1 then cpp-1+lsp-1 | scala-1 then cpp-1+scala-1 | lsp-1
  intermittent: ENX117_feeder-sectionalizer-power-quality-guardian.json::enx-117-urgent-stabilize::enx-117-urgent-stabilize-4 — cpp-1+lsp-1 | scala-1 then cpp-1+lsp-1 | scala-1 then cpp-1+scala-1 | lsp-1
  intermittent: ENX118_feeder-sectionalizer-resilience-mode-router.json::enx-118-operating-window-ok::enx-118-operating-window-ok-4 — cpp-1+scala-1 | lsp-1 then cpp-1+scala-1 | lsp-1 then cpp-1+lsp-1 | scala-1
  intermittent: ENX118_feeder-sectionalizer-resilience-mode-router.json::enx-118-optimize-dispatch::enx-118-optimize-dispatch-4 — cpp-1+lsp-1 | scala-1 then cpp-1+scala-1 | lsp-1 then cpp-1+scala-1 | lsp-1
  intermittent: ENX118_feeder-sectionalizer-resilience-mode-router.json::enx-118-preventive-maintenance::enx-118-preventive-maintenance-4 — cpp-1+scala-1 | lsp-1 then cpp-1+lsp-1 | scala-1 then cpp-1+lsp-1 | scala-1
  intermittent: ENX118_feeder-sectionalizer-resilience-mode-router.json::enx-118-urgent-stabilize::enx-118-urgent-stabilize-4 — cpp-1+scala-1 | lsp-1 then cpp-1+scala-1 | lsp-1 then cpp-1+lsp-1 | scala-1
  intermittent: ENX119_feeder-sectionalizer-optimization-planner.json::enx-119-operating-window-ok::enx-119-operating-window-ok-4 — cpp-1+lsp-1 | scala-1 then cpp-1+scala-1 | lsp-1 then cpp-1+scala-1 | lsp-1
  intermittent: ENX119_feeder-sectionalizer-optimization-planner.json::enx-119-preventive-maintenance::enx-119-preventive-maintenance-4 — cpp-1+scala-1 | lsp-1 then cpp-1+scala-1 | lsp-1 then cpp-1+lsp-1 | scala-1
  intermittent: ENX120_feeder-sectionalizer-safety-compliance-checker.json::enx-120-operating-window-ok::enx-120-operating-window-ok-4 — cpp-1+scala-1 | lsp-1 then cpp-1+lsp-1 | scala-1 then cpp-1+lsp-1 | scala-1
  intermittent: ENX120_feeder-sectionalizer-safety-compliance-checker.json::enx-120-optimize-dispatch::enx-120-optimize-dispatch-4 — cpp-1+scala-1 | lsp-1 then cpp-1+lsp-1 | scala-1 then cpp-1+lsp-1 | scala-1
  intermittent: ENX120_feeder-sectionalizer-safety-compliance-checker.json::enx-120-urgent-stabilize::enx-120-urgent-stabilize-4 — cpp-1+lsp-1 | scala-1 then cpp-1+scala-1 | lsp-1 then cpp-1+scala-1 | lsp-1
  intermittent: ENX121_community-load-flexibility-availability-monitor.json::enx-121-operating-window-ok::enx-121-operating-window-ok-4 — cpp-1+lsp-1 | scala-1 then cpp-1+scala-1 | lsp-1 then cpp-1+scala-1 | lsp-1
  intermittent: ENX121_community-load-flexibility-availability-monitor.json::enx-121-optimize-dispatch::enx-121-optimize-dispatch-4 — cpp-1+scala-1 | lsp-1 then cpp-1+lsp-1 | scala-1 then cpp-1+lsp-1 | scala-1
  intermittent: ENX121_community-load-flexibility-availability-monitor.json::enx-121-preventive-maintenance::enx-121-preventive-maintenance-4 — cpp-1+scala-1 | lsp-1 then cpp-1+scala-1 | lsp-1 then cpp-1+lsp-1 | scala-1
  intermittent: ENX121_community-load-flexibility-availability-monitor.json::enx-121-urgent-stabilize::enx-121-urgent-stabilize-4 — cpp-1+lsp-1 | scala-1 then cpp-1+scala-1 | lsp-1 then cpp-1+scala-1 | lsp-1
  intermittent: ENX122_community-load-flexibility-dispatch-controller.json::enx-122-optimize-dispatch::enx-122-optimize-dispatch-4 — cpp-1+scala-1 | lsp-1 then cpp-1+scala-1 | lsp-1 then cpp-1+lsp-1 | scala-1
  intermittent: ENX122_community-load-flexibility-dispatch-controller.json::enx-122-preventive-maintenance::enx-122-preventive-maintenance-4 — cpp-1+lsp-1 | scala-1 then cpp-1+scala-1 | lsp-1 then cpp-1+scala-1 | lsp-1
  intermittent: ENX122_community-load-flexibility-dispatch-controller.json::enx-122-urgent-stabilize::enx-122-urgent-stabilize-4 — cpp-1+lsp-1 | scala-1 then cpp-1+lsp-1 | scala-1 then cpp-1+scala-1 | lsp-1
  intermittent: ENX123_community-load-flexibility-forecast-gatekeeper.json::enx-123-operating-window-ok::enx-123-operating-window-ok-4 — cpp-1+scala-1 | lsp-1 then cpp-1+lsp-1 | scala-1 then cpp-1+lsp-1 | scala-1
  intermittent: ENX123_community-load-flexibility-forecast-gatekeeper.json::enx-123-optimize-dispatch::enx-123-optimize-dispatch-4 — cpp-1+lsp-1 | scala-1 then cpp-1+scala-1 | lsp-1 then cpp-1+scala-1 | lsp-1
  intermittent: ENX123_community-load-flexibility-forecast-gatekeeper.json::enx-123-preventive-maintenance::enx-123-preventive-maintenance-4 — cpp-1+lsp-1 | scala-1 then cpp-1+lsp-1 | scala-1 then cpp-1+scala-1 | lsp-1
  intermittent: ENX123_community-load-flexibility-forecast-gatekeeper.json::enx-123-urgent-stabilize::enx-123-urgent-stabilize-4 — cpp-1+scala-1 | lsp-1 then cpp-1+scala-1 | lsp-1 then cpp-1+lsp-1 | scala-1
  intermittent: ENX124_community-load-flexibility-maintenance-scheduler.json::enx-124-operating-window-ok::enx-124-operating-window-ok-4 — cpp-1+scala-1 | lsp-1 then cpp-1+scala-1 | lsp-1 then cpp-1+lsp-1 | scala-1
  intermittent: ENX124_community-load-flexibility-maintenance-scheduler.json::enx-124-optimize-dispatch::enx-124-optimize-dispatch-4 — cpp-1+scala-1 | lsp-1 then cpp-1+lsp-1 | scala-1 then cpp-1+lsp-1 | scala-1
  intermittent: ENX124_community-load-flexibility-maintenance-scheduler.json::enx-124-preventive-maintenance::enx-124-preventive-maintenance-4 — cpp-1+lsp-1 | scala-1 then cpp-1+scala-1 | lsp-1 then cpp-1+scala-1 | lsp-1
  intermittent: ENX125_community-load-flexibility-power-quality-guardian.json::enx-125-operating-window-ok::enx-125-operating-window-ok-4 — cpp-1+lsp-1 | scala-1 then cpp-1+scala-1 | lsp-1 then cpp-1+scala-1 | lsp-1
  intermittent: ENX125_community-load-flexibility-power-quality-guardian.json::enx-125-optimize-dispatch::enx-125-optimize-dispatch-4 — cpp-1+scala-1 | lsp-1 then cpp-1+lsp-1 | scala-1 then cpp-1+lsp-1 | scala-1
  intermittent: ENX125_community-load-flexibility-power-quality-guardian.json::enx-125-urgent-stabilize::enx-125-urgent-stabilize-4 — cpp-1+lsp-1 | scala-1 then cpp-1+scala-1 | lsp-1 then cpp-1+scala-1 | lsp-1
  intermittent: ENX126_community-load-flexibility-resilience-mode-router.json::enx-126-operating-window-ok::enx-126-operating-window-ok-4 — cpp-1+scala-1 | lsp-1 then cpp-1+lsp-1 | scala-1 then cpp-1+lsp-1 | scala-1
  intermittent: ENX126_community-load-flexibility-resilience-mode-router.json::enx-126-preventive-maintenance::enx-126-preventive-maintenance-4 — cpp-1+lsp-1 | scala-1 then cpp-1+scala-1 | lsp-1 then cpp-1+scala-1 | lsp-1
  intermittent: ENX127_community-load-flexibility-optimization-planner.json::enx-127-operating-window-ok::enx-127-operating-window-ok-4 — cpp-1+scala-1 | lsp-1 then cpp-1+lsp-1 | scala-1 then cpp-1+lsp-1 | scala-1
  intermittent: ENX127_community-load-flexibility-optimization-planner.json::enx-127-optimize-dispatch::enx-127-optimize-dispatch-4 — cpp-1+lsp-1 | scala-1 then cpp-1+scala-1 | lsp-1 then cpp-1+scala-1 | lsp-1
  intermittent: ENX129_ev-charging-load-bank-availability-monitor.json::enx-129-preventive-maintenance::enx-129-preventive-maintenance-4 — cpp-1+scala-1 | lsp-1 then cpp-1+scala-1 | lsp-1 then cpp-1+lsp-1 | scala-1
  intermittent: ENX130_ev-charging-load-bank-dispatch-controller.json::enx-130-optimize-dispatch::enx-130-optimize-dispatch-4 — cpp-1+scala-1 | lsp-1 then cpp-1+lsp-1 | scala-1 then cpp-1+lsp-1 | scala-1
  intermittent: ENX131_ev-charging-load-bank-forecast-gatekeeper.json::enx-131-operating-window-ok::enx-131-operating-window-ok-4 — cpp-1+lsp-1 | scala-1 then cpp-1+lsp-1 | scala-1 then cpp-1+scala-1 | lsp-1
  intermittent: ENX132_ev-charging-load-bank-maintenance-scheduler.json::enx-132-optimize-dispatch::enx-132-optimize-dispatch-4 — cpp-1+lsp-1 | scala-1 then cpp-1+lsp-1 | scala-1 then cpp-1+scala-1 | lsp-1
  intermittent: ENX133_ev-charging-load-bank-power-quality-guardian.json::enx-133-optimize-dispatch::enx-133-optimize-dispatch-4 — cpp-1+lsp-1 | scala-1 then cpp-1+scala-1 | lsp-1 then cpp-1+scala-1 | lsp-1
  intermittent: ENX133_ev-charging-load-bank-power-quality-guardian.json::enx-133-preventive-maintenance::enx-133-preventive-maintenance-4 — cpp-1+scala-1 | lsp-1 then cpp-1+scala-1 | lsp-1 then cpp-1+lsp-1 | scala-1
  intermittent: ENX133_ev-charging-load-bank-power-quality-guardian.json::enx-133-urgent-stabilize::enx-133-urgent-stabilize-4 — cpp-1+scala-1 | lsp-1 then cpp-1+lsp-1 | scala-1 then cpp-1+lsp-1 | scala-1
  intermittent: ENX135_ev-charging-load-bank-optimization-planner.json::enx-135-operating-window-ok::enx-135-operating-window-ok-4 — cpp-1+scala-1 | lsp-1 then cpp-1+lsp-1 | scala-1 then cpp-1+lsp-1 | scala-1
  intermittent: ENX135_ev-charging-load-bank-optimization-planner.json::enx-135-optimize-dispatch::enx-135-optimize-dispatch-4 — cpp-1+lsp-1 | scala-1 then cpp-1+lsp-1 | scala-1 then cpp-1+scala-1 | lsp-1
  intermittent: ENX135_ev-charging-load-bank-optimization-planner.json::enx-135-urgent-stabilize::enx-135-urgent-stabilize-4 — cpp-1+scala-1 | lsp-1 then cpp-1+scala-1 | lsp-1 then cpp-1+lsp-1 | scala-1
  intermittent: ENX136_ev-charging-load-bank-safety-compliance-checker.json::enx-136-optimize-dispatch::enx-136-optimize-dispatch-4 — cpp-1+scala-1 | lsp-1 then cpp-1+scala-1 | lsp-1 then cpp-1+lsp-1 | scala-1
  intermittent: ENX136_ev-charging-load-bank-safety-compliance-checker.json::enx-136-preventive-maintenance::enx-136-preventive-maintenance-4 — cpp-1+lsp-1 | scala-1 then cpp-1+scala-1 | lsp-1 then cpp-1+scala-1 | lsp-1
  intermittent: ENX137_critical-facility-backup-panel-availability-monitor.json::enx-137-operating-window-ok::enx-137-operating-window-ok-4 — cpp-1+lsp-1 | scala-1 then cpp-1+scala-1 | lsp-1 then cpp-1+scala-1 | lsp-1
  intermittent: ENX137_critical-facility-backup-panel-availability-monitor.json::enx-137-optimize-dispatch::enx-137-optimize-dispatch-4 — cpp-1+scala-1 | lsp-1 then cpp-1+lsp-1 | scala-1 then cpp-1+lsp-1 | scala-1
  intermittent: ENX138_critical-facility-backup-panel-dispatch-controller.json::enx-138-operating-window-ok::enx-138-operating-window-ok-4 — cpp-1+lsp-1 | scala-1 then cpp-1+scala-1 | lsp-1 then cpp-1+scala-1 | lsp-1
  intermittent: ENX138_critical-facility-backup-panel-dispatch-controller.json::enx-138-optimize-dispatch::enx-138-optimize-dispatch-4 — cpp-1+lsp-1 | scala-1 then cpp-1+scala-1 | lsp-1 then cpp-1+scala-1 | lsp-1
  intermittent: ENX138_critical-facility-backup-panel-dispatch-controller.json::enx-138-preventive-maintenance::enx-138-preventive-maintenance-4 — cpp-1+scala-1 | lsp-1 then cpp-1+scala-1 | lsp-1 then cpp-1+lsp-1 | scala-1
  intermittent: ENX138_critical-facility-backup-panel-dispatch-controller.json::enx-138-urgent-stabilize::enx-138-urgent-stabilize-4 — cpp-1+scala-1 | lsp-1 then cpp-1+lsp-1 | scala-1 then cpp-1+lsp-1 | scala-1
  intermittent: ENX139_critical-facility-backup-panel-forecast-gatekeeper.json::enx-139-optimize-dispatch::enx-139-optimize-dispatch-4 — cpp-1+scala-1 | lsp-1 then cpp-1+lsp-1 | scala-1 then cpp-1+lsp-1 | scala-1
  intermittent: ENX139_critical-facility-backup-panel-forecast-gatekeeper.json::enx-139-preventive-maintenance::enx-139-preventive-maintenance-4 — cpp-1+scala-1 | lsp-1 then cpp-1+scala-1 | lsp-1 then cpp-1+lsp-1 | scala-1
  intermittent: ENX140_critical-facility-backup-panel-maintenance-scheduler.json::enx-140-operating-window-ok::enx-140-operating-window-ok-4 — cpp-1+lsp-1 | scala-1 then cpp-1+lsp-1 | scala-1 then cpp-1+scala-1 | lsp-1
  intermittent: ENX141_critical-facility-backup-panel-power-quality-guardian.json::enx-141-operating-window-ok::enx-141-operating-window-ok-4 — cpp-1+lsp-1 | scala-1 then cpp-1+scala-1 | lsp-1 then cpp-1+scala-1 | lsp-1
  intermittent: ENX141_critical-facility-backup-panel-power-quality-guardian.json::enx-141-urgent-stabilize::enx-141-urgent-stabilize-4 — cpp-1+scala-1 | lsp-1 then cpp-1+scala-1 | lsp-1 then cpp-1+lsp-1 | scala-1
  intermittent: ENX143_critical-facility-backup-panel-optimization-planner.json::enx-143-optimize-dispatch::enx-143-optimize-dispatch-4 — cpp-1+lsp-1 | scala-1 then cpp-1+lsp-1 | scala-1 then cpp-1+scala-1 | lsp-1
  intermittent: ENX145_weather-and-irradiance-station-availability-monitor.json::enx-145-optimize-dispatch::enx-145-optimize-dispatch-4 — cpp-1+scala-1 | lsp-1 then cpp-1+lsp-1 | scala-1 then cpp-1+lsp-1 | scala-1
  intermittent: ENX145_weather-and-irradiance-station-availability-monitor.json::enx-145-preventive-maintenance::enx-145-preventive-maintenance-4 — cpp-1+scala-1 | lsp-1 then cpp-1+lsp-1 | scala-1 then cpp-1+lsp-1 | scala-1
  intermittent: ENX146_weather-and-irradiance-station-dispatch-controller.json::enx-146-operating-window-ok::enx-146-operating-window-ok-4 — cpp-1+scala-1 | lsp-1 then cpp-1+lsp-1 | scala-1 then cpp-1+lsp-1 | scala-1
  intermittent: ENX146_weather-and-irradiance-station-dispatch-controller.json::enx-146-preventive-maintenance::enx-146-preventive-maintenance-4 — cpp-1+lsp-1 | scala-1 then cpp-1+scala-1 | lsp-1 then cpp-1+scala-1 | lsp-1
  intermittent: ENX147_weather-and-irradiance-station-forecast-gatekeeper.json::enx-147-preventive-maintenance::enx-147-preventive-maintenance-4 — cpp-1+scala-1 | lsp-1 then cpp-1+lsp-1 | scala-1 then cpp-1+lsp-1 | scala-1
  intermittent: ENX148_weather-and-irradiance-station-maintenance-scheduler.json::enx-148-operating-window-ok::enx-148-operating-window-ok-4 — cpp-1+scala-1 | lsp-1 then cpp-1+scala-1 | lsp-1 then cpp-1+lsp-1 | scala-1
  intermittent: ENX148_weather-and-irradiance-station-maintenance-scheduler.json::enx-148-preventive-maintenance::enx-148-preventive-maintenance-4 — cpp-1+lsp-1 | scala-1 then cpp-1+scala-1 | lsp-1 then cpp-1+lsp-1 | scala-1
  intermittent: ENX148_weather-and-irradiance-station-maintenance-scheduler.json::enx-148-urgent-stabilize::enx-148-urgent-stabilize-4 — cpp-1+lsp-1 | scala-1 then cpp-1+scala-1 | lsp-1 then cpp-1+scala-1 | lsp-1
  intermittent: ENX149_weather-and-irradiance-station-power-quality-guardian.json::enx-149-urgent-stabilize::enx-149-urgent-stabilize-4 — cpp-1+scala-1 | lsp-1 then cpp-1+lsp-1 | scala-1 then cpp-1+scala-1 | lsp-1
  intermittent: ENX150_weather-and-irradiance-station-resilience-mode-router.json::enx-150-urgent-stabilize::enx-150-urgent-stabilize-4 — cpp-1+scala-1 | lsp-1 then cpp-1+lsp-1 | scala-1 then cpp-1+scala-1 | lsp-1
  intermittent: ENX151_weather-and-irradiance-station-optimization-planner.json::enx-151-preventive-maintenance::enx-151-preventive-maintenance-4 — cpp-1+lsp-1 | scala-1 then cpp-1+scala-1 | lsp-1 then cpp-1+lsp-1 | scala-1
