ces-contracts: 457 agreed · 38 disagreement · 253 intermittent · 0 no-runtime-emits · 0 unmeasurable → /Users/johnt/workspace/GitHub/RealityEngine_CI/config/ces-contracts/domain-energy.json
  disagreement: ENX038_ground-mount-solar-field-resilience-mode-router.json::enx-038-preventive-maintenance::enx-038-preventive-maintenance-4 — lsp-1+scala-1 | cpp-1 (held over 3 drives)
  disagreement: ENX040_ground-mount-solar-field-safety-compliance-checker.json::enx-040-preventive-maintenance::enx-040-preventive-maintenance-4 — lsp-1+scala-1 | cpp-1 (held over 3 drives)
  disagreement: ENX053_solar-string-combiner-power-quality-guardian.json::enx-053-optimize-dispatch::enx-053-optimize-dispatch-4 — lsp-1+scala-1 | cpp-1 (held over 3 drives)
  disagreement: ENX055_solar-string-combiner-optimization-planner.json::enx-055-operating-window-ok::enx-055-operating-window-ok-4 — lsp-1+scala-1 | cpp-1 (held over 3 drives)
  disagreement: ENX056_solar-string-combiner-safety-compliance-checker.json::enx-056-optimize-dispatch::enx-056-optimize-dispatch-4 — lsp-1+scala-1 | cpp-1 (held over 3 drives)
  disagreement: ENX056_solar-string-combiner-safety-compliance-checker.json::enx-056-urgent-stabilize::enx-056-urgent-stabilize-4 — lsp-1+scala-1 | cpp-1 (held over 3 drives)
  disagreement: ENX057_solar-soiling-and-wash-crew-availability-monitor.json::enx-057-operating-window-ok::enx-057-operating-window-ok-4 — lsp-1+scala-1 | cpp-1 (held over 3 drives)
  disagreement: ENX063_solar-soiling-and-wash-crew-optimization-planner.json::enx-063-operating-window-ok::enx-063-operating-window-ok-4 — lsp-1+scala-1 | cpp-1 (held over 3 drives)
  disagreement: ENX067_battery-container-rack-forecast-gatekeeper.json::enx-067-preventive-maintenance::enx-067-preventive-maintenance-4 — lsp-1+scala-1 | cpp-1 (held over 3 drives)
  disagreement: ENX097_battery-state-of-charge-reserve-availability-monitor.json::enx-097-optimize-dispatch::enx-097-optimize-dispatch-4 — lsp-1+scala-1 | cpp-1 (held over 3 drives)
  disagreement: ENX100_battery-state-of-charge-reserve-maintenance-scheduler.json::enx-100-optimize-dispatch::enx-100-optimize-dispatch-4 — lsp-1+scala-1 | cpp-1 (held over 3 drives)
  disagreement: ENX101_battery-state-of-charge-reserve-power-quality-guardian.json::enx-101-operating-window-ok::enx-101-operating-window-ok-4 — lsp-1+scala-1 | cpp-1 (held over 3 drives)
  disagreement: ENX104_battery-state-of-charge-reserve-safety-compliance-checker.json::enx-104-optimize-dispatch::enx-104-optimize-dispatch-4 — lsp-1+scala-1 | cpp-1 (held over 3 drives)
  disagreement: ENX106_microgrid-point-of-common-coupling-dispatch-controller.json::enx-106-optimize-dispatch::enx-106-optimize-dispatch-4 — lsp-1+scala-1 | cpp-1 (held over 3 drives)
  disagreement: ENX106_microgrid-point-of-common-coupling-dispatch-controller.json::enx-106-urgent-stabilize::enx-106-urgent-stabilize-4 — lsp-1+scala-1 | cpp-1 (held over 3 drives)
  disagreement: ENX107_microgrid-point-of-common-coupling-forecast-gatekeeper.json::enx-107-operating-window-ok::enx-107-operating-window-ok-4 — lsp-1+scala-1 | cpp-1 (held over 3 drives)
  disagreement: ENX112_microgrid-point-of-common-coupling-safety-compliance-checker.json::enx-112-operating-window-ok::enx-112-operating-window-ok-4 — lsp-1+scala-1 | cpp-1 (held over 3 drives)
  disagreement: ENX119_feeder-sectionalizer-optimization-planner.json::enx-119-preventive-maintenance::enx-119-preventive-maintenance-4 — lsp-1+scala-1 | cpp-1 (held over 3 drives)
  disagreement: ENX120_feeder-sectionalizer-safety-compliance-checker.json::enx-120-operating-window-ok::enx-120-operating-window-ok-4 — lsp-1+scala-1 | cpp-1 (held over 3 drives)
  disagreement: ENX123_community-load-flexibility-forecast-gatekeeper.json::enx-123-operating-window-ok::enx-123-operating-window-ok-4 — lsp-1+scala-1 | cpp-1 (held over 3 drives)
  disagreement: ENX126_community-load-flexibility-resilience-mode-router.json::enx-126-optimize-dispatch::enx-126-optimize-dispatch-4 — lsp-1+scala-1 | cpp-1 (held over 3 drives)
  disagreement: ENX126_community-load-flexibility-resilience-mode-router.json::enx-126-preventive-maintenance::enx-126-preventive-maintenance-4 — lsp-1+scala-1 | cpp-1 (held over 3 drives)
  disagreement: ENX127_community-load-flexibility-optimization-planner.json::enx-127-urgent-stabilize::enx-127-urgent-stabilize-4 — lsp-1+scala-1 | cpp-1 (held over 3 drives)
  disagreement: ENX128_community-load-flexibility-safety-compliance-checker.json::enx-128-operating-window-ok::enx-128-operating-window-ok-4 — lsp-1+scala-1 | cpp-1 (held over 3 drives)
  disagreement: ENX128_community-load-flexibility-safety-compliance-checker.json::enx-128-optimize-dispatch::enx-128-optimize-dispatch-4 — lsp-1+scala-1 | cpp-1 (held over 3 drives)
  disagreement: ENX128_community-load-flexibility-safety-compliance-checker.json::enx-128-preventive-maintenance::enx-128-preventive-maintenance-4 — lsp-1+scala-1 | cpp-1 (held over 3 drives)
  disagreement: ENX129_ev-charging-load-bank-availability-monitor.json::enx-129-preventive-maintenance::enx-129-preventive-maintenance-4 — lsp-1+scala-1 | cpp-1 (held over 3 drives)
  disagreement: ENX137_critical-facility-backup-panel-availability-monitor.json::enx-137-optimize-dispatch::enx-137-optimize-dispatch-4 — lsp-1+scala-1 | cpp-1 (held over 3 drives)
  disagreement: ENX137_critical-facility-backup-panel-availability-monitor.json::enx-137-preventive-maintenance::enx-137-preventive-maintenance-4 — lsp-1+scala-1 | cpp-1 (held over 3 drives)
  disagreement: ENX140_critical-facility-backup-panel-maintenance-scheduler.json::enx-140-optimize-dispatch::enx-140-optimize-dispatch-4 — lsp-1+scala-1 | cpp-1 (held over 3 drives)
  disagreement: ENX144_critical-facility-backup-panel-safety-compliance-checker.json::enx-144-operating-window-ok::enx-144-operating-window-ok-4 — lsp-1+scala-1 | cpp-1 (held over 3 drives)
  disagreement: ENX144_critical-facility-backup-panel-safety-compliance-checker.json::enx-144-preventive-maintenance::enx-144-preventive-maintenance-4 — lsp-1+scala-1 | cpp-1 (held over 3 drives)
  disagreement: ENX147_weather-and-irradiance-station-forecast-gatekeeper.json::enx-147-operating-window-ok::enx-147-operating-window-ok-4 — lsp-1+scala-1 | cpp-1 (held over 3 drives)
  disagreement: ENX150_weather-and-irradiance-station-resilience-mode-router.json::enx-150-preventive-maintenance::enx-150-preventive-maintenance-4 — lsp-1+scala-1 | cpp-1 (held over 3 drives)
  disagreement: ENX152_weather-and-irradiance-station-safety-compliance-checker.json::enx-152-preventive-maintenance::enx-152-preventive-maintenance-4 — lsp-1+scala-1 | cpp-1 (held over 3 drives)
  disagreement: ENX154_preventive-maintenance-work-order-dispatch-controller.json::enx-154-operating-window-ok::enx-154-operating-window-ok-4 — lsp-1+scala-1 | cpp-1 (held over 3 drives)
  disagreement: ENX159_preventive-maintenance-work-order-optimization-planner.json::enx-159-optimize-dispatch::enx-159-optimize-dispatch-4 — lsp-1+scala-1 | cpp-1 (held over 3 drives)
  disagreement: ENX159_preventive-maintenance-work-order-optimization-planner.json::enx-159-urgent-stabilize::enx-159-urgent-stabilize-4 — lsp-1+scala-1 | cpp-1 (held over 3 drives)
  intermittent: ENX001_rooftop-solar-fleet-availability-monitor.json::enx-001-preventive-maintenance::enx-001-preventive-maintenance-4 — lsp-1+scala-1 | cpp-1 then cpp-1+lsp-1+scala-1 then lsp-1+scala-1 | cpp-1
  intermittent: ENX002_rooftop-solar-fleet-dispatch-controller.json::enx-002-operating-window-ok::enx-002-operating-window-ok-4 — lsp-1+scala-1 | cpp-1 then cpp-1+lsp-1+scala-1 then lsp-1+scala-1 | cpp-1
  intermittent: ENX002_rooftop-solar-fleet-dispatch-controller.json::enx-002-optimize-dispatch::enx-002-optimize-dispatch-4 — lsp-1+scala-1 | cpp-1 then cpp-1+lsp-1+scala-1 then lsp-1+scala-1 | cpp-1
  intermittent: ENX002_rooftop-solar-fleet-dispatch-controller.json::enx-002-urgent-stabilize::enx-002-urgent-stabilize-4 — lsp-1+scala-1 | cpp-1 then cpp-1+lsp-1+scala-1 then cpp-1+lsp-1+scala-1
  intermittent: ENX004_rooftop-solar-fleet-maintenance-scheduler.json::enx-004-optimize-dispatch::enx-004-optimize-dispatch-4 — lsp-1+scala-1 | cpp-1 then cpp-1+lsp-1+scala-1 then cpp-1+lsp-1+scala-1
  intermittent: ENX004_rooftop-solar-fleet-maintenance-scheduler.json::enx-004-preventive-maintenance::enx-004-preventive-maintenance-4 — lsp-1+scala-1 | cpp-1 then cpp-1+lsp-1+scala-1 then lsp-1+scala-1 | cpp-1
  intermittent: ENX004_rooftop-solar-fleet-maintenance-scheduler.json::enx-004-urgent-stabilize::enx-004-urgent-stabilize-4 — lsp-1+scala-1 | cpp-1 then cpp-1+lsp-1+scala-1 then lsp-1+scala-1 | cpp-1
  intermittent: ENX005_rooftop-solar-fleet-power-quality-guardian.json::enx-005-operating-window-ok::enx-005-operating-window-ok-4 — lsp-1+scala-1 | cpp-1 then cpp-1+lsp-1+scala-1 then cpp-1+lsp-1+scala-1
  intermittent: ENX005_rooftop-solar-fleet-power-quality-guardian.json::enx-005-preventive-maintenance::enx-005-preventive-maintenance-4 — lsp-1+scala-1 | cpp-1 then lsp-1+scala-1 | cpp-1 then cpp-1+lsp-1+scala-1
  intermittent: ENX005_rooftop-solar-fleet-power-quality-guardian.json::enx-005-urgent-stabilize::enx-005-urgent-stabilize-4 — lsp-1+scala-1 | cpp-1 then cpp-1+lsp-1+scala-1 then lsp-1+scala-1 | cpp-1
  intermittent: ENX006_rooftop-solar-fleet-resilience-mode-router.json::enx-006-optimize-dispatch::enx-006-optimize-dispatch-4 — lsp-1+scala-1 | cpp-1 then cpp-1+lsp-1+scala-1 then cpp-1+lsp-1+scala-1
  intermittent: ENX006_rooftop-solar-fleet-resilience-mode-router.json::enx-006-preventive-maintenance::enx-006-preventive-maintenance-4 — lsp-1+scala-1 | cpp-1 then cpp-1+lsp-1+scala-1 then lsp-1+scala-1 | cpp-1
  intermittent: ENX007_rooftop-solar-fleet-optimization-planner.json::enx-007-operating-window-ok::enx-007-operating-window-ok-4 — lsp-1+scala-1 | cpp-1 then cpp-1+lsp-1+scala-1 then lsp-1+scala-1 | cpp-1
  intermittent: ENX007_rooftop-solar-fleet-optimization-planner.json::enx-007-optimize-dispatch::enx-007-optimize-dispatch-4 — lsp-1+scala-1 | cpp-1 then cpp-1+lsp-1+scala-1 then lsp-1+scala-1 | cpp-1
  intermittent: ENX008_rooftop-solar-fleet-safety-compliance-checker.json::enx-008-preventive-maintenance::enx-008-preventive-maintenance-4 — lsp-1+scala-1 | cpp-1 then cpp-1+lsp-1+scala-1 then lsp-1+scala-1 | cpp-1
  intermittent: ENX009_carport-solar-array-availability-monitor.json::enx-009-operating-window-ok::enx-009-operating-window-ok-4 — lsp-1+scala-1 | cpp-1 then cpp-1+lsp-1+scala-1 then lsp-1+scala-1 | cpp-1
  intermittent: ENX009_carport-solar-array-availability-monitor.json::enx-009-urgent-stabilize::enx-009-urgent-stabilize-4 — lsp-1+scala-1 | cpp-1 then cpp-1+lsp-1+scala-1 then lsp-1+scala-1 | cpp-1
  intermittent: ENX010_carport-solar-array-dispatch-controller.json::enx-010-optimize-dispatch::enx-010-optimize-dispatch-4 — lsp-1+scala-1 | cpp-1 then cpp-1+lsp-1+scala-1 then lsp-1+scala-1 | cpp-1
  intermittent: ENX011_carport-solar-array-forecast-gatekeeper.json::enx-011-operating-window-ok::enx-011-operating-window-ok-4 — lsp-1+scala-1 | cpp-1 then lsp-1+scala-1 | cpp-1 then cpp-1+lsp-1+scala-1
  intermittent: ENX011_carport-solar-array-forecast-gatekeeper.json::enx-011-optimize-dispatch::enx-011-optimize-dispatch-4 — lsp-1+scala-1 | cpp-1 then cpp-1+lsp-1+scala-1 then lsp-1+scala-1 | cpp-1
  intermittent: ENX012_carport-solar-array-maintenance-scheduler.json::enx-012-operating-window-ok::enx-012-operating-window-ok-4 — lsp-1+scala-1 | cpp-1 then cpp-1+lsp-1+scala-1 then lsp-1+scala-1 | cpp-1
  intermittent: ENX012_carport-solar-array-maintenance-scheduler.json::enx-012-optimize-dispatch::enx-012-optimize-dispatch-4 — lsp-1+scala-1 | cpp-1 then lsp-1+scala-1 | cpp-1 then cpp-1+lsp-1+scala-1
  intermittent: ENX012_carport-solar-array-maintenance-scheduler.json::enx-012-preventive-maintenance::enx-012-preventive-maintenance-4 — lsp-1+scala-1 | cpp-1 then lsp-1+scala-1 | cpp-1 then cpp-1+lsp-1+scala-1
  intermittent: ENX012_carport-solar-array-maintenance-scheduler.json::enx-012-urgent-stabilize::enx-012-urgent-stabilize-4 — lsp-1+scala-1 | cpp-1 then lsp-1+scala-1 | cpp-1 then cpp-1+lsp-1+scala-1
  intermittent: ENX013_carport-solar-array-power-quality-guardian.json::enx-013-operating-window-ok::enx-013-operating-window-ok-4 — lsp-1+scala-1 | cpp-1 then lsp-1+scala-1 | cpp-1 then cpp-1+lsp-1+scala-1
  intermittent: ENX014_carport-solar-array-resilience-mode-router.json::enx-014-preventive-maintenance::enx-014-preventive-maintenance-4 — lsp-1+scala-1 | cpp-1 then cpp-1+lsp-1+scala-1 then lsp-1+scala-1 | cpp-1
  intermittent: ENX015_carport-solar-array-optimization-planner.json::enx-015-optimize-dispatch::enx-015-optimize-dispatch-4 — lsp-1+scala-1 | cpp-1 then cpp-1+lsp-1+scala-1 then cpp-1+lsp-1+scala-1
  intermittent: ENX015_carport-solar-array-optimization-planner.json::enx-015-preventive-maintenance::enx-015-preventive-maintenance-4 — lsp-1+scala-1 | cpp-1 then cpp-1+lsp-1+scala-1 then cpp-1+lsp-1+scala-1
  intermittent: ENX015_carport-solar-array-optimization-planner.json::enx-015-urgent-stabilize::enx-015-urgent-stabilize-4 — lsp-1+scala-1 | cpp-1 then cpp-1+lsp-1+scala-1 then lsp-1+scala-1 | cpp-1
  intermittent: ENX016_carport-solar-array-safety-compliance-checker.json::enx-016-optimize-dispatch::enx-016-optimize-dispatch-4 — lsp-1+scala-1 | cpp-1 then cpp-1+lsp-1+scala-1 then cpp-1+lsp-1+scala-1
  intermittent: ENX016_carport-solar-array-safety-compliance-checker.json::enx-016-preventive-maintenance::enx-016-preventive-maintenance-4 — lsp-1+scala-1 | cpp-1 then cpp-1+lsp-1+scala-1 then cpp-1+lsp-1+scala-1
  intermittent: ENX017_community-center-solar-availability-monitor.json::enx-017-operating-window-ok::enx-017-operating-window-ok-4 — lsp-1+scala-1 | cpp-1 then cpp-1+lsp-1+scala-1 then cpp-1+lsp-1+scala-1
  intermittent: ENX017_community-center-solar-availability-monitor.json::enx-017-preventive-maintenance::enx-017-preventive-maintenance-4 — lsp-1+scala-1 | cpp-1 then lsp-1+scala-1 | cpp-1 then cpp-1+lsp-1+scala-1
  intermittent: ENX017_community-center-solar-availability-monitor.json::enx-017-urgent-stabilize::enx-017-urgent-stabilize-4 — lsp-1+scala-1 | cpp-1 then cpp-1+lsp-1+scala-1 then lsp-1+scala-1 | cpp-1
  intermittent: ENX018_community-center-solar-dispatch-controller.json::enx-018-operating-window-ok::enx-018-operating-window-ok-4 — lsp-1+scala-1 | cpp-1 then cpp-1+lsp-1+scala-1 then lsp-1+scala-1 | cpp-1
  intermittent: ENX018_community-center-solar-dispatch-controller.json::enx-018-preventive-maintenance::enx-018-preventive-maintenance-4 — lsp-1+scala-1 | cpp-1 then cpp-1+lsp-1+scala-1 then cpp-1+lsp-1+scala-1
  intermittent: ENX019_community-center-solar-forecast-gatekeeper.json::enx-019-preventive-maintenance::enx-019-preventive-maintenance-4 — lsp-1+scala-1 | cpp-1 then cpp-1+lsp-1+scala-1 then lsp-1+scala-1 | cpp-1
  intermittent: ENX020_community-center-solar-maintenance-scheduler.json::enx-020-operating-window-ok::enx-020-operating-window-ok-4 — lsp-1+scala-1 | cpp-1 then cpp-1+lsp-1+scala-1 then lsp-1+scala-1 | cpp-1
  intermittent: ENX020_community-center-solar-maintenance-scheduler.json::enx-020-optimize-dispatch::enx-020-optimize-dispatch-4 — lsp-1+scala-1 | cpp-1 then cpp-1+lsp-1+scala-1 then lsp-1+scala-1 | cpp-1
  intermittent: ENX020_community-center-solar-maintenance-scheduler.json::enx-020-preventive-maintenance::enx-020-preventive-maintenance-4 — lsp-1+scala-1 | cpp-1 then cpp-1+lsp-1+scala-1 then lsp-1+scala-1 | cpp-1
  intermittent: ENX020_community-center-solar-maintenance-scheduler.json::enx-020-urgent-stabilize::enx-020-urgent-stabilize-4 — lsp-1+scala-1 | cpp-1 then cpp-1+lsp-1+scala-1 then cpp-1+lsp-1+scala-1
  intermittent: ENX021_community-center-solar-power-quality-guardian.json::enx-021-operating-window-ok::enx-021-operating-window-ok-4 — lsp-1+scala-1 | cpp-1 then cpp-1+lsp-1+scala-1 then lsp-1+scala-1 | cpp-1
  intermittent: ENX022_community-center-solar-resilience-mode-router.json::enx-022-preventive-maintenance::enx-022-preventive-maintenance-4 — lsp-1+scala-1 | cpp-1 then lsp-1+scala-1 | cpp-1 then cpp-1+lsp-1+scala-1
  intermittent: ENX023_community-center-solar-optimization-planner.json::enx-023-operating-window-ok::enx-023-operating-window-ok-4 — lsp-1+scala-1 | cpp-1 then cpp-1+lsp-1+scala-1 then cpp-1+lsp-1+scala-1
  intermittent: ENX023_community-center-solar-optimization-planner.json::enx-023-preventive-maintenance::enx-023-preventive-maintenance-4 — lsp-1+scala-1 | cpp-1 then cpp-1+lsp-1+scala-1 then cpp-1+lsp-1+scala-1
  intermittent: ENX024_community-center-solar-safety-compliance-checker.json::enx-024-operating-window-ok::enx-024-operating-window-ok-4 — lsp-1+scala-1 | cpp-1 then cpp-1+lsp-1+scala-1 then cpp-1+lsp-1+scala-1
  intermittent: ENX024_community-center-solar-safety-compliance-checker.json::enx-024-optimize-dispatch::enx-024-optimize-dispatch-4 — lsp-1+scala-1 | cpp-1 then lsp-1+scala-1 | cpp-1 then cpp-1+lsp-1+scala-1
  intermittent: ENX024_community-center-solar-safety-compliance-checker.json::enx-024-preventive-maintenance::enx-024-preventive-maintenance-4 — lsp-1+scala-1 | cpp-1 then cpp-1+lsp-1+scala-1 then lsp-1+scala-1 | cpp-1
  intermittent: ENX024_community-center-solar-safety-compliance-checker.json::enx-024-urgent-stabilize::enx-024-urgent-stabilize-4 — lsp-1+scala-1 | cpp-1 then cpp-1+lsp-1+scala-1 then cpp-1+lsp-1+scala-1
  intermittent: ENX025_school-campus-solar-availability-monitor.json::enx-025-operating-window-ok::enx-025-operating-window-ok-4 — lsp-1+scala-1 | cpp-1 then cpp-1+lsp-1+scala-1 then lsp-1+scala-1 | cpp-1
  intermittent: ENX025_school-campus-solar-availability-monitor.json::enx-025-preventive-maintenance::enx-025-preventive-maintenance-4 — lsp-1+scala-1 | cpp-1 then cpp-1+lsp-1+scala-1 then lsp-1+scala-1 | cpp-1
  intermittent: ENX026_school-campus-solar-dispatch-controller.json::enx-026-operating-window-ok::enx-026-operating-window-ok-4 — lsp-1+scala-1 | cpp-1 then cpp-1+lsp-1+scala-1 then cpp-1+lsp-1+scala-1
  intermittent: ENX026_school-campus-solar-dispatch-controller.json::enx-026-preventive-maintenance::enx-026-preventive-maintenance-4 — lsp-1+scala-1 | cpp-1 then cpp-1+lsp-1+scala-1 then cpp-1+lsp-1+scala-1
  intermittent: ENX027_school-campus-solar-forecast-gatekeeper.json::enx-027-preventive-maintenance::enx-027-preventive-maintenance-4 — lsp-1+scala-1 | cpp-1 then cpp-1+lsp-1+scala-1 then cpp-1+lsp-1+scala-1
  intermittent: ENX028_school-campus-solar-maintenance-scheduler.json::enx-028-operating-window-ok::enx-028-operating-window-ok-4 — lsp-1+scala-1 | cpp-1 then lsp-1+scala-1 | cpp-1 then cpp-1+lsp-1+scala-1
  intermittent: ENX028_school-campus-solar-maintenance-scheduler.json::enx-028-preventive-maintenance::enx-028-preventive-maintenance-4 — lsp-1+scala-1 | cpp-1 then cpp-1+lsp-1+scala-1 then cpp-1+lsp-1+scala-1
  intermittent: ENX029_school-campus-solar-power-quality-guardian.json::enx-029-operating-window-ok::enx-029-operating-window-ok-4 — lsp-1+scala-1 | cpp-1 then cpp-1+lsp-1+scala-1 then lsp-1+scala-1 | cpp-1
  intermittent: ENX029_school-campus-solar-power-quality-guardian.json::enx-029-optimize-dispatch::enx-029-optimize-dispatch-4 — lsp-1+scala-1 | cpp-1 then lsp-1+scala-1 | cpp-1 then cpp-1+lsp-1+scala-1
  intermittent: ENX029_school-campus-solar-power-quality-guardian.json::enx-029-preventive-maintenance::enx-029-preventive-maintenance-4 — lsp-1+scala-1 | cpp-1 then cpp-1+lsp-1+scala-1 then cpp-1+lsp-1+scala-1
  intermittent: ENX030_school-campus-solar-resilience-mode-router.json::enx-030-preventive-maintenance::enx-030-preventive-maintenance-4 — lsp-1+scala-1 | cpp-1 then lsp-1+scala-1 | cpp-1 then cpp-1+lsp-1+scala-1
  intermittent: ENX031_school-campus-solar-optimization-planner.json::enx-031-operating-window-ok::enx-031-operating-window-ok-4 — lsp-1+scala-1 | cpp-1 then cpp-1+lsp-1+scala-1 then cpp-1+lsp-1+scala-1
  intermittent: ENX031_school-campus-solar-optimization-planner.json::enx-031-optimize-dispatch::enx-031-optimize-dispatch-4 — lsp-1+scala-1 | cpp-1 then cpp-1+lsp-1+scala-1 then cpp-1+lsp-1+scala-1
  intermittent: ENX031_school-campus-solar-optimization-planner.json::enx-031-preventive-maintenance::enx-031-preventive-maintenance-4 — lsp-1+scala-1 | cpp-1 then lsp-1+scala-1 | cpp-1 then cpp-1+lsp-1+scala-1
  intermittent: ENX032_school-campus-solar-safety-compliance-checker.json::enx-032-operating-window-ok::enx-032-operating-window-ok-4 — lsp-1+scala-1 | cpp-1 then lsp-1+scala-1 | cpp-1 then cpp-1+lsp-1+scala-1
  intermittent: ENX032_school-campus-solar-safety-compliance-checker.json::enx-032-optimize-dispatch::enx-032-optimize-dispatch-4 — lsp-1+scala-1 | cpp-1 then cpp-1+lsp-1+scala-1 then lsp-1+scala-1 | cpp-1
  intermittent: ENX033_ground-mount-solar-field-availability-monitor.json::enx-033-operating-window-ok::enx-033-operating-window-ok-4 — lsp-1+scala-1 | cpp-1 then cpp-1+lsp-1+scala-1 then lsp-1+scala-1 | cpp-1
  intermittent: ENX033_ground-mount-solar-field-availability-monitor.json::enx-033-optimize-dispatch::enx-033-optimize-dispatch-4 — lsp-1+scala-1 | cpp-1 then lsp-1+scala-1 | cpp-1 then cpp-1+lsp-1+scala-1
  intermittent: ENX033_ground-mount-solar-field-availability-monitor.json::enx-033-urgent-stabilize::enx-033-urgent-stabilize-4 — lsp-1+scala-1 | cpp-1 then lsp-1+scala-1 | cpp-1 then cpp-1+lsp-1+scala-1
  intermittent: ENX034_ground-mount-solar-field-dispatch-controller.json::enx-034-preventive-maintenance::enx-034-preventive-maintenance-4 — lsp-1+scala-1 | cpp-1 then cpp-1+lsp-1+scala-1 then lsp-1+scala-1 | cpp-1
  intermittent: ENX035_ground-mount-solar-field-forecast-gatekeeper.json::enx-035-optimize-dispatch::enx-035-optimize-dispatch-4 — lsp-1+scala-1 | cpp-1 then cpp-1+lsp-1+scala-1 then lsp-1+scala-1 | cpp-1
  intermittent: ENX036_ground-mount-solar-field-maintenance-scheduler.json::enx-036-operating-window-ok::enx-036-operating-window-ok-4 — lsp-1+scala-1 | cpp-1 then cpp-1+lsp-1+scala-1 then lsp-1+scala-1 | cpp-1
  intermittent: ENX036_ground-mount-solar-field-maintenance-scheduler.json::enx-036-preventive-maintenance::enx-036-preventive-maintenance-4 — lsp-1+scala-1 | cpp-1 then cpp-1+lsp-1+scala-1 then cpp-1+lsp-1+scala-1
  intermittent: ENX037_ground-mount-solar-field-power-quality-guardian.json::enx-037-optimize-dispatch::enx-037-optimize-dispatch-4 — lsp-1+scala-1 | cpp-1 then cpp-1+lsp-1+scala-1 then lsp-1+scala-1 | cpp-1
  intermittent: ENX037_ground-mount-solar-field-power-quality-guardian.json::enx-037-preventive-maintenance::enx-037-preventive-maintenance-4 — lsp-1+scala-1 | cpp-1 then cpp-1+lsp-1+scala-1 then lsp-1+scala-1 | cpp-1
  intermittent: ENX038_ground-mount-solar-field-resilience-mode-router.json::enx-038-optimize-dispatch::enx-038-optimize-dispatch-4 — lsp-1+scala-1 | cpp-1 then lsp-1+scala-1 | cpp-1 then cpp-1+lsp-1+scala-1
  intermittent: ENX039_ground-mount-solar-field-optimization-planner.json::enx-039-optimize-dispatch::enx-039-optimize-dispatch-4 — lsp-1+scala-1 | cpp-1 then lsp-1+scala-1 | cpp-1 then cpp-1+lsp-1+scala-1
  intermittent: ENX039_ground-mount-solar-field-optimization-planner.json::enx-039-urgent-stabilize::enx-039-urgent-stabilize-4 — lsp-1+scala-1 | cpp-1 then lsp-1+scala-1 | cpp-1 then cpp-1+lsp-1+scala-1
  intermittent: ENX041_solar-inverter-bank-availability-monitor.json::enx-041-operating-window-ok::enx-041-operating-window-ok-4 — lsp-1+scala-1 | cpp-1 then cpp-1+lsp-1+scala-1 then cpp-1+lsp-1+scala-1
  intermittent: ENX041_solar-inverter-bank-availability-monitor.json::enx-041-optimize-dispatch::enx-041-optimize-dispatch-4 — lsp-1+scala-1 | cpp-1 then cpp-1+lsp-1+scala-1 then lsp-1+scala-1 | cpp-1
  intermittent: ENX041_solar-inverter-bank-availability-monitor.json::enx-041-preventive-maintenance::enx-041-preventive-maintenance-4 — lsp-1+scala-1 | cpp-1 then cpp-1+lsp-1+scala-1 then cpp-1+lsp-1+scala-1
  intermittent: ENX041_solar-inverter-bank-availability-monitor.json::enx-041-urgent-stabilize::enx-041-urgent-stabilize-4 — lsp-1+scala-1 | cpp-1 then cpp-1+lsp-1+scala-1 then cpp-1+lsp-1+scala-1
  intermittent: ENX042_solar-inverter-bank-dispatch-controller.json::enx-042-operating-window-ok::enx-042-operating-window-ok-4 — lsp-1+scala-1 | cpp-1 then cpp-1+lsp-1+scala-1 then lsp-1+scala-1 | cpp-1
  intermittent: ENX042_solar-inverter-bank-dispatch-controller.json::enx-042-urgent-stabilize::enx-042-urgent-stabilize-4 — lsp-1+scala-1 | cpp-1 then cpp-1+lsp-1+scala-1 then cpp-1+lsp-1+scala-1
  intermittent: ENX043_solar-inverter-bank-forecast-gatekeeper.json::enx-043-operating-window-ok::enx-043-operating-window-ok-4 — lsp-1+scala-1 | cpp-1 then cpp-1+lsp-1+scala-1 then cpp-1+lsp-1+scala-1
  intermittent: ENX043_solar-inverter-bank-forecast-gatekeeper.json::enx-043-optimize-dispatch::enx-043-optimize-dispatch-4 — lsp-1+scala-1 | cpp-1 then cpp-1+lsp-1+scala-1 then lsp-1+scala-1 | cpp-1
  intermittent: ENX043_solar-inverter-bank-forecast-gatekeeper.json::enx-043-preventive-maintenance::enx-043-preventive-maintenance-4 — lsp-1+scala-1 | cpp-1 then cpp-1+lsp-1+scala-1 then lsp-1+scala-1 | cpp-1
  intermittent: ENX043_solar-inverter-bank-forecast-gatekeeper.json::enx-043-urgent-stabilize::enx-043-urgent-stabilize-4 — lsp-1+scala-1 | cpp-1 then cpp-1+lsp-1+scala-1 then lsp-1+scala-1 | cpp-1
  intermittent: ENX044_solar-inverter-bank-maintenance-scheduler.json::enx-044-optimize-dispatch::enx-044-optimize-dispatch-4 — lsp-1+scala-1 | cpp-1 then cpp-1+lsp-1+scala-1 then cpp-1+lsp-1+scala-1
  intermittent: ENX044_solar-inverter-bank-maintenance-scheduler.json::enx-044-preventive-maintenance::enx-044-preventive-maintenance-4 — lsp-1+scala-1 | cpp-1 then lsp-1+scala-1 | cpp-1 then cpp-1+lsp-1+scala-1
  intermittent: ENX044_solar-inverter-bank-maintenance-scheduler.json::enx-044-urgent-stabilize::enx-044-urgent-stabilize-4 — lsp-1+scala-1 | cpp-1 then cpp-1+lsp-1+scala-1 then lsp-1+scala-1 | cpp-1
  intermittent: ENX045_solar-inverter-bank-power-quality-guardian.json::enx-045-preventive-maintenance::enx-045-preventive-maintenance-4 — lsp-1+scala-1 | cpp-1 then cpp-1+lsp-1+scala-1 then cpp-1+lsp-1+scala-1
  intermittent: ENX046_solar-inverter-bank-resilience-mode-router.json::enx-046-operating-window-ok::enx-046-operating-window-ok-4 — lsp-1+scala-1 | cpp-1 then lsp-1+scala-1 | cpp-1 then cpp-1+lsp-1+scala-1
  intermittent: ENX046_solar-inverter-bank-resilience-mode-router.json::enx-046-optimize-dispatch::enx-046-optimize-dispatch-4 — lsp-1+scala-1 | cpp-1 then cpp-1+lsp-1+scala-1 then cpp-1+lsp-1+scala-1
  intermittent: ENX046_solar-inverter-bank-resilience-mode-router.json::enx-046-preventive-maintenance::enx-046-preventive-maintenance-4 — lsp-1+scala-1 | cpp-1 then lsp-1+scala-1 | cpp-1 then cpp-1+lsp-1+scala-1
  intermittent: ENX046_solar-inverter-bank-resilience-mode-router.json::enx-046-urgent-stabilize::enx-046-urgent-stabilize-4 — lsp-1+scala-1 | cpp-1 then cpp-1+lsp-1+scala-1 then cpp-1+lsp-1+scala-1
  intermittent: ENX047_solar-inverter-bank-optimization-planner.json::enx-047-operating-window-ok::enx-047-operating-window-ok-4 — lsp-1+scala-1 | cpp-1 then cpp-1+lsp-1+scala-1 then lsp-1+scala-1 | cpp-1
  intermittent: ENX047_solar-inverter-bank-optimization-planner.json::enx-047-optimize-dispatch::enx-047-optimize-dispatch-4 — lsp-1+scala-1 | cpp-1 then cpp-1+lsp-1+scala-1 then cpp-1+lsp-1+scala-1
  intermittent: ENX047_solar-inverter-bank-optimization-planner.json::enx-047-preventive-maintenance::enx-047-preventive-maintenance-4 — lsp-1+scala-1 | cpp-1 then cpp-1+lsp-1+scala-1 then cpp-1+lsp-1+scala-1
  intermittent: ENX048_solar-inverter-bank-safety-compliance-checker.json::enx-048-operating-window-ok::enx-048-operating-window-ok-4 — lsp-1+scala-1 | cpp-1 then cpp-1+lsp-1+scala-1 then cpp-1+lsp-1+scala-1
  intermittent: ENX048_solar-inverter-bank-safety-compliance-checker.json::enx-048-optimize-dispatch::enx-048-optimize-dispatch-4 — lsp-1+scala-1 | cpp-1 then cpp-1+lsp-1+scala-1 then lsp-1+scala-1 | cpp-1
  intermittent: ENX048_solar-inverter-bank-safety-compliance-checker.json::enx-048-preventive-maintenance::enx-048-preventive-maintenance-4 — lsp-1+scala-1 | cpp-1 then cpp-1+lsp-1+scala-1 then lsp-1+scala-1 | cpp-1
  intermittent: ENX048_solar-inverter-bank-safety-compliance-checker.json::enx-048-urgent-stabilize::enx-048-urgent-stabilize-4 — lsp-1+scala-1 | cpp-1 then cpp-1+lsp-1+scala-1 then cpp-1+lsp-1+scala-1
  intermittent: ENX049_solar-string-combiner-availability-monitor.json::enx-049-operating-window-ok::enx-049-operating-window-ok-4 — lsp-1+scala-1 | cpp-1 then cpp-1+lsp-1+scala-1 then cpp-1+lsp-1+scala-1
  intermittent: ENX049_solar-string-combiner-availability-monitor.json::enx-049-optimize-dispatch::enx-049-optimize-dispatch-4 — lsp-1+scala-1 | cpp-1 then cpp-1+lsp-1+scala-1 then cpp-1+lsp-1+scala-1
  intermittent: ENX049_solar-string-combiner-availability-monitor.json::enx-049-preventive-maintenance::enx-049-preventive-maintenance-4 — lsp-1+scala-1 | cpp-1 then cpp-1+lsp-1+scala-1 then cpp-1+lsp-1+scala-1
  intermittent: ENX050_solar-string-combiner-dispatch-controller.json::enx-050-operating-window-ok::enx-050-operating-window-ok-4 — lsp-1+scala-1 | cpp-1 then cpp-1+lsp-1+scala-1 then cpp-1+lsp-1+scala-1
  intermittent: ENX050_solar-string-combiner-dispatch-controller.json::enx-050-optimize-dispatch::enx-050-optimize-dispatch-4 — lsp-1+scala-1 | cpp-1 then lsp-1+scala-1 | cpp-1 then cpp-1+lsp-1+scala-1
  intermittent: ENX050_solar-string-combiner-dispatch-controller.json::enx-050-preventive-maintenance::enx-050-preventive-maintenance-4 — lsp-1+scala-1 | cpp-1 then cpp-1+lsp-1+scala-1 then cpp-1+lsp-1+scala-1
  intermittent: ENX051_solar-string-combiner-forecast-gatekeeper.json::enx-051-optimize-dispatch::enx-051-optimize-dispatch-4 — lsp-1+scala-1 | cpp-1 then lsp-1+scala-1 | cpp-1 then cpp-1+lsp-1+scala-1
  intermittent: ENX051_solar-string-combiner-forecast-gatekeeper.json::enx-051-preventive-maintenance::enx-051-preventive-maintenance-4 — lsp-1+scala-1 | cpp-1 then lsp-1+scala-1 | cpp-1 then cpp-1+lsp-1+scala-1
  intermittent: ENX051_solar-string-combiner-forecast-gatekeeper.json::enx-051-urgent-stabilize::enx-051-urgent-stabilize-4 — lsp-1+scala-1 | cpp-1 then cpp-1+lsp-1+scala-1 then cpp-1+lsp-1+scala-1
  intermittent: ENX052_solar-string-combiner-maintenance-scheduler.json::enx-052-operating-window-ok::enx-052-operating-window-ok-4 — lsp-1+scala-1 | cpp-1 then lsp-1+scala-1 | cpp-1 then cpp-1+lsp-1+scala-1
  intermittent: ENX052_solar-string-combiner-maintenance-scheduler.json::enx-052-preventive-maintenance::enx-052-preventive-maintenance-4 — lsp-1+scala-1 | cpp-1 then lsp-1+scala-1 | cpp-1 then cpp-1+lsp-1+scala-1
  intermittent: ENX052_solar-string-combiner-maintenance-scheduler.json::enx-052-urgent-stabilize::enx-052-urgent-stabilize-4 — lsp-1+scala-1 | cpp-1 then cpp-1+lsp-1+scala-1 then cpp-1+lsp-1+scala-1
  intermittent: ENX053_solar-string-combiner-power-quality-guardian.json::enx-053-operating-window-ok::enx-053-operating-window-ok-4 — lsp-1+scala-1 | cpp-1 then lsp-1+scala-1 | cpp-1 then cpp-1+lsp-1+scala-1
  intermittent: ENX054_solar-string-combiner-resilience-mode-router.json::enx-054-operating-window-ok::enx-054-operating-window-ok-4 — lsp-1+scala-1 | cpp-1 then cpp-1+lsp-1+scala-1 then cpp-1+lsp-1+scala-1
  intermittent: ENX054_solar-string-combiner-resilience-mode-router.json::enx-054-optimize-dispatch::enx-054-optimize-dispatch-4 — lsp-1+scala-1 | cpp-1 then lsp-1+scala-1 | cpp-1 then cpp-1+lsp-1+scala-1
  intermittent: ENX054_solar-string-combiner-resilience-mode-router.json::enx-054-urgent-stabilize::enx-054-urgent-stabilize-4 — lsp-1+scala-1 | cpp-1 then cpp-1+lsp-1+scala-1 then cpp-1+lsp-1+scala-1
  intermittent: ENX055_solar-string-combiner-optimization-planner.json::enx-055-optimize-dispatch::enx-055-optimize-dispatch-4 — lsp-1+scala-1 | cpp-1 then lsp-1+scala-1 | cpp-1 then cpp-1+lsp-1+scala-1
  intermittent: ENX055_solar-string-combiner-optimization-planner.json::enx-055-preventive-maintenance::enx-055-preventive-maintenance-4 — lsp-1+scala-1 | cpp-1 then lsp-1+scala-1 | cpp-1 then cpp-1+lsp-1+scala-1
  intermittent: ENX055_solar-string-combiner-optimization-planner.json::enx-055-urgent-stabilize::enx-055-urgent-stabilize-4 — lsp-1+scala-1 | cpp-1 then cpp-1+lsp-1+scala-1 then cpp-1+lsp-1+scala-1
  intermittent: ENX056_solar-string-combiner-safety-compliance-checker.json::enx-056-preventive-maintenance::enx-056-preventive-maintenance-4 — lsp-1+scala-1 | cpp-1 then lsp-1+scala-1 | cpp-1 then cpp-1+lsp-1+scala-1
  intermittent: ENX057_solar-soiling-and-wash-crew-availability-monitor.json::enx-057-preventive-maintenance::enx-057-preventive-maintenance-4 — lsp-1+scala-1 | cpp-1 then cpp-1+lsp-1+scala-1 then lsp-1+scala-1 | cpp-1
  intermittent: ENX058_solar-soiling-and-wash-crew-dispatch-controller.json::enx-058-operating-window-ok::enx-058-operating-window-ok-4 — lsp-1+scala-1 | cpp-1 then lsp-1+scala-1 | cpp-1 then cpp-1+lsp-1+scala-1
  intermittent: ENX058_solar-soiling-and-wash-crew-dispatch-controller.json::enx-058-preventive-maintenance::enx-058-preventive-maintenance-4 — lsp-1+scala-1 | cpp-1 then lsp-1+scala-1 | cpp-1 then cpp-1+lsp-1+scala-1
  intermittent: ENX059_solar-soiling-and-wash-crew-forecast-gatekeeper.json::enx-059-operating-window-ok::enx-059-operating-window-ok-4 — lsp-1+scala-1 | cpp-1 then lsp-1+scala-1 | cpp-1 then cpp-1+lsp-1+scala-1
  intermittent: ENX059_solar-soiling-and-wash-crew-forecast-gatekeeper.json::enx-059-optimize-dispatch::enx-059-optimize-dispatch-4 — lsp-1+scala-1 | cpp-1 then lsp-1+scala-1 | cpp-1 then cpp-1+lsp-1+scala-1
  intermittent: ENX060_solar-soiling-and-wash-crew-maintenance-scheduler.json::enx-060-preventive-maintenance::enx-060-preventive-maintenance-4 — lsp-1+scala-1 | cpp-1 then cpp-1+lsp-1+scala-1 then lsp-1+scala-1 | cpp-1
  intermittent: ENX061_solar-soiling-and-wash-crew-power-quality-guardian.json::enx-061-optimize-dispatch::enx-061-optimize-dispatch-4 — lsp-1+scala-1 | cpp-1 then cpp-1+lsp-1+scala-1 then cpp-1+lsp-1+scala-1
  intermittent: ENX061_solar-soiling-and-wash-crew-power-quality-guardian.json::enx-061-preventive-maintenance::enx-061-preventive-maintenance-4 — lsp-1+scala-1 | cpp-1 then cpp-1+lsp-1+scala-1 then lsp-1+scala-1 | cpp-1
  intermittent: ENX061_solar-soiling-and-wash-crew-power-quality-guardian.json::enx-061-urgent-stabilize::enx-061-urgent-stabilize-4 — lsp-1+scala-1 | cpp-1 then cpp-1+lsp-1+scala-1 then cpp-1+lsp-1+scala-1
  intermittent: ENX062_solar-soiling-and-wash-crew-resilience-mode-router.json::enx-062-optimize-dispatch::enx-062-optimize-dispatch-4 — lsp-1+scala-1 | cpp-1 then lsp-1+scala-1 | cpp-1 then cpp-1+lsp-1+scala-1
  intermittent: ENX063_solar-soiling-and-wash-crew-optimization-planner.json::enx-063-preventive-maintenance::enx-063-preventive-maintenance-4 — lsp-1+scala-1 | cpp-1 then cpp-1+lsp-1+scala-1 then cpp-1+lsp-1+scala-1
  intermittent: ENX063_solar-soiling-and-wash-crew-optimization-planner.json::enx-063-urgent-stabilize::enx-063-urgent-stabilize-4 — lsp-1+scala-1 | cpp-1 then cpp-1+lsp-1+scala-1 then cpp-1+lsp-1+scala-1
  intermittent: ENX064_solar-soiling-and-wash-crew-safety-compliance-checker.json::enx-064-preventive-maintenance::enx-064-preventive-maintenance-4 — lsp-1+scala-1 | cpp-1 then lsp-1+scala-1 | cpp-1 then cpp-1+lsp-1+scala-1
  intermittent: ENX065_battery-container-rack-availability-monitor.json::enx-065-operating-window-ok::enx-065-operating-window-ok-4 — lsp-1+scala-1 | cpp-1 then lsp-1+scala-1 | cpp-1 then cpp-1+lsp-1+scala-1
  intermittent: ENX065_battery-container-rack-availability-monitor.json::enx-065-urgent-stabilize::enx-065-urgent-stabilize-4 — lsp-1+scala-1 | cpp-1 then lsp-1+scala-1 | cpp-1 then cpp-1+lsp-1+scala-1
  intermittent: ENX066_battery-container-rack-dispatch-controller.json::enx-066-urgent-stabilize::enx-066-urgent-stabilize-4 — lsp-1+scala-1 | cpp-1 then lsp-1+scala-1 | cpp-1 then cpp-1+lsp-1+scala-1
  intermittent: ENX067_battery-container-rack-forecast-gatekeeper.json::enx-067-optimize-dispatch::enx-067-optimize-dispatch-4 — lsp-1+scala-1 | cpp-1 then lsp-1+scala-1 | cpp-1 then cpp-1+lsp-1+scala-1
  intermittent: ENX068_battery-container-rack-maintenance-scheduler.json::enx-068-operating-window-ok::enx-068-operating-window-ok-4 — lsp-1+scala-1 | cpp-1 then cpp-1+lsp-1+scala-1 then cpp-1+lsp-1+scala-1
  intermittent: ENX068_battery-container-rack-maintenance-scheduler.json::enx-068-preventive-maintenance::enx-068-preventive-maintenance-4 — lsp-1+scala-1 | cpp-1 then lsp-1+scala-1 | cpp-1 then cpp-1+lsp-1+scala-1
  intermittent: ENX069_battery-container-rack-power-quality-guardian.json::enx-069-operating-window-ok::enx-069-operating-window-ok-4 — lsp-1+scala-1 | cpp-1 then lsp-1+scala-1 | cpp-1 then cpp-1+lsp-1+scala-1
  intermittent: ENX070_battery-container-rack-resilience-mode-router.json::enx-070-urgent-stabilize::enx-070-urgent-stabilize-4 — lsp-1+scala-1 | cpp-1 then cpp-1+lsp-1+scala-1 then cpp-1+lsp-1+scala-1
  intermittent: ENX071_battery-container-rack-optimization-planner.json::enx-071-preventive-maintenance::enx-071-preventive-maintenance-4 — lsp-1+scala-1 | cpp-1 then cpp-1+lsp-1+scala-1 then cpp-1+lsp-1+scala-1
  intermittent: ENX071_battery-container-rack-optimization-planner.json::enx-071-urgent-stabilize::enx-071-urgent-stabilize-4 — lsp-1+scala-1 | cpp-1 then cpp-1+lsp-1+scala-1 then cpp-1+lsp-1+scala-1
  intermittent: ENX072_battery-container-rack-safety-compliance-checker.json::enx-072-operating-window-ok::enx-072-operating-window-ok-4 — lsp-1+scala-1 | cpp-1 then lsp-1+scala-1 | cpp-1 then cpp-1+lsp-1+scala-1
  intermittent: ENX072_battery-container-rack-safety-compliance-checker.json::enx-072-preventive-maintenance::enx-072-preventive-maintenance-4 — lsp-1+scala-1 | cpp-1 then lsp-1+scala-1 | cpp-1 then cpp-1+lsp-1+scala-1
  intermittent: ENX072_battery-container-rack-safety-compliance-checker.json::enx-072-urgent-stabilize::enx-072-urgent-stabilize-4 — lsp-1+scala-1 | cpp-1 then cpp-1+lsp-1+scala-1 then cpp-1+lsp-1+scala-1
  intermittent: ENX073_battery-bms-cell-balance-availability-monitor.json::enx-073-optimize-dispatch::enx-073-optimize-dispatch-4 — lsp-1+scala-1 | cpp-1 then cpp-1+lsp-1+scala-1 then lsp-1+scala-1 | cpp-1
  intermittent: ENX074_battery-bms-cell-balance-dispatch-controller.json::enx-074-operating-window-ok::enx-074-operating-window-ok-4 — lsp-1+scala-1 | cpp-1 then lsp-1+scala-1 | cpp-1 then cpp-1+lsp-1+scala-1
  intermittent: ENX074_battery-bms-cell-balance-dispatch-controller.json::enx-074-optimize-dispatch::enx-074-optimize-dispatch-4 — lsp-1+scala-1 | cpp-1 then cpp-1+lsp-1+scala-1 then cpp-1+lsp-1+scala-1
  intermittent: ENX074_battery-bms-cell-balance-dispatch-controller.json::enx-074-urgent-stabilize::enx-074-urgent-stabilize-4 — lsp-1+scala-1 | cpp-1 then cpp-1+lsp-1+scala-1 then cpp-1+lsp-1+scala-1
  intermittent: ENX075_battery-bms-cell-balance-forecast-gatekeeper.json::enx-075-operating-window-ok::enx-075-operating-window-ok-4 — lsp-1+scala-1 | cpp-1 then cpp-1+lsp-1+scala-1 then lsp-1+scala-1 | cpp-1
  intermittent: ENX075_battery-bms-cell-balance-forecast-gatekeeper.json::enx-075-preventive-maintenance::enx-075-preventive-maintenance-4 — lsp-1+scala-1 | cpp-1 then lsp-1+scala-1 | cpp-1 then cpp-1+lsp-1+scala-1
  intermittent: ENX075_battery-bms-cell-balance-forecast-gatekeeper.json::enx-075-urgent-stabilize::enx-075-urgent-stabilize-4 — lsp-1+scala-1 | cpp-1 then cpp-1+lsp-1+scala-1 then lsp-1+scala-1 | cpp-1
  intermittent: ENX076_battery-bms-cell-balance-maintenance-scheduler.json::enx-076-preventive-maintenance::enx-076-preventive-maintenance-4 — lsp-1+scala-1 | cpp-1 then cpp-1+lsp-1+scala-1 then lsp-1+scala-1 | cpp-1
  intermittent: ENX077_battery-bms-cell-balance-power-quality-guardian.json::enx-077-preventive-maintenance::enx-077-preventive-maintenance-4 — lsp-1+scala-1 | cpp-1 then cpp-1+lsp-1+scala-1 then lsp-1+scala-1 | cpp-1
  intermittent: ENX078_battery-bms-cell-balance-resilience-mode-router.json::enx-078-preventive-maintenance::enx-078-preventive-maintenance-4 — lsp-1+scala-1 | cpp-1 then cpp-1+lsp-1+scala-1 then lsp-1+scala-1 | cpp-1
  intermittent: ENX078_battery-bms-cell-balance-resilience-mode-router.json::enx-078-urgent-stabilize::enx-078-urgent-stabilize-4 — lsp-1+scala-1 | cpp-1 then cpp-1+lsp-1+scala-1 then lsp-1+scala-1 | cpp-1
  intermittent: ENX079_battery-bms-cell-balance-optimization-planner.json::enx-079-operating-window-ok::enx-079-operating-window-ok-4 — lsp-1+scala-1 | cpp-1 then cpp-1+lsp-1+scala-1 then cpp-1+lsp-1+scala-1
  intermittent: ENX079_battery-bms-cell-balance-optimization-planner.json::enx-079-optimize-dispatch::enx-079-optimize-dispatch-4 — lsp-1+scala-1 | cpp-1 then cpp-1+lsp-1+scala-1 then lsp-1+scala-1 | cpp-1
  intermittent: ENX079_battery-bms-cell-balance-optimization-planner.json::enx-079-urgent-stabilize::enx-079-urgent-stabilize-4 — lsp-1+scala-1 | cpp-1 then cpp-1+lsp-1+scala-1 then lsp-1+scala-1 | cpp-1
  intermittent: ENX080_battery-bms-cell-balance-safety-compliance-checker.json::enx-080-preventive-maintenance::enx-080-preventive-maintenance-4 — lsp-1+scala-1 | cpp-1 then cpp-1+lsp-1+scala-1 then lsp-1+scala-1 | cpp-1
  intermittent: ENX081_battery-thermal-management-availability-monitor.json::enx-081-optimize-dispatch::enx-081-optimize-dispatch-4 — lsp-1+scala-1 | cpp-1 then cpp-1+lsp-1+scala-1 then cpp-1+lsp-1+scala-1
  intermittent: ENX081_battery-thermal-management-availability-monitor.json::enx-081-preventive-maintenance::enx-081-preventive-maintenance-4 — lsp-1+scala-1 | cpp-1 then cpp-1+lsp-1+scala-1 then lsp-1+scala-1 | cpp-1
  intermittent: ENX081_battery-thermal-management-availability-monitor.json::enx-081-urgent-stabilize::enx-081-urgent-stabilize-4 — lsp-1+scala-1 | cpp-1 then cpp-1+lsp-1+scala-1 then cpp-1+lsp-1+scala-1
  intermittent: ENX082_battery-thermal-management-dispatch-controller.json::enx-082-operating-window-ok::enx-082-operating-window-ok-4 — lsp-1+scala-1 | cpp-1 then cpp-1+lsp-1+scala-1 then lsp-1+scala-1 | cpp-1
  intermittent: ENX082_battery-thermal-management-dispatch-controller.json::enx-082-preventive-maintenance::enx-082-preventive-maintenance-4 — lsp-1+scala-1 | cpp-1 then cpp-1+lsp-1+scala-1 then cpp-1+lsp-1+scala-1
  intermittent: ENX082_battery-thermal-management-dispatch-controller.json::enx-082-urgent-stabilize::enx-082-urgent-stabilize-4 — lsp-1+scala-1 | cpp-1 then cpp-1+lsp-1+scala-1 then lsp-1+scala-1 | cpp-1
  intermittent: ENX083_battery-thermal-management-forecast-gatekeeper.json::enx-083-operating-window-ok::enx-083-operating-window-ok-4 — lsp-1+scala-1 | cpp-1 then cpp-1+lsp-1+scala-1 then cpp-1+lsp-1+scala-1
  intermittent: ENX083_battery-thermal-management-forecast-gatekeeper.json::enx-083-preventive-maintenance::enx-083-preventive-maintenance-4 — lsp-1+scala-1 | cpp-1 then lsp-1+scala-1 | cpp-1 then cpp-1+lsp-1+scala-1
  intermittent: ENX084_battery-thermal-management-maintenance-scheduler.json::enx-084-operating-window-ok::enx-084-operating-window-ok-4 — lsp-1+scala-1 | cpp-1 then lsp-1+scala-1 | cpp-1 then cpp-1+lsp-1+scala-1
  intermittent: ENX084_battery-thermal-management-maintenance-scheduler.json::enx-084-preventive-maintenance::enx-084-preventive-maintenance-4 — lsp-1+scala-1 | cpp-1 then lsp-1+scala-1 | cpp-1 then cpp-1+lsp-1+scala-1
  intermittent: ENX085_battery-thermal-management-power-quality-guardian.json::enx-085-operating-window-ok::enx-085-operating-window-ok-4 — lsp-1+scala-1 | cpp-1 then cpp-1+lsp-1+scala-1 then lsp-1+scala-1 | cpp-1
  intermittent: ENX085_battery-thermal-management-power-quality-guardian.json::enx-085-optimize-dispatch::enx-085-optimize-dispatch-4 — lsp-1+scala-1 | cpp-1 then lsp-1+scala-1 | cpp-1 then cpp-1+lsp-1+scala-1
  intermittent: ENX085_battery-thermal-management-power-quality-guardian.json::enx-085-urgent-stabilize::enx-085-urgent-stabilize-4 — lsp-1+scala-1 | cpp-1 then lsp-1+scala-1 | cpp-1 then cpp-1+lsp-1+scala-1
  intermittent: ENX086_battery-thermal-management-resilience-mode-router.json::enx-086-preventive-maintenance::enx-086-preventive-maintenance-4 — lsp-1+scala-1 | cpp-1 then cpp-1+lsp-1+scala-1 then lsp-1+scala-1 | cpp-1
  intermittent: ENX087_battery-thermal-management-optimization-planner.json::enx-087-operating-window-ok::enx-087-operating-window-ok-4 — lsp-1+scala-1 | cpp-1 then cpp-1+lsp-1+scala-1 then cpp-1+lsp-1+scala-1
  intermittent: ENX087_battery-thermal-management-optimization-planner.json::enx-087-preventive-maintenance::enx-087-preventive-maintenance-4 — lsp-1+scala-1 | cpp-1 then cpp-1+lsp-1+scala-1 then cpp-1+lsp-1+scala-1
  intermittent: ENX088_battery-thermal-management-safety-compliance-checker.json::enx-088-operating-window-ok::enx-088-operating-window-ok-4 — lsp-1+scala-1 | cpp-1 then cpp-1+lsp-1+scala-1 then cpp-1+lsp-1+scala-1
  intermittent: ENX088_battery-thermal-management-safety-compliance-checker.json::enx-088-optimize-dispatch::enx-088-optimize-dispatch-4 — lsp-1+scala-1 | cpp-1 then lsp-1+scala-1 | cpp-1 then cpp-1+lsp-1+scala-1
  intermittent: ENX088_battery-thermal-management-safety-compliance-checker.json::enx-088-preventive-maintenance::enx-088-preventive-maintenance-4 — lsp-1+scala-1 | cpp-1 then lsp-1+scala-1 | cpp-1 then cpp-1+lsp-1+scala-1
  intermittent: ENX088_battery-thermal-management-safety-compliance-checker.json::enx-088-urgent-stabilize::enx-088-urgent-stabilize-4 — lsp-1+scala-1 | cpp-1 then cpp-1+lsp-1+scala-1 then cpp-1+lsp-1+scala-1
  intermittent: ENX089_battery-fire-safety-loop-availability-monitor.json::enx-089-operating-window-ok::enx-089-operating-window-ok-4 — lsp-1+scala-1 | cpp-1 then cpp-1+lsp-1+scala-1 then cpp-1+lsp-1+scala-1
  intermittent: ENX089_battery-fire-safety-loop-availability-monitor.json::enx-089-preventive-maintenance::enx-089-preventive-maintenance-4 — lsp-1+scala-1 | cpp-1 then cpp-1+lsp-1+scala-1 then cpp-1+lsp-1+scala-1
  intermittent: ENX089_battery-fire-safety-loop-availability-monitor.json::enx-089-urgent-stabilize::enx-089-urgent-stabilize-4 — lsp-1+scala-1 | cpp-1 then lsp-1+scala-1 | cpp-1 then cpp-1+lsp-1+scala-1
  intermittent: ENX090_battery-fire-safety-loop-dispatch-controller.json::enx-090-operating-window-ok::enx-090-operating-window-ok-4 — lsp-1+scala-1 | cpp-1 then lsp-1+scala-1 | cpp-1 then cpp-1+lsp-1+scala-1
  intermittent: ENX090_battery-fire-safety-loop-dispatch-controller.json::enx-090-preventive-maintenance::enx-090-preventive-maintenance-4 — lsp-1+scala-1 | cpp-1 then cpp-1+lsp-1+scala-1 then cpp-1+lsp-1+scala-1
  intermittent: ENX090_battery-fire-safety-loop-dispatch-controller.json::enx-090-urgent-stabilize::enx-090-urgent-stabilize-4 — lsp-1+scala-1 | cpp-1 then cpp-1+lsp-1+scala-1 then cpp-1+lsp-1+scala-1
  intermittent: ENX091_battery-fire-safety-loop-forecast-gatekeeper.json::enx-091-optimize-dispatch::enx-091-optimize-dispatch-4 — lsp-1+scala-1 | cpp-1 then cpp-1+lsp-1+scala-1 then lsp-1+scala-1 | cpp-1
  intermittent: ENX092_battery-fire-safety-loop-maintenance-scheduler.json::enx-092-operating-window-ok::enx-092-operating-window-ok-4 — lsp-1+scala-1 | cpp-1 then cpp-1+lsp-1+scala-1 then cpp-1+lsp-1+scala-1
  intermittent: ENX092_battery-fire-safety-loop-maintenance-scheduler.json::enx-092-optimize-dispatch::enx-092-optimize-dispatch-4 — lsp-1+scala-1 | cpp-1 then lsp-1+scala-1 | cpp-1 then cpp-1+lsp-1+scala-1
  intermittent: ENX093_battery-fire-safety-loop-power-quality-guardian.json::enx-093-preventive-maintenance::enx-093-preventive-maintenance-4 — lsp-1+scala-1 | cpp-1 then cpp-1+lsp-1+scala-1 then cpp-1+lsp-1+scala-1
  intermittent: ENX093_battery-fire-safety-loop-power-quality-guardian.json::enx-093-urgent-stabilize::enx-093-urgent-stabilize-4 — lsp-1+scala-1 | cpp-1 then cpp-1+lsp-1+scala-1 then cpp-1+lsp-1+scala-1
  intermittent: ENX094_battery-fire-safety-loop-resilience-mode-router.json::enx-094-preventive-maintenance::enx-094-preventive-maintenance-4 — lsp-1+scala-1 | cpp-1 then cpp-1+lsp-1+scala-1 then cpp-1+lsp-1+scala-1
  intermittent: ENX094_battery-fire-safety-loop-resilience-mode-router.json::enx-094-urgent-stabilize::enx-094-urgent-stabilize-4 — lsp-1+scala-1 | cpp-1 then cpp-1+lsp-1+scala-1 then cpp-1+lsp-1+scala-1
  intermittent: ENX095_battery-fire-safety-loop-optimization-planner.json::enx-095-operating-window-ok::enx-095-operating-window-ok-4 — lsp-1+scala-1 | cpp-1 then cpp-1+lsp-1+scala-1 then cpp-1+lsp-1+scala-1
  intermittent: ENX095_battery-fire-safety-loop-optimization-planner.json::enx-095-urgent-stabilize::enx-095-urgent-stabilize-4 — lsp-1+scala-1 | cpp-1 then cpp-1+lsp-1+scala-1 then cpp-1+lsp-1+scala-1
  intermittent: ENX096_battery-fire-safety-loop-safety-compliance-checker.json::enx-096-optimize-dispatch::enx-096-optimize-dispatch-4 — lsp-1+scala-1 | cpp-1 then lsp-1+scala-1 | cpp-1 then cpp-1+lsp-1+scala-1
  intermittent: ENX097_battery-state-of-charge-reserve-availability-monitor.json::enx-097-operating-window-ok::enx-097-operating-window-ok-4 — lsp-1+scala-1 | cpp-1 then cpp-1+lsp-1+scala-1 then lsp-1+scala-1 | cpp-1
  intermittent: ENX097_battery-state-of-charge-reserve-availability-monitor.json::enx-097-preventive-maintenance::enx-097-preventive-maintenance-4 — lsp-1+scala-1 | cpp-1 then cpp-1+lsp-1+scala-1 then lsp-1+scala-1 | cpp-1
  intermittent: ENX097_battery-state-of-charge-reserve-availability-monitor.json::enx-097-urgent-stabilize::enx-097-urgent-stabilize-4 — lsp-1+scala-1 | cpp-1 then cpp-1+lsp-1+scala-1 then cpp-1+lsp-1+scala-1
  intermittent: ENX098_battery-state-of-charge-reserve-dispatch-controller.json::enx-098-preventive-maintenance::enx-098-preventive-maintenance-4 — lsp-1+scala-1 | cpp-1 then lsp-1+scala-1 | cpp-1 then cpp-1+lsp-1+scala-1
  intermittent: ENX099_battery-state-of-charge-reserve-forecast-gatekeeper.json::enx-099-preventive-maintenance::enx-099-preventive-maintenance-4 — lsp-1+scala-1 | cpp-1 then lsp-1+scala-1 | cpp-1 then cpp-1+lsp-1+scala-1
  intermittent: ENX099_battery-state-of-charge-reserve-forecast-gatekeeper.json::enx-099-urgent-stabilize::enx-099-urgent-stabilize-4 — lsp-1+scala-1 | cpp-1 then cpp-1+lsp-1+scala-1 then cpp-1+lsp-1+scala-1
  intermittent: ENX103_battery-state-of-charge-reserve-optimization-planner.json::enx-103-urgent-stabilize::enx-103-urgent-stabilize-4 — lsp-1+scala-1 | cpp-1 then cpp-1+lsp-1+scala-1 then lsp-1+scala-1 | cpp-1
  intermittent: ENX105_microgrid-point-of-common-coupling-availability-monitor.json::enx-105-operating-window-ok::enx-105-operating-window-ok-4 — lsp-1+scala-1 | cpp-1 then cpp-1+lsp-1+scala-1 then lsp-1+scala-1 | cpp-1
  intermittent: ENX107_microgrid-point-of-common-coupling-forecast-gatekeeper.json::enx-107-preventive-maintenance::enx-107-preventive-maintenance-4 — lsp-1+scala-1 | cpp-1 then cpp-1+lsp-1+scala-1 then lsp-1+scala-1 | cpp-1
  intermittent: ENX108_microgrid-point-of-common-coupling-maintenance-scheduler.json::enx-108-operating-window-ok::enx-108-operating-window-ok-4 — lsp-1+scala-1 | cpp-1 then cpp-1+lsp-1+scala-1 then cpp-1+lsp-1+scala-1
  intermittent: ENX109_microgrid-point-of-common-coupling-power-quality-guardian.json::enx-109-operating-window-ok::enx-109-operating-window-ok-4 — lsp-1+scala-1 | cpp-1 then lsp-1+scala-1 | cpp-1 then cpp-1+lsp-1+scala-1
  intermittent: ENX109_microgrid-point-of-common-coupling-power-quality-guardian.json::enx-109-optimize-dispatch::enx-109-optimize-dispatch-4 — lsp-1+scala-1 | cpp-1 then cpp-1+lsp-1+scala-1 then cpp-1+lsp-1+scala-1
  intermittent: ENX109_microgrid-point-of-common-coupling-power-quality-guardian.json::enx-109-preventive-maintenance::enx-109-preventive-maintenance-4 — lsp-1+scala-1 | cpp-1 then cpp-1+lsp-1+scala-1 then lsp-1+scala-1 | cpp-1
  intermittent: ENX110_microgrid-point-of-common-coupling-resilience-mode-router.json::enx-110-operating-window-ok::enx-110-operating-window-ok-4 — lsp-1+scala-1 | cpp-1 then lsp-1+scala-1 | cpp-1 then cpp-1+lsp-1+scala-1
  intermittent: ENX111_microgrid-point-of-common-coupling-optimization-planner.json::enx-111-optimize-dispatch::enx-111-optimize-dispatch-4 — lsp-1+scala-1 | cpp-1 then cpp-1+lsp-1+scala-1 then cpp-1+lsp-1+scala-1
  intermittent: ENX112_microgrid-point-of-common-coupling-safety-compliance-checker.json::enx-112-urgent-stabilize::enx-112-urgent-stabilize-4 — lsp-1+scala-1 | cpp-1 then cpp-1+lsp-1+scala-1 then cpp-1+lsp-1+scala-1
  intermittent: ENX113_feeder-sectionalizer-availability-monitor.json::enx-113-preventive-maintenance::enx-113-preventive-maintenance-4 — lsp-1+scala-1 | cpp-1 then lsp-1+scala-1 | cpp-1 then cpp-1+lsp-1+scala-1
  intermittent: ENX115_feeder-sectionalizer-forecast-gatekeeper.json::enx-115-urgent-stabilize::enx-115-urgent-stabilize-4 — lsp-1+scala-1 | cpp-1 then lsp-1+scala-1 | cpp-1 then cpp-1+lsp-1+scala-1
  intermittent: ENX117_feeder-sectionalizer-power-quality-guardian.json::enx-117-urgent-stabilize::enx-117-urgent-stabilize-4 — lsp-1+scala-1 | cpp-1 then lsp-1+scala-1 | cpp-1 then cpp-1+lsp-1+scala-1
  intermittent: ENX118_feeder-sectionalizer-resilience-mode-router.json::enx-118-urgent-stabilize::enx-118-urgent-stabilize-4 — lsp-1+scala-1 | cpp-1 then lsp-1+scala-1 | cpp-1 then cpp-1+lsp-1+scala-1
  intermittent: ENX120_feeder-sectionalizer-safety-compliance-checker.json::enx-120-optimize-dispatch::enx-120-optimize-dispatch-4 — lsp-1+scala-1 | cpp-1 then lsp-1+scala-1 | cpp-1 then cpp-1+lsp-1+scala-1
  intermittent: ENX121_community-load-flexibility-availability-monitor.json::enx-121-operating-window-ok::enx-121-operating-window-ok-4 — lsp-1+scala-1 | cpp-1 then cpp-1+lsp-1+scala-1 then lsp-1+scala-1 | cpp-1
  intermittent: ENX123_community-load-flexibility-forecast-gatekeeper.json::enx-123-urgent-stabilize::enx-123-urgent-stabilize-4 — lsp-1+scala-1 | cpp-1 then cpp-1+lsp-1+scala-1 then cpp-1+lsp-1+scala-1
  intermittent: ENX124_community-load-flexibility-maintenance-scheduler.json::enx-124-operating-window-ok::enx-124-operating-window-ok-4 — lsp-1+scala-1 | cpp-1 then cpp-1+lsp-1+scala-1 then cpp-1+lsp-1+scala-1
  intermittent: ENX125_community-load-flexibility-power-quality-guardian.json::enx-125-preventive-maintenance::enx-125-preventive-maintenance-4 — lsp-1+scala-1 | cpp-1 then lsp-1+scala-1 | cpp-1 then cpp-1+lsp-1+scala-1
  intermittent: ENX126_community-load-flexibility-resilience-mode-router.json::enx-126-operating-window-ok::enx-126-operating-window-ok-4 — lsp-1+scala-1 | cpp-1 then cpp-1+lsp-1+scala-1 then cpp-1+lsp-1+scala-1
  intermittent: ENX127_community-load-flexibility-optimization-planner.json::enx-127-optimize-dispatch::enx-127-optimize-dispatch-4 — lsp-1+scala-1 | cpp-1 then lsp-1+scala-1 | cpp-1 then cpp-1+lsp-1+scala-1
  intermittent: ENX129_ev-charging-load-bank-availability-monitor.json::enx-129-operating-window-ok::enx-129-operating-window-ok-4 — lsp-1+scala-1 | cpp-1 then cpp-1+lsp-1+scala-1 then cpp-1+lsp-1+scala-1
  intermittent: ENX129_ev-charging-load-bank-availability-monitor.json::enx-129-optimize-dispatch::enx-129-optimize-dispatch-4 — lsp-1+scala-1 | cpp-1 then lsp-1+scala-1 | cpp-1 then cpp-1+lsp-1+scala-1
  intermittent: ENX129_ev-charging-load-bank-availability-monitor.json::enx-129-urgent-stabilize::enx-129-urgent-stabilize-4 — lsp-1+scala-1 | cpp-1 then cpp-1+lsp-1+scala-1 then cpp-1+lsp-1+scala-1
  intermittent: ENX131_ev-charging-load-bank-forecast-gatekeeper.json::enx-131-urgent-stabilize::enx-131-urgent-stabilize-4 — lsp-1+scala-1 | cpp-1 then cpp-1+lsp-1+scala-1 then cpp-1+lsp-1+scala-1
  intermittent: ENX134_ev-charging-load-bank-resilience-mode-router.json::enx-134-urgent-stabilize::enx-134-urgent-stabilize-4 — lsp-1+scala-1 | cpp-1 then cpp-1+lsp-1+scala-1 then cpp-1+lsp-1+scala-1
  intermittent: ENX136_ev-charging-load-bank-safety-compliance-checker.json::enx-136-operating-window-ok::enx-136-operating-window-ok-4 — lsp-1+scala-1 | cpp-1 then lsp-1+scala-1 | cpp-1 then cpp-1+lsp-1+scala-1
  intermittent: ENX136_ev-charging-load-bank-safety-compliance-checker.json::enx-136-preventive-maintenance::enx-136-preventive-maintenance-4 — lsp-1+scala-1 | cpp-1 then lsp-1+scala-1 | cpp-1 then cpp-1+lsp-1+scala-1
  intermittent: ENX137_critical-facility-backup-panel-availability-monitor.json::enx-137-operating-window-ok::enx-137-operating-window-ok-4 — lsp-1+scala-1 | cpp-1 then cpp-1+lsp-1+scala-1 then cpp-1+lsp-1+scala-1
  intermittent: ENX138_critical-facility-backup-panel-dispatch-controller.json::enx-138-operating-window-ok::enx-138-operating-window-ok-4 — lsp-1+scala-1 | cpp-1 then cpp-1+lsp-1+scala-1 then lsp-1+scala-1 | cpp-1
  intermittent: ENX138_critical-facility-backup-panel-dispatch-controller.json::enx-138-optimize-dispatch::enx-138-optimize-dispatch-4 — lsp-1+scala-1 | cpp-1 then lsp-1+scala-1 | cpp-1 then cpp-1+lsp-1+scala-1
  intermittent: ENX139_critical-facility-backup-panel-forecast-gatekeeper.json::enx-139-optimize-dispatch::enx-139-optimize-dispatch-4 — lsp-1+scala-1 | cpp-1 then cpp-1+lsp-1+scala-1 then cpp-1+lsp-1+scala-1
  intermittent: ENX140_critical-facility-backup-panel-maintenance-scheduler.json::enx-140-preventive-maintenance::enx-140-preventive-maintenance-4 — lsp-1+scala-1 | cpp-1 then cpp-1+lsp-1+scala-1 then cpp-1+lsp-1+scala-1
  intermittent: ENX143_critical-facility-backup-panel-optimization-planner.json::enx-143-optimize-dispatch::enx-143-optimize-dispatch-4 — lsp-1+scala-1 | cpp-1 then lsp-1+scala-1 | cpp-1 then cpp-1+lsp-1+scala-1
  intermittent: ENX145_weather-and-irradiance-station-availability-monitor.json::enx-145-urgent-stabilize::enx-145-urgent-stabilize-4 — lsp-1+scala-1 | cpp-1 then cpp-1+lsp-1+scala-1 then cpp-1+lsp-1+scala-1
  intermittent: ENX146_weather-and-irradiance-station-dispatch-controller.json::enx-146-operating-window-ok::enx-146-operating-window-ok-4 — lsp-1+scala-1 | cpp-1 then cpp-1+lsp-1+scala-1 then cpp-1+lsp-1+scala-1
  intermittent: ENX147_weather-and-irradiance-station-forecast-gatekeeper.json::enx-147-urgent-stabilize::enx-147-urgent-stabilize-4 — lsp-1+scala-1 | cpp-1 then lsp-1+scala-1 | cpp-1 then cpp-1+lsp-1+scala-1
  intermittent: ENX148_weather-and-irradiance-station-maintenance-scheduler.json::enx-148-operating-window-ok::enx-148-operating-window-ok-4 — lsp-1+scala-1 | cpp-1 then cpp-1+lsp-1+scala-1 then lsp-1+scala-1 | cpp-1
  intermittent: ENX149_weather-and-irradiance-station-power-quality-guardian.json::enx-149-operating-window-ok::enx-149-operating-window-ok-4 — lsp-1+scala-1 | cpp-1 then lsp-1+scala-1 | cpp-1 then cpp-1+lsp-1+scala-1
  intermittent: ENX149_weather-and-irradiance-station-power-quality-guardian.json::enx-149-urgent-stabilize::enx-149-urgent-stabilize-4 — lsp-1+scala-1 | cpp-1 then cpp-1+lsp-1+scala-1 then cpp-1+lsp-1+scala-1
  intermittent: ENX150_weather-and-irradiance-station-resilience-mode-router.json::enx-150-operating-window-ok::enx-150-operating-window-ok-4 — lsp-1+scala-1 | cpp-1 then cpp-1+lsp-1+scala-1 then cpp-1+lsp-1+scala-1
  intermittent: ENX152_weather-and-irradiance-station-safety-compliance-checker.json::enx-152-operating-window-ok::enx-152-operating-window-ok-4 — lsp-1+scala-1 | cpp-1 then lsp-1+scala-1 | cpp-1 then cpp-1+lsp-1+scala-1
  intermittent: ENX154_preventive-maintenance-work-order-dispatch-controller.json::enx-154-optimize-dispatch::enx-154-optimize-dispatch-4 — lsp-1+scala-1 | cpp-1 then lsp-1+scala-1 | cpp-1 then cpp-1+lsp-1+scala-1
  intermittent: ENX156_preventive-maintenance-work-order-maintenance-scheduler.json::enx-156-urgent-stabilize::enx-156-urgent-stabilize-4 — lsp-1+scala-1 | cpp-1 then cpp-1+lsp-1+scala-1 then cpp-1+lsp-1+scala-1
  intermittent: ENX158_preventive-maintenance-work-order-resilience-mode-router.json::enx-158-optimize-dispatch::enx-158-optimize-dispatch-4 — lsp-1+scala-1 | cpp-1 then lsp-1+scala-1 | cpp-1 then cpp-1+lsp-1+scala-1
  intermittent: ENX159_preventive-maintenance-work-order-optimization-planner.json::enx-159-preventive-maintenance::enx-159-preventive-maintenance-4 — lsp-1+scala-1 | cpp-1 then cpp-1+lsp-1+scala-1 then cpp-1+lsp-1+scala-1
  intermittent: ENX160_preventive-maintenance-work-order-safety-compliance-checker.json::enx-160-operating-window-ok::enx-160-operating-window-ok-4 — lsp-1+scala-1 | cpp-1 then cpp-1+lsp-1+scala-1 then lsp-1+scala-1 | cpp-1
  intermittent: ENX160_preventive-maintenance-work-order-safety-compliance-checker.json::enx-160-urgent-stabilize::enx-160-urgent-stabilize-4 — lsp-1+scala-1 | cpp-1 then cpp-1+lsp-1+scala-1 then cpp-1+lsp-1+scala-1
