ces-contracts: 265 agreed · 62 disagreement · 306 intermittent · 0 no-runtime-emits · 115 unmeasurable → /Users/johnt/workspace/GitHub/RealityEngine_CI/config/ces-contracts/domain-energy.json
  disagreement: ENX057_solar-soiling-and-wash-crew-availability-monitor.json::enx-057-urgent-stabilize::enx-057-urgent-stabilize-4 — lsp-1+scala-1 | cpp-1 (held over 3 drives)
  disagreement: ENX058_solar-soiling-and-wash-crew-dispatch-controller.json::enx-058-urgent-stabilize::enx-058-urgent-stabilize-4 — lsp-1+scala-1 | cpp-1 (held over 3 drives)
  disagreement: ENX060_solar-soiling-and-wash-crew-maintenance-scheduler.json::enx-060-operating-window-ok::enx-060-operating-window-ok-4 — lsp-1+scala-1 | cpp-1 (held over 3 drives)
  disagreement: ENX066_battery-container-rack-dispatch-controller.json::enx-066-optimize-dispatch::enx-066-optimize-dispatch-4 — lsp-1+scala-1 | cpp-1 (held over 3 drives)
  disagreement: ENX072_battery-container-rack-safety-compliance-checker.json::enx-072-preventive-maintenance::enx-072-preventive-maintenance-4 — lsp-1+scala-1 | cpp-1 (held over 3 drives)
  disagreement: ENX081_battery-thermal-management-availability-monitor.json::enx-081-optimize-dispatch::enx-081-optimize-dispatch-4 — lsp-1+scala-1 | cpp-1 (held over 3 drives)
  disagreement: ENX085_battery-thermal-management-power-quality-guardian.json::enx-085-preventive-maintenance::enx-085-preventive-maintenance-4 — lsp-1+scala-1 | cpp-1 (held over 3 drives)
  disagreement: ENX086_battery-thermal-management-resilience-mode-router.json::enx-086-preventive-maintenance::enx-086-preventive-maintenance-4 — lsp-1+scala-1 | cpp-1 (held over 3 drives)
  disagreement: ENX093_battery-fire-safety-loop-power-quality-guardian.json::enx-093-optimize-dispatch::enx-093-optimize-dispatch-4 — lsp-1+scala-1 | cpp-1 (held over 3 drives)
  disagreement: ENX094_battery-fire-safety-loop-resilience-mode-router.json::enx-094-operating-window-ok::enx-094-operating-window-ok-4 — lsp-1+scala-1 | cpp-1 (held over 3 drives)
  disagreement: ENX097_battery-state-of-charge-reserve-availability-monitor.json::enx-097-preventive-maintenance::enx-097-preventive-maintenance-4 — lsp-1+scala-1 | cpp-1 (held over 3 drives)
  disagreement: ENX099_battery-state-of-charge-reserve-forecast-gatekeeper.json::enx-099-urgent-stabilize::enx-099-urgent-stabilize-4 — lsp-1+scala-1 | cpp-1 (held over 3 drives)
  disagreement: ENX100_battery-state-of-charge-reserve-maintenance-scheduler.json::enx-100-optimize-dispatch::enx-100-optimize-dispatch-4 — lsp-1+scala-1 | cpp-1 (held over 3 drives)
  disagreement: ENX101_battery-state-of-charge-reserve-power-quality-guardian.json::enx-101-preventive-maintenance::enx-101-preventive-maintenance-4 — lsp-1+scala-1 | cpp-1 (held over 3 drives)
  disagreement: ENX103_battery-state-of-charge-reserve-optimization-planner.json::enx-103-operating-window-ok::enx-103-operating-window-ok-4 — lsp-1+scala-1 | cpp-1 (held over 3 drives)
  disagreement: ENX107_microgrid-point-of-common-coupling-forecast-gatekeeper.json::enx-107-operating-window-ok::enx-107-operating-window-ok-4 — lsp-1+scala-1 | cpp-1 (held over 3 drives)
  disagreement: ENX108_microgrid-point-of-common-coupling-maintenance-scheduler.json::enx-108-optimize-dispatch::enx-108-optimize-dispatch-4 — lsp-1+scala-1 | cpp-1 (held over 3 drives)
  disagreement: ENX112_microgrid-point-of-common-coupling-safety-compliance-checker.json::enx-112-operating-window-ok::enx-112-operating-window-ok-4 — lsp-1+scala-1 | cpp-1 (held over 3 drives)
  disagreement: ENX114_feeder-sectionalizer-dispatch-controller.json::enx-114-urgent-stabilize::enx-114-urgent-stabilize-4 — lsp-1+scala-1 | cpp-1 (held over 3 drives)
  disagreement: ENX117_feeder-sectionalizer-power-quality-guardian.json::enx-117-preventive-maintenance::enx-117-preventive-maintenance-4 — lsp-1+scala-1 | cpp-1 (held over 3 drives)
  disagreement: ENX117_feeder-sectionalizer-power-quality-guardian.json::enx-117-urgent-stabilize::enx-117-urgent-stabilize-4 — lsp-1+scala-1 | cpp-1 (held over 3 drives)
  disagreement: ENX119_feeder-sectionalizer-optimization-planner.json::enx-119-operating-window-ok::enx-119-operating-window-ok-4 — lsp-1+scala-1 | cpp-1 (held over 3 drives)
  disagreement: ENX122_community-load-flexibility-dispatch-controller.json::enx-122-preventive-maintenance::enx-122-preventive-maintenance-4 — lsp-1+scala-1 | cpp-1 (held over 3 drives)
  disagreement: ENX130_ev-charging-load-bank-dispatch-controller.json::enx-130-preventive-maintenance::enx-130-preventive-maintenance-4 — lsp-1+scala-1 | cpp-1 (held over 3 drives)
  disagreement: ENX132_ev-charging-load-bank-maintenance-scheduler.json::enx-132-preventive-maintenance::enx-132-preventive-maintenance-4 — lsp-1+scala-1 | cpp-1 (held over 3 drives)
  disagreement: ENX134_ev-charging-load-bank-resilience-mode-router.json::enx-134-preventive-maintenance::enx-134-preventive-maintenance-4 — lsp-1+scala-1 | cpp-1 (held over 3 drives)
  disagreement: ENX137_critical-facility-backup-panel-availability-monitor.json::enx-137-operating-window-ok::enx-137-operating-window-ok-4 — lsp-1+scala-1 | cpp-1 (held over 3 drives)
  disagreement: ENX139_critical-facility-backup-panel-forecast-gatekeeper.json::enx-139-preventive-maintenance::enx-139-preventive-maintenance-4 — cpp-1+scala-1 | lsp-1 (held over 3 drives)
  disagreement: ENX140_critical-facility-backup-panel-maintenance-scheduler.json::enx-140-preventive-maintenance::enx-140-preventive-maintenance-4 — cpp-1+scala-1 | lsp-1 (held over 3 drives)
  disagreement: ENX140_critical-facility-backup-panel-maintenance-scheduler.json::enx-140-urgent-stabilize::enx-140-urgent-stabilize-4 — cpp-1+scala-1 | lsp-1 (held over 3 drives)
  disagreement: ENX142_critical-facility-backup-panel-resilience-mode-router.json::enx-142-optimize-dispatch::enx-142-optimize-dispatch-4 — cpp-1+scala-1 | lsp-1 (held over 3 drives)
  disagreement: ENX143_critical-facility-backup-panel-optimization-planner.json::enx-143-preventive-maintenance::enx-143-preventive-maintenance-4 — cpp-1+lsp-1 | scala-1 (held over 3 drives)
  disagreement: ENX144_critical-facility-backup-panel-safety-compliance-checker.json::enx-144-operating-window-ok::enx-144-operating-window-ok-4 — cpp-1+scala-1 | lsp-1 (held over 3 drives)
  disagreement: ENX144_critical-facility-backup-panel-safety-compliance-checker.json::enx-144-preventive-maintenance::enx-144-preventive-maintenance-4 — cpp-1+lsp-1 | scala-1 (held over 3 drives)
  disagreement: ENX145_weather-and-irradiance-station-availability-monitor.json::enx-145-operating-window-ok::enx-145-operating-window-ok-4 — cpp-1+lsp-1 | scala-1 (held over 3 drives)
  disagreement: ENX145_weather-and-irradiance-station-availability-monitor.json::enx-145-optimize-dispatch::enx-145-optimize-dispatch-4 — cpp-1+lsp-1 | scala-1 (held over 3 drives)
  disagreement: ENX146_weather-and-irradiance-station-dispatch-controller.json::enx-146-operating-window-ok::enx-146-operating-window-ok-4 — cpp-1+scala-1 | lsp-1 (held over 3 drives)
  disagreement: ENX146_weather-and-irradiance-station-dispatch-controller.json::enx-146-optimize-dispatch::enx-146-optimize-dispatch-4 — cpp-1+lsp-1 | scala-1 (held over 3 drives)
  disagreement: ENX146_weather-and-irradiance-station-dispatch-controller.json::enx-146-preventive-maintenance::enx-146-preventive-maintenance-4 — cpp-1+scala-1 | lsp-1 (held over 3 drives)
  disagreement: ENX146_weather-and-irradiance-station-dispatch-controller.json::enx-146-urgent-stabilize::enx-146-urgent-stabilize-4 — cpp-1+scala-1 | lsp-1 (held over 3 drives)
  disagreement: ENX147_weather-and-irradiance-station-forecast-gatekeeper.json::enx-147-operating-window-ok::enx-147-operating-window-ok-4 — cpp-1+lsp-1 | scala-1 (held over 3 drives)
  disagreement: ENX148_weather-and-irradiance-station-maintenance-scheduler.json::enx-148-operating-window-ok::enx-148-operating-window-ok-4 — cpp-1+lsp-1 | scala-1 (held over 3 drives)
  disagreement: ENX148_weather-and-irradiance-station-maintenance-scheduler.json::enx-148-optimize-dispatch::enx-148-optimize-dispatch-4 — cpp-1+scala-1 | lsp-1 (held over 3 drives)
  disagreement: ENX148_weather-and-irradiance-station-maintenance-scheduler.json::enx-148-urgent-stabilize::enx-148-urgent-stabilize-4 — cpp-1+scala-1 | lsp-1 (held over 3 drives)
  disagreement: ENX149_weather-and-irradiance-station-power-quality-guardian.json::enx-149-operating-window-ok::enx-149-operating-window-ok-4 — cpp-1+scala-1 | lsp-1 (held over 3 drives)
  disagreement: ENX149_weather-and-irradiance-station-power-quality-guardian.json::enx-149-optimize-dispatch::enx-149-optimize-dispatch-4 — cpp-1+lsp-1 | scala-1 (held over 3 drives)
  disagreement: ENX149_weather-and-irradiance-station-power-quality-guardian.json::enx-149-urgent-stabilize::enx-149-urgent-stabilize-4 — cpp-1+scala-1 | lsp-1 (held over 3 drives)
  disagreement: ENX150_weather-and-irradiance-station-resilience-mode-router.json::enx-150-urgent-stabilize::enx-150-urgent-stabilize-4 — cpp-1+lsp-1 | scala-1 (held over 3 drives)
  disagreement: ENX151_weather-and-irradiance-station-optimization-planner.json::enx-151-urgent-stabilize::enx-151-urgent-stabilize-4 — cpp-1+scala-1 | lsp-1 (held over 3 drives)
  disagreement: ENX152_weather-and-irradiance-station-safety-compliance-checker.json::enx-152-urgent-stabilize::enx-152-urgent-stabilize-4 — cpp-1+lsp-1 | scala-1 (held over 3 drives)
  disagreement: ENX153_preventive-maintenance-work-order-availability-monitor.json::enx-153-optimize-dispatch::enx-153-optimize-dispatch-4 — cpp-1+lsp-1 | scala-1 (held over 3 drives)
  disagreement: ENX153_preventive-maintenance-work-order-availability-monitor.json::enx-153-urgent-stabilize::enx-153-urgent-stabilize-4 — cpp-1+scala-1 | lsp-1 (held over 3 drives)
  disagreement: ENX154_preventive-maintenance-work-order-dispatch-controller.json::enx-154-preventive-maintenance::enx-154-preventive-maintenance-4 — cpp-1+lsp-1 | scala-1 (held over 3 drives)
  disagreement: ENX155_preventive-maintenance-work-order-forecast-gatekeeper.json::enx-155-optimize-dispatch::enx-155-optimize-dispatch-4 — cpp-1+scala-1 | lsp-1 (held over 3 drives)
  disagreement: ENX155_preventive-maintenance-work-order-forecast-gatekeeper.json::enx-155-preventive-maintenance::enx-155-preventive-maintenance-4 — cpp-1+scala-1 | lsp-1 (held over 3 drives)
  disagreement: ENX155_preventive-maintenance-work-order-forecast-gatekeeper.json::enx-155-urgent-stabilize::enx-155-urgent-stabilize-4 — cpp-1+scala-1 | lsp-1 (held over 3 drives)
  disagreement: ENX157_preventive-maintenance-work-order-power-quality-guardian.json::enx-157-operating-window-ok::enx-157-operating-window-ok-4 — cpp-1+lsp-1 | scala-1 (held over 3 drives)
  disagreement: ENX157_preventive-maintenance-work-order-power-quality-guardian.json::enx-157-preventive-maintenance::enx-157-preventive-maintenance-4 — cpp-1+scala-1 | lsp-1 (held over 3 drives)
  disagreement: ENX157_preventive-maintenance-work-order-power-quality-guardian.json::enx-157-urgent-stabilize::enx-157-urgent-stabilize-4 — cpp-1+scala-1 | lsp-1 (held over 3 drives)
  disagreement: ENX158_preventive-maintenance-work-order-resilience-mode-router.json::enx-158-optimize-dispatch::enx-158-optimize-dispatch-4 — cpp-1+scala-1 | lsp-1 (held over 3 drives)
  disagreement: ENX158_preventive-maintenance-work-order-resilience-mode-router.json::enx-158-preventive-maintenance::enx-158-preventive-maintenance-4 — cpp-1+scala-1 | lsp-1 (held over 3 drives)
  disagreement: ENX159_preventive-maintenance-work-order-optimization-planner.json::enx-159-urgent-stabilize::enx-159-urgent-stabilize-4 — cpp-1+scala-1 | lsp-1 (held over 3 drives)
  intermittent: ENX001_rooftop-solar-fleet-availability-monitor.json::enx-001-operating-window-ok::enx-001-operating-window-ok-4 — lsp-1+scala-1 | cpp-1 then cpp-1+lsp-1+scala-1 then lsp-1+scala-1 | cpp-1
  intermittent: ENX001_rooftop-solar-fleet-availability-monitor.json::enx-001-optimize-dispatch::enx-001-optimize-dispatch-4 — lsp-1+scala-1 | cpp-1 then cpp-1+lsp-1+scala-1 then lsp-1+scala-1 | cpp-1
  intermittent: ENX002_rooftop-solar-fleet-dispatch-controller.json::enx-002-optimize-dispatch::enx-002-optimize-dispatch-4 — lsp-1+scala-1 | cpp-1 then lsp-1+scala-1 | cpp-1 then cpp-1+lsp-1+scala-1
  intermittent: ENX002_rooftop-solar-fleet-dispatch-controller.json::enx-002-preventive-maintenance::enx-002-preventive-maintenance-4 — lsp-1+scala-1 | cpp-1 then cpp-1+lsp-1+scala-1 then lsp-1+scala-1 | cpp-1
  intermittent: ENX003_rooftop-solar-fleet-forecast-gatekeeper.json::enx-003-operating-window-ok::enx-003-operating-window-ok-4 — lsp-1+scala-1 | cpp-1 then cpp-1+lsp-1+scala-1 then lsp-1+scala-1 | cpp-1
  intermittent: ENX003_rooftop-solar-fleet-forecast-gatekeeper.json::enx-003-preventive-maintenance::enx-003-preventive-maintenance-4 — lsp-1+scala-1 | cpp-1 then cpp-1+lsp-1+scala-1 then cpp-1+lsp-1+scala-1
  intermittent: ENX003_rooftop-solar-fleet-forecast-gatekeeper.json::enx-003-urgent-stabilize::enx-003-urgent-stabilize-4 — lsp-1+scala-1 | cpp-1 then cpp-1+lsp-1+scala-1 then cpp-1+lsp-1+scala-1
  intermittent: ENX004_rooftop-solar-fleet-maintenance-scheduler.json::enx-004-optimize-dispatch::enx-004-optimize-dispatch-4 — lsp-1+scala-1 | cpp-1 then cpp-1+lsp-1+scala-1 then cpp-1+lsp-1+scala-1
  intermittent: ENX004_rooftop-solar-fleet-maintenance-scheduler.json::enx-004-preventive-maintenance::enx-004-preventive-maintenance-4 — lsp-1+scala-1 | cpp-1 then cpp-1+lsp-1+scala-1 then lsp-1+scala-1 | cpp-1
  intermittent: ENX005_rooftop-solar-fleet-power-quality-guardian.json::enx-005-optimize-dispatch::enx-005-optimize-dispatch-4 — lsp-1+scala-1 | cpp-1 then cpp-1+lsp-1+scala-1 then cpp-1+lsp-1+scala-1
  intermittent: ENX005_rooftop-solar-fleet-power-quality-guardian.json::enx-005-preventive-maintenance::enx-005-preventive-maintenance-4 — lsp-1+scala-1 | cpp-1 then cpp-1+lsp-1+scala-1 then lsp-1+scala-1 | cpp-1
  intermittent: ENX005_rooftop-solar-fleet-power-quality-guardian.json::enx-005-urgent-stabilize::enx-005-urgent-stabilize-4 — lsp-1+scala-1 | cpp-1 then cpp-1+lsp-1+scala-1 then cpp-1+lsp-1+scala-1
  intermittent: ENX006_rooftop-solar-fleet-resilience-mode-router.json::enx-006-urgent-stabilize::enx-006-urgent-stabilize-4 — lsp-1+scala-1 | cpp-1 then cpp-1+lsp-1+scala-1 then lsp-1+scala-1 | cpp-1
  intermittent: ENX007_rooftop-solar-fleet-optimization-planner.json::enx-007-preventive-maintenance::enx-007-preventive-maintenance-4 — lsp-1+scala-1 | cpp-1 then cpp-1+lsp-1+scala-1 then lsp-1+scala-1 | cpp-1
  intermittent: ENX007_rooftop-solar-fleet-optimization-planner.json::enx-007-urgent-stabilize::enx-007-urgent-stabilize-4 — lsp-1+scala-1 | cpp-1 then cpp-1+lsp-1+scala-1 then lsp-1+scala-1 | cpp-1
  intermittent: ENX008_rooftop-solar-fleet-safety-compliance-checker.json::enx-008-operating-window-ok::enx-008-operating-window-ok-4 — lsp-1+scala-1 | cpp-1 then cpp-1+lsp-1+scala-1 then lsp-1+scala-1 | cpp-1
  intermittent: ENX008_rooftop-solar-fleet-safety-compliance-checker.json::enx-008-preventive-maintenance::enx-008-preventive-maintenance-4 — lsp-1+scala-1 | cpp-1 then cpp-1+lsp-1+scala-1 then cpp-1+lsp-1+scala-1
  intermittent: ENX009_carport-solar-array-availability-monitor.json::enx-009-optimize-dispatch::enx-009-optimize-dispatch-4 — lsp-1+scala-1 | cpp-1 then cpp-1+lsp-1+scala-1 then cpp-1+lsp-1+scala-1
  intermittent: ENX010_carport-solar-array-dispatch-controller.json::enx-010-preventive-maintenance::enx-010-preventive-maintenance-4 — lsp-1+scala-1 | cpp-1 then cpp-1+lsp-1+scala-1 then lsp-1+scala-1 | cpp-1
  intermittent: ENX010_carport-solar-array-dispatch-controller.json::enx-010-urgent-stabilize::enx-010-urgent-stabilize-4 — lsp-1+scala-1 | cpp-1 then cpp-1+lsp-1+scala-1 then lsp-1+scala-1 | cpp-1
  intermittent: ENX011_carport-solar-array-forecast-gatekeeper.json::enx-011-preventive-maintenance::enx-011-preventive-maintenance-4 — lsp-1+scala-1 | cpp-1 then cpp-1+lsp-1+scala-1 then lsp-1+scala-1 | cpp-1
  intermittent: ENX011_carport-solar-array-forecast-gatekeeper.json::enx-011-urgent-stabilize::enx-011-urgent-stabilize-4 — lsp-1+scala-1 | cpp-1 then cpp-1+lsp-1+scala-1 then cpp-1+lsp-1+scala-1
  intermittent: ENX012_carport-solar-array-maintenance-scheduler.json::enx-012-operating-window-ok::enx-012-operating-window-ok-4 — lsp-1+scala-1 | cpp-1 then cpp-1+lsp-1+scala-1 then lsp-1+scala-1 | cpp-1
  intermittent: ENX013_carport-solar-array-power-quality-guardian.json::enx-013-operating-window-ok::enx-013-operating-window-ok-4 — lsp-1+scala-1 | cpp-1 then cpp-1+lsp-1+scala-1 then lsp-1+scala-1 | cpp-1
  intermittent: ENX013_carport-solar-array-power-quality-guardian.json::enx-013-optimize-dispatch::enx-013-optimize-dispatch-4 — lsp-1+scala-1 | cpp-1 then cpp-1+lsp-1+scala-1 then lsp-1+scala-1 | cpp-1
  intermittent: ENX014_carport-solar-array-resilience-mode-router.json::enx-014-optimize-dispatch::enx-014-optimize-dispatch-4 — lsp-1+scala-1 | cpp-1 then cpp-1+lsp-1+scala-1 then cpp-1+lsp-1+scala-1
  intermittent: ENX015_carport-solar-array-optimization-planner.json::enx-015-operating-window-ok::enx-015-operating-window-ok-4 — lsp-1+scala-1 | cpp-1 then cpp-1+lsp-1+scala-1 then lsp-1+scala-1 | cpp-1
  intermittent: ENX016_carport-solar-array-safety-compliance-checker.json::enx-016-operating-window-ok::enx-016-operating-window-ok-4 — lsp-1+scala-1 | cpp-1 then cpp-1+lsp-1+scala-1 then lsp-1+scala-1 | cpp-1
  intermittent: ENX016_carport-solar-array-safety-compliance-checker.json::enx-016-optimize-dispatch::enx-016-optimize-dispatch-4 — lsp-1+scala-1 | cpp-1 then cpp-1+lsp-1+scala-1 then lsp-1+scala-1 | cpp-1
  intermittent: ENX017_community-center-solar-availability-monitor.json::enx-017-preventive-maintenance::enx-017-preventive-maintenance-4 — lsp-1+scala-1 | cpp-1 then lsp-1+scala-1 | cpp-1 then cpp-1+lsp-1+scala-1
  intermittent: ENX018_community-center-solar-dispatch-controller.json::enx-018-operating-window-ok::enx-018-operating-window-ok-4 — lsp-1+scala-1 | cpp-1 then cpp-1+lsp-1+scala-1 then lsp-1+scala-1 | cpp-1
  intermittent: ENX018_community-center-solar-dispatch-controller.json::enx-018-optimize-dispatch::enx-018-optimize-dispatch-4 — lsp-1+scala-1 | cpp-1 then cpp-1+lsp-1+scala-1 then lsp-1+scala-1 | cpp-1
  intermittent: ENX019_community-center-solar-forecast-gatekeeper.json::enx-019-operating-window-ok::enx-019-operating-window-ok-4 — lsp-1+scala-1 | cpp-1 then cpp-1+lsp-1+scala-1 then lsp-1+scala-1 | cpp-1
  intermittent: ENX019_community-center-solar-forecast-gatekeeper.json::enx-019-preventive-maintenance::enx-019-preventive-maintenance-4 — lsp-1+scala-1 | cpp-1 then cpp-1+lsp-1+scala-1 then cpp-1+lsp-1+scala-1
  intermittent: ENX020_community-center-solar-maintenance-scheduler.json::enx-020-preventive-maintenance::enx-020-preventive-maintenance-4 — lsp-1+scala-1 | cpp-1 then cpp-1+lsp-1+scala-1 then lsp-1+scala-1 | cpp-1
  intermittent: ENX021_community-center-solar-power-quality-guardian.json::enx-021-operating-window-ok::enx-021-operating-window-ok-4 — lsp-1+scala-1 | cpp-1 then lsp-1+scala-1 | cpp-1 then cpp-1+lsp-1+scala-1
  intermittent: ENX022_community-center-solar-resilience-mode-router.json::enx-022-preventive-maintenance::enx-022-preventive-maintenance-4 — lsp-1+scala-1 | cpp-1 then cpp-1+lsp-1+scala-1 then lsp-1+scala-1 | cpp-1
  intermittent: ENX023_community-center-solar-optimization-planner.json::enx-023-preventive-maintenance::enx-023-preventive-maintenance-4 — lsp-1+scala-1 | cpp-1 then cpp-1+lsp-1+scala-1 then lsp-1+scala-1 | cpp-1
  intermittent: ENX024_community-center-solar-safety-compliance-checker.json::enx-024-operating-window-ok::enx-024-operating-window-ok-4 — lsp-1+scala-1 | cpp-1 then cpp-1+lsp-1+scala-1 then lsp-1+scala-1 | cpp-1
  intermittent: ENX024_community-center-solar-safety-compliance-checker.json::enx-024-preventive-maintenance::enx-024-preventive-maintenance-4 — lsp-1+scala-1 | cpp-1 then cpp-1+lsp-1+scala-1 then lsp-1+scala-1 | cpp-1
  intermittent: ENX024_community-center-solar-safety-compliance-checker.json::enx-024-urgent-stabilize::enx-024-urgent-stabilize-4 — lsp-1+scala-1 | cpp-1 then cpp-1+lsp-1+scala-1 then lsp-1+scala-1 | cpp-1
  intermittent: ENX025_school-campus-solar-availability-monitor.json::enx-025-optimize-dispatch::enx-025-optimize-dispatch-4 — lsp-1+scala-1 | cpp-1 then cpp-1+lsp-1+scala-1 then cpp-1+lsp-1+scala-1
  intermittent: ENX026_school-campus-solar-dispatch-controller.json::enx-026-operating-window-ok::enx-026-operating-window-ok-4 — lsp-1+scala-1 | cpp-1 then cpp-1+lsp-1+scala-1 then cpp-1+lsp-1+scala-1
  intermittent: ENX026_school-campus-solar-dispatch-controller.json::enx-026-preventive-maintenance::enx-026-preventive-maintenance-4 — lsp-1+scala-1 | cpp-1 then cpp-1+lsp-1+scala-1 then lsp-1+scala-1 | cpp-1
  intermittent: ENX027_school-campus-solar-forecast-gatekeeper.json::enx-027-operating-window-ok::enx-027-operating-window-ok-4 — lsp-1+scala-1 | cpp-1 then cpp-1+lsp-1+scala-1 then lsp-1+scala-1 | cpp-1
  intermittent: ENX027_school-campus-solar-forecast-gatekeeper.json::enx-027-optimize-dispatch::enx-027-optimize-dispatch-4 — lsp-1+scala-1 | cpp-1 then cpp-1+lsp-1+scala-1 then lsp-1+scala-1 | cpp-1
  intermittent: ENX028_school-campus-solar-maintenance-scheduler.json::enx-028-optimize-dispatch::enx-028-optimize-dispatch-4 — lsp-1+scala-1 | cpp-1 then cpp-1+lsp-1+scala-1 then lsp-1+scala-1 | cpp-1
  intermittent: ENX028_school-campus-solar-maintenance-scheduler.json::enx-028-preventive-maintenance::enx-028-preventive-maintenance-4 — lsp-1+scala-1 | cpp-1 then cpp-1+lsp-1+scala-1 then lsp-1+scala-1 | cpp-1
  intermittent: ENX029_school-campus-solar-power-quality-guardian.json::enx-029-operating-window-ok::enx-029-operating-window-ok-4 — lsp-1+scala-1 | cpp-1 then cpp-1+lsp-1+scala-1 then lsp-1+scala-1 | cpp-1
  intermittent: ENX029_school-campus-solar-power-quality-guardian.json::enx-029-optimize-dispatch::enx-029-optimize-dispatch-4 — lsp-1+scala-1 | cpp-1 then cpp-1+lsp-1+scala-1 then lsp-1+scala-1 | cpp-1
  intermittent: ENX029_school-campus-solar-power-quality-guardian.json::enx-029-preventive-maintenance::enx-029-preventive-maintenance-4 — lsp-1+scala-1 | cpp-1 then cpp-1+lsp-1+scala-1 then lsp-1+scala-1 | cpp-1
  intermittent: ENX030_school-campus-solar-resilience-mode-router.json::enx-030-operating-window-ok::enx-030-operating-window-ok-4 — lsp-1+scala-1 | cpp-1 then lsp-1+scala-1 | cpp-1 then cpp-1+lsp-1+scala-1
  intermittent: ENX030_school-campus-solar-resilience-mode-router.json::enx-030-preventive-maintenance::enx-030-preventive-maintenance-4 — lsp-1+scala-1 | cpp-1 then lsp-1+scala-1 | cpp-1 then cpp-1+lsp-1+scala-1
  intermittent: ENX031_school-campus-solar-optimization-planner.json::enx-031-operating-window-ok::enx-031-operating-window-ok-4 — lsp-1+scala-1 | cpp-1 then cpp-1+lsp-1+scala-1 then lsp-1+scala-1 | cpp-1
  intermittent: ENX031_school-campus-solar-optimization-planner.json::enx-031-urgent-stabilize::enx-031-urgent-stabilize-4 — lsp-1+scala-1 | cpp-1 then cpp-1+lsp-1+scala-1 then cpp-1+lsp-1+scala-1
  intermittent: ENX032_school-campus-solar-safety-compliance-checker.json::enx-032-optimize-dispatch::enx-032-optimize-dispatch-4 — lsp-1+scala-1 | cpp-1 then lsp-1+scala-1 | cpp-1 then cpp-1+lsp-1+scala-1
  intermittent: ENX032_school-campus-solar-safety-compliance-checker.json::enx-032-preventive-maintenance::enx-032-preventive-maintenance-4 — lsp-1+scala-1 | cpp-1 then cpp-1+lsp-1+scala-1 then lsp-1+scala-1 | cpp-1
  intermittent: ENX033_ground-mount-solar-field-availability-monitor.json::enx-033-optimize-dispatch::enx-033-optimize-dispatch-4 — lsp-1+scala-1 | cpp-1 then cpp-1+lsp-1+scala-1 then lsp-1+scala-1 | cpp-1
  intermittent: ENX034_ground-mount-solar-field-dispatch-controller.json::enx-034-preventive-maintenance::enx-034-preventive-maintenance-4 — lsp-1+scala-1 | cpp-1 then cpp-1+lsp-1+scala-1 then lsp-1+scala-1 | cpp-1
  intermittent: ENX035_ground-mount-solar-field-forecast-gatekeeper.json::enx-035-operating-window-ok::enx-035-operating-window-ok-4 — lsp-1+scala-1 | cpp-1 then cpp-1+lsp-1+scala-1 then lsp-1+scala-1 | cpp-1
  intermittent: ENX035_ground-mount-solar-field-forecast-gatekeeper.json::enx-035-optimize-dispatch::enx-035-optimize-dispatch-4 — lsp-1+scala-1 | cpp-1 then cpp-1+lsp-1+scala-1 then lsp-1+scala-1 | cpp-1
  intermittent: ENX035_ground-mount-solar-field-forecast-gatekeeper.json::enx-035-urgent-stabilize::enx-035-urgent-stabilize-4 — lsp-1+scala-1 | cpp-1 then cpp-1+lsp-1+scala-1 then lsp-1+scala-1 | cpp-1
  intermittent: ENX036_ground-mount-solar-field-maintenance-scheduler.json::enx-036-operating-window-ok::enx-036-operating-window-ok-4 — lsp-1+scala-1 | cpp-1 then lsp-1+scala-1 | cpp-1 then cpp-1+lsp-1+scala-1
  intermittent: ENX036_ground-mount-solar-field-maintenance-scheduler.json::enx-036-optimize-dispatch::enx-036-optimize-dispatch-4 — lsp-1+scala-1 | cpp-1 then cpp-1+lsp-1+scala-1 then cpp-1+lsp-1+scala-1
  intermittent: ENX036_ground-mount-solar-field-maintenance-scheduler.json::enx-036-preventive-maintenance::enx-036-preventive-maintenance-4 — lsp-1+scala-1 | cpp-1 then lsp-1+scala-1 | cpp-1 then cpp-1+lsp-1+scala-1
  intermittent: ENX037_ground-mount-solar-field-power-quality-guardian.json::enx-037-operating-window-ok::enx-037-operating-window-ok-4 — lsp-1+scala-1 | cpp-1 then cpp-1+lsp-1+scala-1 then cpp-1+lsp-1+scala-1
  intermittent: ENX037_ground-mount-solar-field-power-quality-guardian.json::enx-037-optimize-dispatch::enx-037-optimize-dispatch-4 — lsp-1+scala-1 | cpp-1 then cpp-1+lsp-1+scala-1 then cpp-1+lsp-1+scala-1
  intermittent: ENX037_ground-mount-solar-field-power-quality-guardian.json::enx-037-preventive-maintenance::enx-037-preventive-maintenance-4 — lsp-1+scala-1 | cpp-1 then cpp-1+lsp-1+scala-1 then cpp-1+lsp-1+scala-1
  intermittent: ENX037_ground-mount-solar-field-power-quality-guardian.json::enx-037-urgent-stabilize::enx-037-urgent-stabilize-4 — lsp-1+scala-1 | cpp-1 then cpp-1+lsp-1+scala-1 then cpp-1+lsp-1+scala-1
  intermittent: ENX038_ground-mount-solar-field-resilience-mode-router.json::enx-038-operating-window-ok::enx-038-operating-window-ok-4 — lsp-1+scala-1 | cpp-1 then cpp-1+lsp-1+scala-1 then cpp-1+lsp-1+scala-1
  intermittent: ENX038_ground-mount-solar-field-resilience-mode-router.json::enx-038-optimize-dispatch::enx-038-optimize-dispatch-4 — lsp-1+scala-1 | cpp-1 then cpp-1+lsp-1+scala-1 then cpp-1+lsp-1+scala-1
  intermittent: ENX038_ground-mount-solar-field-resilience-mode-router.json::enx-038-preventive-maintenance::enx-038-preventive-maintenance-4 — lsp-1+scala-1 | cpp-1 then lsp-1+scala-1 | cpp-1 then cpp-1+lsp-1+scala-1
  intermittent: ENX038_ground-mount-solar-field-resilience-mode-router.json::enx-038-urgent-stabilize::enx-038-urgent-stabilize-4 — lsp-1+scala-1 | cpp-1 then cpp-1+lsp-1+scala-1 then cpp-1+lsp-1+scala-1
  intermittent: ENX039_ground-mount-solar-field-optimization-planner.json::enx-039-optimize-dispatch::enx-039-optimize-dispatch-4 — lsp-1+scala-1 | cpp-1 then cpp-1+lsp-1+scala-1 then lsp-1+scala-1 | cpp-1
  intermittent: ENX040_ground-mount-solar-field-safety-compliance-checker.json::enx-040-operating-window-ok::enx-040-operating-window-ok-4 — lsp-1+scala-1 | cpp-1 then cpp-1+lsp-1+scala-1 then lsp-1+scala-1 | cpp-1
  intermittent: ENX040_ground-mount-solar-field-safety-compliance-checker.json::enx-040-optimize-dispatch::enx-040-optimize-dispatch-4 — lsp-1+scala-1 | cpp-1 then cpp-1+lsp-1+scala-1 then cpp-1+lsp-1+scala-1
  intermittent: ENX040_ground-mount-solar-field-safety-compliance-checker.json::enx-040-preventive-maintenance::enx-040-preventive-maintenance-4 — lsp-1+scala-1 | cpp-1 then cpp-1+lsp-1+scala-1 then lsp-1+scala-1 | cpp-1
  intermittent: ENX040_ground-mount-solar-field-safety-compliance-checker.json::enx-040-urgent-stabilize::enx-040-urgent-stabilize-4 — lsp-1+scala-1 | cpp-1 then cpp-1+lsp-1+scala-1 then lsp-1+scala-1 | cpp-1
  intermittent: ENX041_solar-inverter-bank-availability-monitor.json::enx-041-operating-window-ok::enx-041-operating-window-ok-4 — lsp-1+scala-1 | cpp-1 then cpp-1+lsp-1+scala-1 then lsp-1+scala-1 | cpp-1
  intermittent: ENX041_solar-inverter-bank-availability-monitor.json::enx-041-preventive-maintenance::enx-041-preventive-maintenance-4 — lsp-1+scala-1 | cpp-1 then cpp-1+lsp-1+scala-1 then lsp-1+scala-1 | cpp-1
  intermittent: ENX041_solar-inverter-bank-availability-monitor.json::enx-041-urgent-stabilize::enx-041-urgent-stabilize-4 — lsp-1+scala-1 | cpp-1 then cpp-1+lsp-1+scala-1 then cpp-1+lsp-1+scala-1
  intermittent: ENX042_solar-inverter-bank-dispatch-controller.json::enx-042-optimize-dispatch::enx-042-optimize-dispatch-4 — lsp-1+scala-1 | cpp-1 then lsp-1+scala-1 | cpp-1 then cpp-1+lsp-1+scala-1
  intermittent: ENX042_solar-inverter-bank-dispatch-controller.json::enx-042-preventive-maintenance::enx-042-preventive-maintenance-4 — lsp-1+scala-1 | cpp-1 then cpp-1+lsp-1+scala-1 then lsp-1+scala-1 | cpp-1
  intermittent: ENX043_solar-inverter-bank-forecast-gatekeeper.json::enx-043-operating-window-ok::enx-043-operating-window-ok-4 — lsp-1+scala-1 | cpp-1 then cpp-1+lsp-1+scala-1 then cpp-1+lsp-1+scala-1
  intermittent: ENX043_solar-inverter-bank-forecast-gatekeeper.json::enx-043-optimize-dispatch::enx-043-optimize-dispatch-4 — lsp-1+scala-1 | cpp-1 then cpp-1+lsp-1+scala-1 then lsp-1+scala-1 | cpp-1
  intermittent: ENX043_solar-inverter-bank-forecast-gatekeeper.json::enx-043-urgent-stabilize::enx-043-urgent-stabilize-4 — lsp-1+scala-1 | cpp-1 then cpp-1+lsp-1+scala-1 then cpp-1+lsp-1+scala-1
  intermittent: ENX044_solar-inverter-bank-maintenance-scheduler.json::enx-044-preventive-maintenance::enx-044-preventive-maintenance-4 — lsp-1+scala-1 | cpp-1 then cpp-1+lsp-1+scala-1 then lsp-1+scala-1 | cpp-1
  intermittent: ENX044_solar-inverter-bank-maintenance-scheduler.json::enx-044-urgent-stabilize::enx-044-urgent-stabilize-4 — lsp-1+scala-1 | cpp-1 then cpp-1+lsp-1+scala-1 then lsp-1+scala-1 | cpp-1
  intermittent: ENX045_solar-inverter-bank-power-quality-guardian.json::enx-045-operating-window-ok::enx-045-operating-window-ok-4 — lsp-1+scala-1 | cpp-1 then cpp-1+lsp-1+scala-1 then lsp-1+scala-1 | cpp-1
  intermittent: ENX045_solar-inverter-bank-power-quality-guardian.json::enx-045-optimize-dispatch::enx-045-optimize-dispatch-4 — lsp-1+scala-1 | cpp-1 then cpp-1+lsp-1+scala-1 then cpp-1+lsp-1+scala-1
  intermittent: ENX045_solar-inverter-bank-power-quality-guardian.json::enx-045-preventive-maintenance::enx-045-preventive-maintenance-4 — lsp-1+scala-1 | cpp-1 then lsp-1+scala-1 | cpp-1 then cpp-1+lsp-1+scala-1
  intermittent: ENX046_solar-inverter-bank-resilience-mode-router.json::enx-046-optimize-dispatch::enx-046-optimize-dispatch-4 — lsp-1+scala-1 | cpp-1 then cpp-1+lsp-1+scala-1 then lsp-1+scala-1 | cpp-1
  intermittent: ENX046_solar-inverter-bank-resilience-mode-router.json::enx-046-preventive-maintenance::enx-046-preventive-maintenance-4 — lsp-1+scala-1 | cpp-1 then cpp-1+lsp-1+scala-1 then lsp-1+scala-1 | cpp-1
  intermittent: ENX046_solar-inverter-bank-resilience-mode-router.json::enx-046-urgent-stabilize::enx-046-urgent-stabilize-4 — lsp-1+scala-1 | cpp-1 then cpp-1+lsp-1+scala-1 then lsp-1+scala-1 | cpp-1
  intermittent: ENX047_solar-inverter-bank-optimization-planner.json::enx-047-operating-window-ok::enx-047-operating-window-ok-4 — lsp-1+scala-1 | cpp-1 then cpp-1+lsp-1+scala-1 then lsp-1+scala-1 | cpp-1
  intermittent: ENX047_solar-inverter-bank-optimization-planner.json::enx-047-optimize-dispatch::enx-047-optimize-dispatch-4 — lsp-1+scala-1 | cpp-1 then cpp-1+lsp-1+scala-1 then cpp-1+lsp-1+scala-1
  intermittent: ENX047_solar-inverter-bank-optimization-planner.json::enx-047-preventive-maintenance::enx-047-preventive-maintenance-4 — lsp-1+scala-1 | cpp-1 then lsp-1+scala-1 | cpp-1 then cpp-1+lsp-1+scala-1
  intermittent: ENX048_solar-inverter-bank-safety-compliance-checker.json::enx-048-operating-window-ok::enx-048-operating-window-ok-4 — lsp-1+scala-1 | cpp-1 then cpp-1+lsp-1+scala-1 then lsp-1+scala-1 | cpp-1
  intermittent: ENX048_solar-inverter-bank-safety-compliance-checker.json::enx-048-preventive-maintenance::enx-048-preventive-maintenance-4 — lsp-1+scala-1 | cpp-1 then cpp-1+lsp-1+scala-1 then cpp-1+lsp-1+scala-1
  intermittent: ENX048_solar-inverter-bank-safety-compliance-checker.json::enx-048-urgent-stabilize::enx-048-urgent-stabilize-4 — lsp-1+scala-1 | cpp-1 then cpp-1+lsp-1+scala-1 then lsp-1+scala-1 | cpp-1
  intermittent: ENX049_solar-string-combiner-availability-monitor.json::enx-049-optimize-dispatch::enx-049-optimize-dispatch-4 — lsp-1+scala-1 | cpp-1 then cpp-1+lsp-1+scala-1 then lsp-1+scala-1 | cpp-1
  intermittent: ENX050_solar-string-combiner-dispatch-controller.json::enx-050-preventive-maintenance::enx-050-preventive-maintenance-4 — lsp-1+scala-1 | cpp-1 then cpp-1+lsp-1+scala-1 then lsp-1+scala-1 | cpp-1
  intermittent: ENX051_solar-string-combiner-forecast-gatekeeper.json::enx-051-preventive-maintenance::enx-051-preventive-maintenance-4 — lsp-1+scala-1 | cpp-1 then cpp-1+lsp-1+scala-1 then lsp-1+scala-1 | cpp-1
  intermittent: ENX052_solar-string-combiner-maintenance-scheduler.json::enx-052-operating-window-ok::enx-052-operating-window-ok-4 — lsp-1+scala-1 | cpp-1 then cpp-1+lsp-1+scala-1 then cpp-1+lsp-1+scala-1
  intermittent: ENX052_solar-string-combiner-maintenance-scheduler.json::enx-052-optimize-dispatch::enx-052-optimize-dispatch-4 — lsp-1+scala-1 | cpp-1 then cpp-1+lsp-1+scala-1 then lsp-1+scala-1 | cpp-1
  intermittent: ENX052_solar-string-combiner-maintenance-scheduler.json::enx-052-preventive-maintenance::enx-052-preventive-maintenance-4 — lsp-1+scala-1 | cpp-1 then cpp-1+lsp-1+scala-1 then lsp-1+scala-1 | cpp-1
  intermittent: ENX052_solar-string-combiner-maintenance-scheduler.json::enx-052-urgent-stabilize::enx-052-urgent-stabilize-4 — lsp-1+scala-1 | cpp-1 then cpp-1+lsp-1+scala-1 then cpp-1+lsp-1+scala-1
  intermittent: ENX053_solar-string-combiner-power-quality-guardian.json::enx-053-operating-window-ok::enx-053-operating-window-ok-4 — lsp-1+scala-1 | cpp-1 then cpp-1+lsp-1+scala-1 then cpp-1+lsp-1+scala-1
  intermittent: ENX053_solar-string-combiner-power-quality-guardian.json::enx-053-preventive-maintenance::enx-053-preventive-maintenance-4 — lsp-1+scala-1 | cpp-1 then cpp-1+lsp-1+scala-1 then lsp-1+scala-1 | cpp-1
  intermittent: ENX053_solar-string-combiner-power-quality-guardian.json::enx-053-urgent-stabilize::enx-053-urgent-stabilize-4 — lsp-1+scala-1 | cpp-1 then cpp-1+lsp-1+scala-1 then cpp-1+lsp-1+scala-1
  intermittent: ENX054_solar-string-combiner-resilience-mode-router.json::enx-054-operating-window-ok::enx-054-operating-window-ok-4 — lsp-1+scala-1 | cpp-1 then lsp-1+scala-1 | cpp-1 then cpp-1+lsp-1+scala-1
  intermittent: ENX054_solar-string-combiner-resilience-mode-router.json::enx-054-optimize-dispatch::enx-054-optimize-dispatch-4 — lsp-1+scala-1 | cpp-1 then cpp-1+lsp-1+scala-1 then cpp-1+lsp-1+scala-1
  intermittent: ENX054_solar-string-combiner-resilience-mode-router.json::enx-054-preventive-maintenance::enx-054-preventive-maintenance-4 — lsp-1+scala-1 | cpp-1 then lsp-1+scala-1 | cpp-1 then cpp-1+lsp-1+scala-1
  intermittent: ENX054_solar-string-combiner-resilience-mode-router.json::enx-054-urgent-stabilize::enx-054-urgent-stabilize-4 — lsp-1+scala-1 | cpp-1 then cpp-1+lsp-1+scala-1 then lsp-1+scala-1 | cpp-1
  intermittent: ENX055_solar-string-combiner-optimization-planner.json::enx-055-operating-window-ok::enx-055-operating-window-ok-4 — lsp-1+scala-1 | cpp-1 then cpp-1+lsp-1+scala-1 then cpp-1+lsp-1+scala-1
  intermittent: ENX055_solar-string-combiner-optimization-planner.json::enx-055-optimize-dispatch::enx-055-optimize-dispatch-4 — lsp-1+scala-1 | cpp-1 then cpp-1+lsp-1+scala-1 then cpp-1+lsp-1+scala-1
  intermittent: ENX056_solar-string-combiner-safety-compliance-checker.json::enx-056-operating-window-ok::enx-056-operating-window-ok-4 — lsp-1+scala-1 | cpp-1 then lsp-1+scala-1 | cpp-1 then cpp-1+lsp-1+scala-1
  intermittent: ENX056_solar-string-combiner-safety-compliance-checker.json::enx-056-urgent-stabilize::enx-056-urgent-stabilize-4 — lsp-1+scala-1 | cpp-1 then cpp-1+lsp-1+scala-1 then cpp-1+lsp-1+scala-1
  intermittent: ENX058_solar-soiling-and-wash-crew-dispatch-controller.json::enx-058-operating-window-ok::enx-058-operating-window-ok-4 — lsp-1+scala-1 | cpp-1 then lsp-1+scala-1 | cpp-1 then cpp-1+lsp-1+scala-1
  intermittent: ENX059_solar-soiling-and-wash-crew-forecast-gatekeeper.json::enx-059-operating-window-ok::enx-059-operating-window-ok-4 — lsp-1+scala-1 | cpp-1 then lsp-1+scala-1 | cpp-1 then cpp-1+lsp-1+scala-1
  intermittent: ENX059_solar-soiling-and-wash-crew-forecast-gatekeeper.json::enx-059-optimize-dispatch::enx-059-optimize-dispatch-4 — lsp-1+scala-1 | cpp-1 then cpp-1+lsp-1+scala-1 then cpp-1+lsp-1+scala-1
  intermittent: ENX059_solar-soiling-and-wash-crew-forecast-gatekeeper.json::enx-059-preventive-maintenance::enx-059-preventive-maintenance-4 — lsp-1+scala-1 | cpp-1 then cpp-1+lsp-1+scala-1 then cpp-1+lsp-1+scala-1
  intermittent: ENX060_solar-soiling-and-wash-crew-maintenance-scheduler.json::enx-060-optimize-dispatch::enx-060-optimize-dispatch-4 — lsp-1+scala-1 | cpp-1 then lsp-1+scala-1 | cpp-1 then cpp-1+lsp-1+scala-1
  intermittent: ENX060_solar-soiling-and-wash-crew-maintenance-scheduler.json::enx-060-preventive-maintenance::enx-060-preventive-maintenance-4 — lsp-1+scala-1 | cpp-1 then lsp-1+scala-1 | cpp-1 then cpp-1+lsp-1+scala-1
  intermittent: ENX061_solar-soiling-and-wash-crew-power-quality-guardian.json::enx-061-preventive-maintenance::enx-061-preventive-maintenance-4 — lsp-1+scala-1 | cpp-1 then cpp-1+lsp-1+scala-1 then cpp-1+lsp-1+scala-1
  intermittent: ENX062_solar-soiling-and-wash-crew-resilience-mode-router.json::enx-062-operating-window-ok::enx-062-operating-window-ok-4 — lsp-1+scala-1 | cpp-1 then cpp-1+lsp-1+scala-1 then cpp-1+lsp-1+scala-1
  intermittent: ENX062_solar-soiling-and-wash-crew-resilience-mode-router.json::enx-062-preventive-maintenance::enx-062-preventive-maintenance-4 — lsp-1+scala-1 | cpp-1 then cpp-1+lsp-1+scala-1 then lsp-1+scala-1 | cpp-1
  intermittent: ENX062_solar-soiling-and-wash-crew-resilience-mode-router.json::enx-062-urgent-stabilize::enx-062-urgent-stabilize-4 — lsp-1+scala-1 | cpp-1 then cpp-1+lsp-1+scala-1 then cpp-1+lsp-1+scala-1
  intermittent: ENX063_solar-soiling-and-wash-crew-optimization-planner.json::enx-063-operating-window-ok::enx-063-operating-window-ok-4 — lsp-1+scala-1 | cpp-1 then lsp-1+scala-1 | cpp-1 then cpp-1+lsp-1+scala-1
  intermittent: ENX063_solar-soiling-and-wash-crew-optimization-planner.json::enx-063-optimize-dispatch::enx-063-optimize-dispatch-4 — lsp-1+scala-1 | cpp-1 then cpp-1+lsp-1+scala-1 then cpp-1+lsp-1+scala-1
  intermittent: ENX063_solar-soiling-and-wash-crew-optimization-planner.json::enx-063-preventive-maintenance::enx-063-preventive-maintenance-4 — lsp-1+scala-1 | cpp-1 then lsp-1+scala-1 | cpp-1 then cpp-1+lsp-1+scala-1
  intermittent: ENX064_solar-soiling-and-wash-crew-safety-compliance-checker.json::enx-064-optimize-dispatch::enx-064-optimize-dispatch-4 — lsp-1+scala-1 | cpp-1 then lsp-1+scala-1 | cpp-1 then cpp-1+lsp-1+scala-1
  intermittent: ENX064_solar-soiling-and-wash-crew-safety-compliance-checker.json::enx-064-preventive-maintenance::enx-064-preventive-maintenance-4 — lsp-1+scala-1 | cpp-1 then cpp-1+lsp-1+scala-1 then cpp-1+lsp-1+scala-1
  intermittent: ENX065_battery-container-rack-availability-monitor.json::enx-065-optimize-dispatch::enx-065-optimize-dispatch-4 — lsp-1+scala-1 | cpp-1 then cpp-1+lsp-1+scala-1 then cpp-1+lsp-1+scala-1
  intermittent: ENX065_battery-container-rack-availability-monitor.json::enx-065-preventive-maintenance::enx-065-preventive-maintenance-4 — lsp-1+scala-1 | cpp-1 then lsp-1+scala-1 | cpp-1 then cpp-1+lsp-1+scala-1
  intermittent: ENX066_battery-container-rack-dispatch-controller.json::enx-066-operating-window-ok::enx-066-operating-window-ok-4 — lsp-1+scala-1 | cpp-1 then lsp-1+scala-1 | cpp-1 then cpp-1+lsp-1+scala-1
  intermittent: ENX067_battery-container-rack-forecast-gatekeeper.json::enx-067-optimize-dispatch::enx-067-optimize-dispatch-4 — lsp-1+scala-1 | cpp-1 then cpp-1+lsp-1+scala-1 then cpp-1+lsp-1+scala-1
  intermittent: ENX067_battery-container-rack-forecast-gatekeeper.json::enx-067-preventive-maintenance::enx-067-preventive-maintenance-4 — lsp-1+scala-1 | cpp-1 then lsp-1+scala-1 | cpp-1 then cpp-1+lsp-1+scala-1
  intermittent: ENX068_battery-container-rack-maintenance-scheduler.json::enx-068-operating-window-ok::enx-068-operating-window-ok-4 — lsp-1+scala-1 | cpp-1 then lsp-1+scala-1 | cpp-1 then cpp-1+lsp-1+scala-1
  intermittent: ENX068_battery-container-rack-maintenance-scheduler.json::enx-068-urgent-stabilize::enx-068-urgent-stabilize-4 — lsp-1+scala-1 | cpp-1 then lsp-1+scala-1 | cpp-1 then cpp-1+lsp-1+scala-1
  intermittent: ENX069_battery-container-rack-power-quality-guardian.json::enx-069-optimize-dispatch::enx-069-optimize-dispatch-4 — lsp-1+scala-1 | cpp-1 then lsp-1+scala-1 | cpp-1 then cpp-1+lsp-1+scala-1
  intermittent: ENX070_battery-container-rack-resilience-mode-router.json::enx-070-preventive-maintenance::enx-070-preventive-maintenance-4 — lsp-1+scala-1 | cpp-1 then lsp-1+scala-1 | cpp-1 then cpp-1+lsp-1+scala-1
  intermittent: ENX070_battery-container-rack-resilience-mode-router.json::enx-070-urgent-stabilize::enx-070-urgent-stabilize-4 — lsp-1+scala-1 | cpp-1 then cpp-1+lsp-1+scala-1 then cpp-1+lsp-1+scala-1
  intermittent: ENX071_battery-container-rack-optimization-planner.json::enx-071-operating-window-ok::enx-071-operating-window-ok-4 — lsp-1+scala-1 | cpp-1 then cpp-1+lsp-1+scala-1 then lsp-1+scala-1 | cpp-1
  intermittent: ENX071_battery-container-rack-optimization-planner.json::enx-071-optimize-dispatch::enx-071-optimize-dispatch-4 — lsp-1+scala-1 | cpp-1 then cpp-1+lsp-1+scala-1 then lsp-1+scala-1 | cpp-1
  intermittent: ENX071_battery-container-rack-optimization-planner.json::enx-071-preventive-maintenance::enx-071-preventive-maintenance-4 — lsp-1+scala-1 | cpp-1 then cpp-1+lsp-1+scala-1 then lsp-1+scala-1 | cpp-1
  intermittent: ENX071_battery-container-rack-optimization-planner.json::enx-071-urgent-stabilize::enx-071-urgent-stabilize-4 — lsp-1+scala-1 | cpp-1 then cpp-1+lsp-1+scala-1 then lsp-1+scala-1 | cpp-1
  intermittent: ENX073_battery-bms-cell-balance-availability-monitor.json::enx-073-operating-window-ok::enx-073-operating-window-ok-4 — lsp-1+scala-1 | cpp-1 then lsp-1+scala-1 | cpp-1 then cpp-1+lsp-1+scala-1
  intermittent: ENX073_battery-bms-cell-balance-availability-monitor.json::enx-073-optimize-dispatch::enx-073-optimize-dispatch-4 — lsp-1+scala-1 | cpp-1 then cpp-1+lsp-1+scala-1 then cpp-1+lsp-1+scala-1
  intermittent: ENX074_battery-bms-cell-balance-dispatch-controller.json::enx-074-operating-window-ok::enx-074-operating-window-ok-4 — lsp-1+scala-1 | cpp-1 then cpp-1+lsp-1+scala-1 then cpp-1+lsp-1+scala-1
  intermittent: ENX074_battery-bms-cell-balance-dispatch-controller.json::enx-074-preventive-maintenance::enx-074-preventive-maintenance-4 — lsp-1+scala-1 | cpp-1 then cpp-1+lsp-1+scala-1 then cpp-1+lsp-1+scala-1
  intermittent: ENX075_battery-bms-cell-balance-forecast-gatekeeper.json::enx-075-operating-window-ok::enx-075-operating-window-ok-4 — lsp-1+scala-1 | cpp-1 then cpp-1+lsp-1+scala-1 then lsp-1+scala-1 | cpp-1
  intermittent: ENX075_battery-bms-cell-balance-forecast-gatekeeper.json::enx-075-preventive-maintenance::enx-075-preventive-maintenance-4 — lsp-1+scala-1 | cpp-1 then cpp-1+lsp-1+scala-1 then cpp-1+lsp-1+scala-1
  intermittent: ENX075_battery-bms-cell-balance-forecast-gatekeeper.json::enx-075-urgent-stabilize::enx-075-urgent-stabilize-4 — lsp-1+scala-1 | cpp-1 then cpp-1+lsp-1+scala-1 then cpp-1+lsp-1+scala-1
  intermittent: ENX076_battery-bms-cell-balance-maintenance-scheduler.json::enx-076-operating-window-ok::enx-076-operating-window-ok-4 — lsp-1+scala-1 | cpp-1 then cpp-1+lsp-1+scala-1 then cpp-1+lsp-1+scala-1
  intermittent: ENX076_battery-bms-cell-balance-maintenance-scheduler.json::enx-076-optimize-dispatch::enx-076-optimize-dispatch-4 — lsp-1+scala-1 | cpp-1 then cpp-1+lsp-1+scala-1 then cpp-1+lsp-1+scala-1
  intermittent: ENX077_battery-bms-cell-balance-power-quality-guardian.json::enx-077-optimize-dispatch::enx-077-optimize-dispatch-4 — lsp-1+scala-1 | cpp-1 then cpp-1+lsp-1+scala-1 then lsp-1+scala-1 | cpp-1
  intermittent: ENX077_battery-bms-cell-balance-power-quality-guardian.json::enx-077-urgent-stabilize::enx-077-urgent-stabilize-4 — lsp-1+scala-1 | cpp-1 then cpp-1+lsp-1+scala-1 then cpp-1+lsp-1+scala-1
  intermittent: ENX078_battery-bms-cell-balance-resilience-mode-router.json::enx-078-operating-window-ok::enx-078-operating-window-ok-4 — lsp-1+scala-1 | cpp-1 then cpp-1+lsp-1+scala-1 then lsp-1+scala-1 | cpp-1
  intermittent: ENX078_battery-bms-cell-balance-resilience-mode-router.json::enx-078-urgent-stabilize::enx-078-urgent-stabilize-4 — lsp-1+scala-1 | cpp-1 then cpp-1+lsp-1+scala-1 then cpp-1+lsp-1+scala-1
  intermittent: ENX079_battery-bms-cell-balance-optimization-planner.json::enx-079-operating-window-ok::enx-079-operating-window-ok-4 — lsp-1+scala-1 | cpp-1 then lsp-1+scala-1 | cpp-1 then cpp-1+lsp-1+scala-1
  intermittent: ENX079_battery-bms-cell-balance-optimization-planner.json::enx-079-urgent-stabilize::enx-079-urgent-stabilize-4 — lsp-1+scala-1 | cpp-1 then cpp-1+lsp-1+scala-1 then lsp-1+scala-1 | cpp-1
  intermittent: ENX080_battery-bms-cell-balance-safety-compliance-checker.json::enx-080-optimize-dispatch::enx-080-optimize-dispatch-4 — lsp-1+scala-1 | cpp-1 then cpp-1+lsp-1+scala-1 then lsp-1+scala-1 | cpp-1
  intermittent: ENX081_battery-thermal-management-availability-monitor.json::enx-081-operating-window-ok::enx-081-operating-window-ok-4 — lsp-1+scala-1 | cpp-1 then lsp-1+scala-1 | cpp-1 then cpp-1+lsp-1+scala-1
  intermittent: ENX081_battery-thermal-management-availability-monitor.json::enx-081-urgent-stabilize::enx-081-urgent-stabilize-4 — lsp-1+scala-1 | cpp-1 then cpp-1+lsp-1+scala-1 then cpp-1+lsp-1+scala-1
  intermittent: ENX082_battery-thermal-management-dispatch-controller.json::enx-082-operating-window-ok::enx-082-operating-window-ok-4 — lsp-1+scala-1 | cpp-1 then cpp-1+lsp-1+scala-1 then lsp-1+scala-1 | cpp-1
  intermittent: ENX082_battery-thermal-management-dispatch-controller.json::enx-082-optimize-dispatch::enx-082-optimize-dispatch-4 — lsp-1+scala-1 | cpp-1 then lsp-1+scala-1 | cpp-1 then cpp-1+lsp-1+scala-1
  intermittent: ENX082_battery-thermal-management-dispatch-controller.json::enx-082-urgent-stabilize::enx-082-urgent-stabilize-4 — lsp-1+scala-1 | cpp-1 then cpp-1+lsp-1+scala-1 then cpp-1+lsp-1+scala-1
  intermittent: ENX083_battery-thermal-management-forecast-gatekeeper.json::enx-083-preventive-maintenance::enx-083-preventive-maintenance-4 — lsp-1+scala-1 | cpp-1 then lsp-1+scala-1 | cpp-1 then cpp-1+lsp-1+scala-1
  intermittent: ENX083_battery-thermal-management-forecast-gatekeeper.json::enx-083-urgent-stabilize::enx-083-urgent-stabilize-4 — lsp-1+scala-1 | cpp-1 then cpp-1+lsp-1+scala-1 then cpp-1+lsp-1+scala-1
  intermittent: ENX085_battery-thermal-management-power-quality-guardian.json::enx-085-operating-window-ok::enx-085-operating-window-ok-4 — lsp-1+scala-1 | cpp-1 then cpp-1+lsp-1+scala-1 then lsp-1+scala-1 | cpp-1
  intermittent: ENX085_battery-thermal-management-power-quality-guardian.json::enx-085-optimize-dispatch::enx-085-optimize-dispatch-4 — lsp-1+scala-1 | cpp-1 then lsp-1+scala-1 | cpp-1 then cpp-1+lsp-1+scala-1
  intermittent: ENX085_battery-thermal-management-power-quality-guardian.json::enx-085-urgent-stabilize::enx-085-urgent-stabilize-4 — lsp-1+scala-1 | cpp-1 then cpp-1+lsp-1+scala-1 then cpp-1+lsp-1+scala-1
  intermittent: ENX087_battery-thermal-management-optimization-planner.json::enx-087-operating-window-ok::enx-087-operating-window-ok-4 — lsp-1+scala-1 | cpp-1 then lsp-1+scala-1 | cpp-1 then cpp-1+lsp-1+scala-1
  intermittent: ENX087_battery-thermal-management-optimization-planner.json::enx-087-optimize-dispatch::enx-087-optimize-dispatch-4 — lsp-1+scala-1 | cpp-1 then lsp-1+scala-1 | cpp-1 then cpp-1+lsp-1+scala-1
  intermittent: ENX087_battery-thermal-management-optimization-planner.json::enx-087-urgent-stabilize::enx-087-urgent-stabilize-4 — lsp-1+scala-1 | cpp-1 then cpp-1+lsp-1+scala-1 then cpp-1+lsp-1+scala-1
  intermittent: ENX088_battery-thermal-management-safety-compliance-checker.json::enx-088-optimize-dispatch::enx-088-optimize-dispatch-4 — lsp-1+scala-1 | cpp-1 then cpp-1+lsp-1+scala-1 then cpp-1+lsp-1+scala-1
  intermittent: ENX088_battery-thermal-management-safety-compliance-checker.json::enx-088-preventive-maintenance::enx-088-preventive-maintenance-4 — lsp-1+scala-1 | cpp-1 then lsp-1+scala-1 | cpp-1 then cpp-1+lsp-1+scala-1
  intermittent: ENX089_battery-fire-safety-loop-availability-monitor.json::enx-089-operating-window-ok::enx-089-operating-window-ok-4 — lsp-1+scala-1 | cpp-1 then lsp-1+scala-1 | cpp-1 then cpp-1+lsp-1+scala-1
  intermittent: ENX089_battery-fire-safety-loop-availability-monitor.json::enx-089-preventive-maintenance::enx-089-preventive-maintenance-4 — lsp-1+scala-1 | cpp-1 then lsp-1+scala-1 | cpp-1 then cpp-1+lsp-1+scala-1
  intermittent: ENX090_battery-fire-safety-loop-dispatch-controller.json::enx-090-operating-window-ok::enx-090-operating-window-ok-4 — lsp-1+scala-1 | cpp-1 then cpp-1+lsp-1+scala-1 then cpp-1+lsp-1+scala-1
  intermittent: ENX090_battery-fire-safety-loop-dispatch-controller.json::enx-090-optimize-dispatch::enx-090-optimize-dispatch-4 — lsp-1+scala-1 | cpp-1 then cpp-1+lsp-1+scala-1 then cpp-1+lsp-1+scala-1
  intermittent: ENX090_battery-fire-safety-loop-dispatch-controller.json::enx-090-urgent-stabilize::enx-090-urgent-stabilize-4 — lsp-1+scala-1 | cpp-1 then cpp-1+lsp-1+scala-1 then cpp-1+lsp-1+scala-1
  intermittent: ENX091_battery-fire-safety-loop-forecast-gatekeeper.json::enx-091-operating-window-ok::enx-091-operating-window-ok-4 — lsp-1+scala-1 | cpp-1 then lsp-1+scala-1 | cpp-1 then cpp-1+lsp-1+scala-1
  intermittent: ENX091_battery-fire-safety-loop-forecast-gatekeeper.json::enx-091-optimize-dispatch::enx-091-optimize-dispatch-4 — lsp-1+scala-1 | cpp-1 then cpp-1+lsp-1+scala-1 then lsp-1+scala-1 | cpp-1
  intermittent: ENX091_battery-fire-safety-loop-forecast-gatekeeper.json::enx-091-preventive-maintenance::enx-091-preventive-maintenance-4 — lsp-1+scala-1 | cpp-1 then cpp-1+lsp-1+scala-1 then cpp-1+lsp-1+scala-1
  intermittent: ENX093_battery-fire-safety-loop-power-quality-guardian.json::enx-093-urgent-stabilize::enx-093-urgent-stabilize-4 — lsp-1+scala-1 | cpp-1 then cpp-1+lsp-1+scala-1 then cpp-1+lsp-1+scala-1
  intermittent: ENX094_battery-fire-safety-loop-resilience-mode-router.json::enx-094-urgent-stabilize::enx-094-urgent-stabilize-4 — lsp-1+scala-1 | cpp-1 then cpp-1+lsp-1+scala-1 then cpp-1+lsp-1+scala-1
  intermittent: ENX095_battery-fire-safety-loop-optimization-planner.json::enx-095-operating-window-ok::enx-095-operating-window-ok-4 — lsp-1+scala-1 | cpp-1 then cpp-1+lsp-1+scala-1 then cpp-1+lsp-1+scala-1
  intermittent: ENX095_battery-fire-safety-loop-optimization-planner.json::enx-095-optimize-dispatch::enx-095-optimize-dispatch-4 — lsp-1+scala-1 | cpp-1 then lsp-1+scala-1 | cpp-1 then cpp-1+lsp-1+scala-1
  intermittent: ENX096_battery-fire-safety-loop-safety-compliance-checker.json::enx-096-operating-window-ok::enx-096-operating-window-ok-4 — lsp-1+scala-1 | cpp-1 then lsp-1+scala-1 | cpp-1 then cpp-1+lsp-1+scala-1
  intermittent: ENX096_battery-fire-safety-loop-safety-compliance-checker.json::enx-096-preventive-maintenance::enx-096-preventive-maintenance-4 — lsp-1+scala-1 | cpp-1 then lsp-1+scala-1 | cpp-1 then cpp-1+lsp-1+scala-1
  intermittent: ENX097_battery-state-of-charge-reserve-availability-monitor.json::enx-097-optimize-dispatch::enx-097-optimize-dispatch-4 — lsp-1+scala-1 | cpp-1 then cpp-1+lsp-1+scala-1 then lsp-1+scala-1 | cpp-1
  intermittent: ENX097_battery-state-of-charge-reserve-availability-monitor.json::enx-097-urgent-stabilize::enx-097-urgent-stabilize-4 — lsp-1+scala-1 | cpp-1 then cpp-1+lsp-1+scala-1 then cpp-1+lsp-1+scala-1
  intermittent: ENX098_battery-state-of-charge-reserve-dispatch-controller.json::enx-098-optimize-dispatch::enx-098-optimize-dispatch-4 — lsp-1+scala-1 | cpp-1 then cpp-1+lsp-1+scala-1 then lsp-1+scala-1 | cpp-1
  intermittent: ENX099_battery-state-of-charge-reserve-forecast-gatekeeper.json::enx-099-operating-window-ok::enx-099-operating-window-ok-4 — lsp-1+scala-1 | cpp-1 then cpp-1+lsp-1+scala-1 then cpp-1+lsp-1+scala-1
  intermittent: ENX100_battery-state-of-charge-reserve-maintenance-scheduler.json::enx-100-urgent-stabilize::enx-100-urgent-stabilize-4 — lsp-1+scala-1 | cpp-1 then cpp-1+lsp-1+scala-1 then cpp-1+lsp-1+scala-1
  intermittent: ENX101_battery-state-of-charge-reserve-power-quality-guardian.json::enx-101-urgent-stabilize::enx-101-urgent-stabilize-4 — lsp-1+scala-1 | cpp-1 then cpp-1+lsp-1+scala-1 then cpp-1+lsp-1+scala-1
  intermittent: ENX103_battery-state-of-charge-reserve-optimization-planner.json::enx-103-optimize-dispatch::enx-103-optimize-dispatch-4 — lsp-1+scala-1 | cpp-1 then lsp-1+scala-1 | cpp-1 then cpp-1+lsp-1+scala-1
  intermittent: ENX103_battery-state-of-charge-reserve-optimization-planner.json::enx-103-urgent-stabilize::enx-103-urgent-stabilize-4 — lsp-1+scala-1 | cpp-1 then cpp-1+lsp-1+scala-1 then cpp-1+lsp-1+scala-1
  intermittent: ENX104_battery-state-of-charge-reserve-safety-compliance-checker.json::enx-104-urgent-stabilize::enx-104-urgent-stabilize-4 — lsp-1+scala-1 | cpp-1 then lsp-1+scala-1 | cpp-1 then cpp-1+lsp-1+scala-1
  intermittent: ENX105_microgrid-point-of-common-coupling-availability-monitor.json::enx-105-urgent-stabilize::enx-105-urgent-stabilize-4 — lsp-1+scala-1 | cpp-1 then lsp-1+scala-1 | cpp-1 then cpp-1+lsp-1+scala-1
  intermittent: ENX106_microgrid-point-of-common-coupling-dispatch-controller.json::enx-106-operating-window-ok::enx-106-operating-window-ok-4 — lsp-1+scala-1 | cpp-1 then lsp-1+scala-1 | cpp-1 then cpp-1+lsp-1+scala-1
  intermittent: ENX107_microgrid-point-of-common-coupling-forecast-gatekeeper.json::enx-107-optimize-dispatch::enx-107-optimize-dispatch-4 — lsp-1+scala-1 | cpp-1 then cpp-1+lsp-1+scala-1 then cpp-1+lsp-1+scala-1
  intermittent: ENX107_microgrid-point-of-common-coupling-forecast-gatekeeper.json::enx-107-preventive-maintenance::enx-107-preventive-maintenance-4 — lsp-1+scala-1 | cpp-1 then cpp-1+lsp-1+scala-1 then cpp-1+lsp-1+scala-1
  intermittent: ENX108_microgrid-point-of-common-coupling-maintenance-scheduler.json::enx-108-operating-window-ok::enx-108-operating-window-ok-4 — lsp-1+scala-1 | cpp-1 then cpp-1+lsp-1+scala-1 then cpp-1+lsp-1+scala-1
  intermittent: ENX108_microgrid-point-of-common-coupling-maintenance-scheduler.json::enx-108-preventive-maintenance::enx-108-preventive-maintenance-4 — lsp-1+scala-1 | cpp-1 then cpp-1+lsp-1+scala-1 then lsp-1+scala-1 | cpp-1
  intermittent: ENX108_microgrid-point-of-common-coupling-maintenance-scheduler.json::enx-108-urgent-stabilize::enx-108-urgent-stabilize-4 — lsp-1+scala-1 | cpp-1 then cpp-1+lsp-1+scala-1 then cpp-1+lsp-1+scala-1
  intermittent: ENX109_microgrid-point-of-common-coupling-power-quality-guardian.json::enx-109-operating-window-ok::enx-109-operating-window-ok-4 — lsp-1+scala-1 | cpp-1 then cpp-1+lsp-1+scala-1 then cpp-1+lsp-1+scala-1
  intermittent: ENX109_microgrid-point-of-common-coupling-power-quality-guardian.json::enx-109-urgent-stabilize::enx-109-urgent-stabilize-4 — lsp-1+scala-1 | cpp-1 then lsp-1+scala-1 | cpp-1 then cpp-1+lsp-1+scala-1
  intermittent: ENX110_microgrid-point-of-common-coupling-resilience-mode-router.json::enx-110-operating-window-ok::enx-110-operating-window-ok-4 — lsp-1+scala-1 | cpp-1 then cpp-1+lsp-1+scala-1 then lsp-1+scala-1 | cpp-1
  intermittent: ENX110_microgrid-point-of-common-coupling-resilience-mode-router.json::enx-110-optimize-dispatch::enx-110-optimize-dispatch-4 — lsp-1+scala-1 | cpp-1 then lsp-1+scala-1 | cpp-1 then cpp-1+lsp-1+scala-1
  intermittent: ENX110_microgrid-point-of-common-coupling-resilience-mode-router.json::enx-110-urgent-stabilize::enx-110-urgent-stabilize-4 — lsp-1+scala-1 | cpp-1 then cpp-1+lsp-1+scala-1 then lsp-1+scala-1 | cpp-1
  intermittent: ENX111_microgrid-point-of-common-coupling-optimization-planner.json::enx-111-operating-window-ok::enx-111-operating-window-ok-4 — lsp-1+scala-1 | cpp-1 then cpp-1+lsp-1+scala-1 then lsp-1+scala-1 | cpp-1
  intermittent: ENX112_microgrid-point-of-common-coupling-safety-compliance-checker.json::enx-112-preventive-maintenance::enx-112-preventive-maintenance-4 — lsp-1+scala-1 | cpp-1 then cpp-1+lsp-1+scala-1 then cpp-1+lsp-1+scala-1
  intermittent: ENX113_feeder-sectionalizer-availability-monitor.json::enx-113-operating-window-ok::enx-113-operating-window-ok-4 — lsp-1+scala-1 | cpp-1 then cpp-1+lsp-1+scala-1 then lsp-1+scala-1 | cpp-1
  intermittent: ENX114_feeder-sectionalizer-dispatch-controller.json::enx-114-operating-window-ok::enx-114-operating-window-ok-4 — lsp-1+scala-1 | cpp-1 then cpp-1+lsp-1+scala-1 then cpp-1+lsp-1+scala-1
  intermittent: ENX115_feeder-sectionalizer-forecast-gatekeeper.json::enx-115-optimize-dispatch::enx-115-optimize-dispatch-4 — lsp-1+scala-1 | cpp-1 then lsp-1+scala-1 | cpp-1 then cpp-1+lsp-1+scala-1
  intermittent: ENX115_feeder-sectionalizer-forecast-gatekeeper.json::enx-115-urgent-stabilize::enx-115-urgent-stabilize-4 — lsp-1+scala-1 | cpp-1 then cpp-1+lsp-1+scala-1 then cpp-1+lsp-1+scala-1
  intermittent: ENX116_feeder-sectionalizer-maintenance-scheduler.json::enx-116-operating-window-ok::enx-116-operating-window-ok-4 — lsp-1+scala-1 | cpp-1 then cpp-1+lsp-1+scala-1 then cpp-1+lsp-1+scala-1
  intermittent: ENX117_feeder-sectionalizer-power-quality-guardian.json::enx-117-optimize-dispatch::enx-117-optimize-dispatch-4 — lsp-1+scala-1 | cpp-1 then cpp-1+lsp-1+scala-1 then lsp-1+scala-1 | cpp-1
  intermittent: ENX118_feeder-sectionalizer-resilience-mode-router.json::enx-118-optimize-dispatch::enx-118-optimize-dispatch-4 — lsp-1+scala-1 | cpp-1 then cpp-1+lsp-1+scala-1 then cpp-1+lsp-1+scala-1
  intermittent: ENX118_feeder-sectionalizer-resilience-mode-router.json::enx-118-preventive-maintenance::enx-118-preventive-maintenance-4 — lsp-1+scala-1 | cpp-1 then lsp-1+scala-1 | cpp-1 then cpp-1+lsp-1+scala-1
  intermittent: ENX119_feeder-sectionalizer-optimization-planner.json::enx-119-optimize-dispatch::enx-119-optimize-dispatch-4 — lsp-1+scala-1 | cpp-1 then lsp-1+scala-1 | cpp-1 then cpp-1+lsp-1+scala-1
  intermittent: ENX120_feeder-sectionalizer-safety-compliance-checker.json::enx-120-operating-window-ok::enx-120-operating-window-ok-4 — lsp-1+scala-1 | cpp-1 then cpp-1+lsp-1+scala-1 then cpp-1+lsp-1+scala-1
  intermittent: ENX120_feeder-sectionalizer-safety-compliance-checker.json::enx-120-optimize-dispatch::enx-120-optimize-dispatch-4 — lsp-1+scala-1 | cpp-1 then lsp-1+scala-1 | cpp-1 then cpp-1+lsp-1+scala-1
  intermittent: ENX120_feeder-sectionalizer-safety-compliance-checker.json::enx-120-preventive-maintenance::enx-120-preventive-maintenance-4 — lsp-1+scala-1 | cpp-1 then cpp-1+lsp-1+scala-1 then cpp-1+lsp-1+scala-1
  intermittent: ENX120_feeder-sectionalizer-safety-compliance-checker.json::enx-120-urgent-stabilize::enx-120-urgent-stabilize-4 — lsp-1+scala-1 | cpp-1 then cpp-1+lsp-1+scala-1 then cpp-1+lsp-1+scala-1
  intermittent: ENX121_community-load-flexibility-availability-monitor.json::enx-121-operating-window-ok::enx-121-operating-window-ok-4 — lsp-1+scala-1 | cpp-1 then cpp-1+lsp-1+scala-1 then cpp-1+lsp-1+scala-1
  intermittent: ENX121_community-load-flexibility-availability-monitor.json::enx-121-optimize-dispatch::enx-121-optimize-dispatch-4 — lsp-1+scala-1 | cpp-1 then cpp-1+lsp-1+scala-1 then lsp-1+scala-1 | cpp-1
  intermittent: ENX121_community-load-flexibility-availability-monitor.json::enx-121-preventive-maintenance::enx-121-preventive-maintenance-4 — lsp-1+scala-1 | cpp-1 then cpp-1+lsp-1+scala-1 then cpp-1+lsp-1+scala-1
  intermittent: ENX122_community-load-flexibility-dispatch-controller.json::enx-122-urgent-stabilize::enx-122-urgent-stabilize-4 — lsp-1+scala-1 | cpp-1 then lsp-1+scala-1 | cpp-1 then cpp-1+lsp-1+scala-1
  intermittent: ENX123_community-load-flexibility-forecast-gatekeeper.json::enx-123-operating-window-ok::enx-123-operating-window-ok-4 — lsp-1+scala-1 | cpp-1 then lsp-1+scala-1 | cpp-1 then cpp-1+lsp-1+scala-1
  intermittent: ENX123_community-load-flexibility-forecast-gatekeeper.json::enx-123-urgent-stabilize::enx-123-urgent-stabilize-4 — lsp-1+scala-1 | cpp-1 then cpp-1+lsp-1+scala-1 then lsp-1+scala-1 | cpp-1
  intermittent: ENX124_community-load-flexibility-maintenance-scheduler.json::enx-124-operating-window-ok::enx-124-operating-window-ok-4 — lsp-1+scala-1 | cpp-1 then lsp-1+scala-1 | cpp-1 then cpp-1+lsp-1+scala-1
  intermittent: ENX124_community-load-flexibility-maintenance-scheduler.json::enx-124-optimize-dispatch::enx-124-optimize-dispatch-4 — lsp-1+scala-1 | cpp-1 then lsp-1+scala-1 | cpp-1 then cpp-1+lsp-1+scala-1
  intermittent: ENX125_community-load-flexibility-power-quality-guardian.json::enx-125-operating-window-ok::enx-125-operating-window-ok-4 — lsp-1+scala-1 | cpp-1 then lsp-1+scala-1 | cpp-1 then cpp-1+lsp-1+scala-1
  intermittent: ENX125_community-load-flexibility-power-quality-guardian.json::enx-125-optimize-dispatch::enx-125-optimize-dispatch-4 — lsp-1+scala-1 | cpp-1 then lsp-1+scala-1 | cpp-1 then cpp-1+lsp-1+scala-1
  intermittent: ENX126_community-load-flexibility-resilience-mode-router.json::enx-126-optimize-dispatch::enx-126-optimize-dispatch-4 — lsp-1+scala-1 | cpp-1 then cpp-1+lsp-1+scala-1 then cpp-1+lsp-1+scala-1
  intermittent: ENX127_community-load-flexibility-optimization-planner.json::enx-127-optimize-dispatch::enx-127-optimize-dispatch-4 — lsp-1+scala-1 | cpp-1 then cpp-1+lsp-1+scala-1 then cpp-1+lsp-1+scala-1
  intermittent: ENX127_community-load-flexibility-optimization-planner.json::enx-127-preventive-maintenance::enx-127-preventive-maintenance-4 — lsp-1+scala-1 | cpp-1 then cpp-1+lsp-1+scala-1 then cpp-1+lsp-1+scala-1
  intermittent: ENX128_community-load-flexibility-safety-compliance-checker.json::enx-128-operating-window-ok::enx-128-operating-window-ok-4 — lsp-1+scala-1 | cpp-1 then cpp-1+lsp-1+scala-1 then cpp-1+lsp-1+scala-1
  intermittent: ENX128_community-load-flexibility-safety-compliance-checker.json::enx-128-preventive-maintenance::enx-128-preventive-maintenance-4 — lsp-1+scala-1 | cpp-1 then cpp-1+lsp-1+scala-1 then lsp-1+scala-1 | cpp-1
  intermittent: ENX128_community-load-flexibility-safety-compliance-checker.json::enx-128-urgent-stabilize::enx-128-urgent-stabilize-4 — lsp-1+scala-1 | cpp-1 then cpp-1+lsp-1+scala-1 then cpp-1+lsp-1+scala-1
  intermittent: ENX129_ev-charging-load-bank-availability-monitor.json::enx-129-preventive-maintenance::enx-129-preventive-maintenance-4 — lsp-1+scala-1 | cpp-1 then cpp-1+lsp-1+scala-1 then cpp-1+lsp-1+scala-1
  intermittent: ENX130_ev-charging-load-bank-dispatch-controller.json::enx-130-operating-window-ok::enx-130-operating-window-ok-4 — lsp-1+scala-1 | cpp-1 then cpp-1+lsp-1+scala-1 then cpp-1+lsp-1+scala-1
  intermittent: ENX130_ev-charging-load-bank-dispatch-controller.json::enx-130-urgent-stabilize::enx-130-urgent-stabilize-4 — lsp-1+scala-1 | cpp-1 then cpp-1+lsp-1+scala-1 then cpp-1+lsp-1+scala-1
  intermittent: ENX131_ev-charging-load-bank-forecast-gatekeeper.json::enx-131-optimize-dispatch::enx-131-optimize-dispatch-4 — lsp-1+scala-1 | cpp-1 then cpp-1+lsp-1+scala-1 then lsp-1+scala-1 | cpp-1
  intermittent: ENX131_ev-charging-load-bank-forecast-gatekeeper.json::enx-131-preventive-maintenance::enx-131-preventive-maintenance-4 — lsp-1+scala-1 | cpp-1 then cpp-1+lsp-1+scala-1 then lsp-1+scala-1 | cpp-1
  intermittent: ENX131_ev-charging-load-bank-forecast-gatekeeper.json::enx-131-urgent-stabilize::enx-131-urgent-stabilize-4 — lsp-1+scala-1 | cpp-1 then cpp-1+lsp-1+scala-1 then cpp-1+lsp-1+scala-1
  intermittent: ENX132_ev-charging-load-bank-maintenance-scheduler.json::enx-132-urgent-stabilize::enx-132-urgent-stabilize-4 — lsp-1+scala-1 | cpp-1 then lsp-1+scala-1 | cpp-1 then cpp-1+lsp-1+scala-1
  intermittent: ENX133_ev-charging-load-bank-power-quality-guardian.json::enx-133-optimize-dispatch::enx-133-optimize-dispatch-4 — lsp-1+scala-1 | cpp-1 then cpp-1+lsp-1+scala-1 then lsp-1+scala-1 | cpp-1
  intermittent: ENX134_ev-charging-load-bank-resilience-mode-router.json::enx-134-optimize-dispatch::enx-134-optimize-dispatch-4 — lsp-1+scala-1 | cpp-1 then cpp-1+lsp-1+scala-1 then lsp-1+scala-1 | cpp-1
  intermittent: ENX134_ev-charging-load-bank-resilience-mode-router.json::enx-134-urgent-stabilize::enx-134-urgent-stabilize-4 — lsp-1+scala-1 | cpp-1 then cpp-1+lsp-1+scala-1 then lsp-1+scala-1 | cpp-1
  intermittent: ENX135_ev-charging-load-bank-optimization-planner.json::enx-135-preventive-maintenance::enx-135-preventive-maintenance-4 — lsp-1+scala-1 | cpp-1 then lsp-1+scala-1 | cpp-1 then cpp-1+lsp-1+scala-1
  intermittent: ENX136_ev-charging-load-bank-safety-compliance-checker.json::enx-136-operating-window-ok::enx-136-operating-window-ok-4 — lsp-1+scala-1 | cpp-1 then cpp-1+lsp-1+scala-1 then lsp-1+scala-1 | cpp-1
  intermittent: ENX136_ev-charging-load-bank-safety-compliance-checker.json::enx-136-optimize-dispatch::enx-136-optimize-dispatch-4 — lsp-1+scala-1 | cpp-1 then lsp-1+scala-1 | cpp-1 then cpp-1+lsp-1+scala-1
  intermittent: ENX137_critical-facility-backup-panel-availability-monitor.json::enx-137-urgent-stabilize::enx-137-urgent-stabilize-4 — lsp-1+scala-1 | cpp-1 then cpp-1+lsp-1+scala-1 then lsp-1+scala-1 | cpp-1
  intermittent: ENX138_critical-facility-backup-panel-dispatch-controller.json::enx-138-operating-window-ok::enx-138-operating-window-ok-4 — cpp-1+lsp-1 | scala-1 then cpp-1+scala-1 | lsp-1 then cpp-1+scala-1 | lsp-1
  intermittent: ENX138_critical-facility-backup-panel-dispatch-controller.json::enx-138-preventive-maintenance::enx-138-preventive-maintenance-4 — lsp-1+scala-1 | cpp-1 then cpp-1+lsp-1 | scala-1 then cpp-1+lsp-1 | scala-1
  intermittent: ENX139_critical-facility-backup-panel-forecast-gatekeeper.json::enx-139-operating-window-ok::enx-139-operating-window-ok-4 — cpp-1+lsp-1 | scala-1 then cpp-1+lsp-1 | scala-1 then cpp-1+scala-1 | lsp-1
  intermittent: ENX139_critical-facility-backup-panel-forecast-gatekeeper.json::enx-139-optimize-dispatch::enx-139-optimize-dispatch-4 — cpp-1+lsp-1 | scala-1 then cpp-1+lsp-1 | scala-1 then cpp-1+scala-1 | lsp-1
  intermittent: ENX139_critical-facility-backup-panel-forecast-gatekeeper.json::enx-139-urgent-stabilize::enx-139-urgent-stabilize-4 — cpp-1+scala-1 | lsp-1 then cpp-1+scala-1 | lsp-1 then cpp-1+lsp-1 | scala-1
  intermittent: ENX140_critical-facility-backup-panel-maintenance-scheduler.json::enx-140-operating-window-ok::enx-140-operating-window-ok-4 — cpp-1+scala-1 | lsp-1 then cpp-1+scala-1 | lsp-1 then cpp-1+lsp-1 | scala-1
  intermittent: ENX140_critical-facility-backup-panel-maintenance-scheduler.json::enx-140-optimize-dispatch::enx-140-optimize-dispatch-4 — cpp-1+lsp-1 | scala-1 then cpp-1+lsp-1 | scala-1 then cpp-1+scala-1 | lsp-1
  intermittent: ENX141_critical-facility-backup-panel-power-quality-guardian.json::enx-141-operating-window-ok::enx-141-operating-window-ok-4 — cpp-1+scala-1 | lsp-1 then cpp-1+scala-1 | lsp-1 then cpp-1+lsp-1 | scala-1
  intermittent: ENX141_critical-facility-backup-panel-power-quality-guardian.json::enx-141-optimize-dispatch::enx-141-optimize-dispatch-4 — cpp-1+scala-1 | lsp-1 then cpp-1+lsp-1 | scala-1 then cpp-1+lsp-1 | scala-1
  intermittent: ENX141_critical-facility-backup-panel-power-quality-guardian.json::enx-141-preventive-maintenance::enx-141-preventive-maintenance-4 — cpp-1+lsp-1 | scala-1 then cpp-1+lsp-1 | scala-1 then cpp-1+scala-1 | lsp-1
  intermittent: ENX141_critical-facility-backup-panel-power-quality-guardian.json::enx-141-urgent-stabilize::enx-141-urgent-stabilize-4 — cpp-1+lsp-1 | scala-1 then cpp-1+scala-1 | lsp-1 then cpp-1+scala-1 | lsp-1
  intermittent: ENX142_critical-facility-backup-panel-resilience-mode-router.json::enx-142-operating-window-ok::enx-142-operating-window-ok-4 — cpp-1+scala-1 | lsp-1 then cpp-1+scala-1 | lsp-1 then cpp-1+lsp-1 | scala-1
  intermittent: ENX142_critical-facility-backup-panel-resilience-mode-router.json::enx-142-preventive-maintenance::enx-142-preventive-maintenance-4 — cpp-1+lsp-1 | scala-1 then cpp-1+lsp-1 | scala-1 then cpp-1+scala-1 | lsp-1
  intermittent: ENX142_critical-facility-backup-panel-resilience-mode-router.json::enx-142-urgent-stabilize::enx-142-urgent-stabilize-4 — cpp-1+lsp-1 | scala-1 then cpp-1+scala-1 | lsp-1 then cpp-1+scala-1 | lsp-1
  intermittent: ENX143_critical-facility-backup-panel-optimization-planner.json::enx-143-operating-window-ok::enx-143-operating-window-ok-4 — cpp-1+scala-1 | lsp-1 then cpp-1+scala-1 | lsp-1 then cpp-1+lsp-1 | scala-1
  intermittent: ENX143_critical-facility-backup-panel-optimization-planner.json::enx-143-optimize-dispatch::enx-143-optimize-dispatch-4 — cpp-1+scala-1 | lsp-1 then cpp-1+scala-1 | lsp-1 then cpp-1+lsp-1 | scala-1
  intermittent: ENX143_critical-facility-backup-panel-optimization-planner.json::enx-143-urgent-stabilize::enx-143-urgent-stabilize-4 — cpp-1+lsp-1 | scala-1 then cpp-1+scala-1 | lsp-1 then cpp-1+scala-1 | lsp-1
  intermittent: ENX144_critical-facility-backup-panel-safety-compliance-checker.json::enx-144-optimize-dispatch::enx-144-optimize-dispatch-4 — cpp-1+scala-1 | lsp-1 then cpp-1+scala-1 | lsp-1 then cpp-1+lsp-1 | scala-1
  intermittent: ENX144_critical-facility-backup-panel-safety-compliance-checker.json::enx-144-urgent-stabilize::enx-144-urgent-stabilize-4 — cpp-1+lsp-1 | scala-1 then cpp-1+lsp-1 | scala-1 then cpp-1+scala-1 | lsp-1
  intermittent: ENX145_weather-and-irradiance-station-availability-monitor.json::enx-145-preventive-maintenance::enx-145-preventive-maintenance-4 — cpp-1+scala-1 | lsp-1 then cpp-1+scala-1 | lsp-1 then cpp-1+lsp-1 | scala-1
  intermittent: ENX145_weather-and-irradiance-station-availability-monitor.json::enx-145-urgent-stabilize::enx-145-urgent-stabilize-4 — cpp-1+scala-1 | lsp-1 then cpp-1+lsp-1 | scala-1 then cpp-1+scala-1 | lsp-1
  intermittent: ENX147_weather-and-irradiance-station-forecast-gatekeeper.json::enx-147-optimize-dispatch::enx-147-optimize-dispatch-4 — cpp-1+lsp-1 | scala-1 then cpp-1+lsp-1 | scala-1 then cpp-1+scala-1 | lsp-1
  intermittent: ENX147_weather-and-irradiance-station-forecast-gatekeeper.json::enx-147-preventive-maintenance::enx-147-preventive-maintenance-4 — cpp-1+scala-1 | lsp-1 then cpp-1+scala-1 | lsp-1 then cpp-1+lsp-1 | scala-1
  intermittent: ENX147_weather-and-irradiance-station-forecast-gatekeeper.json::enx-147-urgent-stabilize::enx-147-urgent-stabilize-4 — cpp-1+scala-1 | lsp-1 then cpp-1+lsp-1 | scala-1 then cpp-1+lsp-1 | scala-1
  intermittent: ENX148_weather-and-irradiance-station-maintenance-scheduler.json::enx-148-preventive-maintenance::enx-148-preventive-maintenance-4 — cpp-1+scala-1 | lsp-1 then cpp-1+lsp-1 | scala-1 then cpp-1+lsp-1 | scala-1
  intermittent: ENX149_weather-and-irradiance-station-power-quality-guardian.json::enx-149-preventive-maintenance::enx-149-preventive-maintenance-4 — cpp-1+scala-1 | lsp-1 then cpp-1+lsp-1 | scala-1 then cpp-1+lsp-1 | scala-1
  intermittent: ENX150_weather-and-irradiance-station-resilience-mode-router.json::enx-150-operating-window-ok::enx-150-operating-window-ok-4 — cpp-1+lsp-1 | scala-1 then cpp-1+lsp-1 | scala-1 then cpp-1+scala-1 | lsp-1
  intermittent: ENX150_weather-and-irradiance-station-resilience-mode-router.json::enx-150-optimize-dispatch::enx-150-optimize-dispatch-4 — cpp-1+lsp-1 | scala-1 then cpp-1+lsp-1 | scala-1 then cpp-1+scala-1 | lsp-1
  intermittent: ENX150_weather-and-irradiance-station-resilience-mode-router.json::enx-150-preventive-maintenance::enx-150-preventive-maintenance-4 — cpp-1+scala-1 | lsp-1 then cpp-1+scala-1 | lsp-1 then cpp-1+lsp-1 | scala-1
  intermittent: ENX151_weather-and-irradiance-station-optimization-planner.json::enx-151-operating-window-ok::enx-151-operating-window-ok-4 — cpp-1+scala-1 | lsp-1 then cpp-1+scala-1 | lsp-1 then cpp-1+lsp-1 | scala-1
  intermittent: ENX151_weather-and-irradiance-station-optimization-planner.json::enx-151-optimize-dispatch::enx-151-optimize-dispatch-4 — cpp-1+scala-1 | lsp-1 then cpp-1+scala-1 | lsp-1 then cpp-1+lsp-1 | scala-1
  intermittent: ENX151_weather-and-irradiance-station-optimization-planner.json::enx-151-preventive-maintenance::enx-151-preventive-maintenance-4 — cpp-1+lsp-1 | scala-1 then cpp-1+lsp-1 | scala-1 then cpp-1+scala-1 | lsp-1
  intermittent: ENX152_weather-and-irradiance-station-safety-compliance-checker.json::enx-152-operating-window-ok::enx-152-operating-window-ok-4 — cpp-1+lsp-1 | scala-1 then cpp-1+lsp-1 | scala-1 then cpp-1+scala-1 | lsp-1
  intermittent: ENX152_weather-and-irradiance-station-safety-compliance-checker.json::enx-152-optimize-dispatch::enx-152-optimize-dispatch-4 — cpp-1+lsp-1 | scala-1 then cpp-1+scala-1 | lsp-1 then cpp-1+scala-1 | lsp-1
  intermittent: ENX152_weather-and-irradiance-station-safety-compliance-checker.json::enx-152-preventive-maintenance::enx-152-preventive-maintenance-4 — cpp-1+scala-1 | lsp-1 then cpp-1+lsp-1 | scala-1 then cpp-1+lsp-1 | scala-1
  intermittent: ENX153_preventive-maintenance-work-order-availability-monitor.json::enx-153-operating-window-ok::enx-153-operating-window-ok-4 — cpp-1+scala-1 | lsp-1 then cpp-1+lsp-1 | scala-1 then cpp-1+lsp-1 | scala-1
  intermittent: ENX153_preventive-maintenance-work-order-availability-monitor.json::enx-153-preventive-maintenance::enx-153-preventive-maintenance-4 — cpp-1+lsp-1 | scala-1 then cpp-1+scala-1 | lsp-1 then cpp-1+scala-1 | lsp-1
  intermittent: ENX154_preventive-maintenance-work-order-dispatch-controller.json::enx-154-operating-window-ok::enx-154-operating-window-ok-4 — cpp-1+lsp-1 | scala-1 then cpp-1+scala-1 | lsp-1 then cpp-1+lsp-1 | scala-1
  intermittent: ENX154_preventive-maintenance-work-order-dispatch-controller.json::enx-154-optimize-dispatch::enx-154-optimize-dispatch-4 — cpp-1+scala-1 | lsp-1 then cpp-1+scala-1 | lsp-1 then cpp-1+lsp-1 | scala-1
  intermittent: ENX154_preventive-maintenance-work-order-dispatch-controller.json::enx-154-urgent-stabilize::enx-154-urgent-stabilize-4 — cpp-1+lsp-1 | scala-1 then cpp-1+scala-1 | lsp-1 then cpp-1+scala-1 | lsp-1
  intermittent: ENX155_preventive-maintenance-work-order-forecast-gatekeeper.json::enx-155-operating-window-ok::enx-155-operating-window-ok-4 — cpp-1+scala-1 | lsp-1 then cpp-1+scala-1 | lsp-1 then cpp-1+lsp-1 | scala-1
  intermittent: ENX156_preventive-maintenance-work-order-maintenance-scheduler.json::enx-156-operating-window-ok::enx-156-operating-window-ok-4 — cpp-1+lsp-1 | scala-1 then cpp-1+lsp-1 | scala-1 then cpp-1+scala-1 | lsp-1
  intermittent: ENX156_preventive-maintenance-work-order-maintenance-scheduler.json::enx-156-optimize-dispatch::enx-156-optimize-dispatch-4 — cpp-1+lsp-1 | scala-1 then cpp-1+scala-1 | lsp-1 then cpp-1+scala-1 | lsp-1
  intermittent: ENX156_preventive-maintenance-work-order-maintenance-scheduler.json::enx-156-preventive-maintenance::enx-156-preventive-maintenance-4 — cpp-1+scala-1 | lsp-1 then cpp-1+scala-1 | lsp-1 then cpp-1+lsp-1 | scala-1
  intermittent: ENX156_preventive-maintenance-work-order-maintenance-scheduler.json::enx-156-urgent-stabilize::enx-156-urgent-stabilize-4 — cpp-1+lsp-1 | scala-1 then cpp-1+scala-1 | lsp-1 then cpp-1+scala-1 | lsp-1
  intermittent: ENX157_preventive-maintenance-work-order-power-quality-guardian.json::enx-157-optimize-dispatch::enx-157-optimize-dispatch-4 — cpp-1+scala-1 | lsp-1 then cpp-1+scala-1 | lsp-1 then cpp-1+lsp-1 | scala-1
  intermittent: ENX158_preventive-maintenance-work-order-resilience-mode-router.json::enx-158-operating-window-ok::enx-158-operating-window-ok-4 — cpp-1+scala-1 | lsp-1 then cpp-1+lsp-1 | scala-1 then cpp-1+lsp-1 | scala-1
  intermittent: ENX158_preventive-maintenance-work-order-resilience-mode-router.json::enx-158-urgent-stabilize::enx-158-urgent-stabilize-4 — cpp-1+lsp-1 | scala-1 then cpp-1+lsp-1 | scala-1 then cpp-1+scala-1 | lsp-1
