ces-contracts: 448 agreed · 39 disagreement · 261 intermittent · 0 no-runtime-emits · 0 unmeasurable → /Users/johnt/workspace/GitHub/RealityEngine_CI/config/ces-contracts/domain-energy.json
  disagreement: ENX044_solar-inverter-bank-maintenance-scheduler.json::enx-044-preventive-maintenance::enx-044-preventive-maintenance-4 — lsp-1+scala-1 | cpp-1 (held over 3 drives)
  disagreement: ENX054_solar-string-combiner-resilience-mode-router.json::enx-054-preventive-maintenance::enx-054-preventive-maintenance-4 — lsp-1+scala-1 | cpp-1 (held over 3 drives)
  disagreement: ENX059_solar-soiling-and-wash-crew-forecast-gatekeeper.json::enx-059-preventive-maintenance::enx-059-preventive-maintenance-4 — lsp-1+scala-1 | cpp-1 (held over 3 drives)
  disagreement: ENX068_battery-container-rack-maintenance-scheduler.json::enx-068-operating-window-ok::enx-068-operating-window-ok-4 — lsp-1+scala-1 | cpp-1 (held over 3 drives)
  disagreement: ENX074_battery-bms-cell-balance-dispatch-controller.json::enx-074-optimize-dispatch::enx-074-optimize-dispatch-4 — lsp-1+scala-1 | cpp-1 (held over 3 drives)
  disagreement: ENX078_battery-bms-cell-balance-resilience-mode-router.json::enx-078-optimize-dispatch::enx-078-optimize-dispatch-4 — lsp-1+scala-1 | cpp-1 (held over 3 drives)
  disagreement: ENX082_battery-thermal-management-dispatch-controller.json::enx-082-operating-window-ok::enx-082-operating-window-ok-4 — lsp-1+scala-1 | cpp-1 (held over 3 drives)
  disagreement: ENX085_battery-thermal-management-power-quality-guardian.json::enx-085-optimize-dispatch::enx-085-optimize-dispatch-4 — lsp-1+scala-1 | cpp-1 (held over 3 drives)
  disagreement: ENX087_battery-thermal-management-optimization-planner.json::enx-087-preventive-maintenance::enx-087-preventive-maintenance-4 — lsp-1+scala-1 | cpp-1 (held over 3 drives)
  disagreement: ENX102_battery-state-of-charge-reserve-resilience-mode-router.json::enx-102-preventive-maintenance::enx-102-preventive-maintenance-4 — lsp-1+scala-1 | cpp-1 (held over 3 drives)
  disagreement: ENX105_microgrid-point-of-common-coupling-availability-monitor.json::enx-105-operating-window-ok::enx-105-operating-window-ok-4 — lsp-1+scala-1 | cpp-1 (held over 3 drives)
  disagreement: ENX105_microgrid-point-of-common-coupling-availability-monitor.json::enx-105-preventive-maintenance::enx-105-preventive-maintenance-4 — lsp-1+scala-1 | cpp-1 (held over 3 drives)
  disagreement: ENX106_microgrid-point-of-common-coupling-dispatch-controller.json::enx-106-optimize-dispatch::enx-106-optimize-dispatch-4 — lsp-1+scala-1 | cpp-1 (held over 3 drives)
  disagreement: ENX107_microgrid-point-of-common-coupling-forecast-gatekeeper.json::enx-107-optimize-dispatch::enx-107-optimize-dispatch-4 — lsp-1+scala-1 | cpp-1 (held over 3 drives)
  disagreement: ENX111_microgrid-point-of-common-coupling-optimization-planner.json::enx-111-optimize-dispatch::enx-111-optimize-dispatch-4 — lsp-1+scala-1 | cpp-1 (held over 3 drives)
  disagreement: ENX114_feeder-sectionalizer-dispatch-controller.json::enx-114-operating-window-ok::enx-114-operating-window-ok-4 — lsp-1+scala-1 | cpp-1 (held over 3 drives)
  disagreement: ENX115_feeder-sectionalizer-forecast-gatekeeper.json::enx-115-urgent-stabilize::enx-115-urgent-stabilize-4 — lsp-1+scala-1 | cpp-1 (held over 3 drives)
  disagreement: ENX116_feeder-sectionalizer-maintenance-scheduler.json::enx-116-optimize-dispatch::enx-116-optimize-dispatch-4 — lsp-1+scala-1 | cpp-1 (held over 3 drives)
  disagreement: ENX117_feeder-sectionalizer-power-quality-guardian.json::enx-117-optimize-dispatch::enx-117-optimize-dispatch-4 — lsp-1+scala-1 | cpp-1 (held over 3 drives)
  disagreement: ENX118_feeder-sectionalizer-resilience-mode-router.json::enx-118-operating-window-ok::enx-118-operating-window-ok-4 — lsp-1+scala-1 | cpp-1 (held over 3 drives)
  disagreement: ENX119_feeder-sectionalizer-optimization-planner.json::enx-119-urgent-stabilize::enx-119-urgent-stabilize-4 — lsp-1+scala-1 | cpp-1 (held over 3 drives)
  disagreement: ENX120_feeder-sectionalizer-safety-compliance-checker.json::enx-120-optimize-dispatch::enx-120-optimize-dispatch-4 — lsp-1+scala-1 | cpp-1 (held over 3 drives)
  disagreement: ENX121_community-load-flexibility-availability-monitor.json::enx-121-preventive-maintenance::enx-121-preventive-maintenance-4 — lsp-1+scala-1 | cpp-1 (held over 3 drives)
  disagreement: ENX122_community-load-flexibility-dispatch-controller.json::enx-122-operating-window-ok::enx-122-operating-window-ok-4 — lsp-1+scala-1 | cpp-1 (held over 3 drives)
  disagreement: ENX122_community-load-flexibility-dispatch-controller.json::enx-122-preventive-maintenance::enx-122-preventive-maintenance-4 — lsp-1+scala-1 | cpp-1 (held over 3 drives)
  disagreement: ENX124_community-load-flexibility-maintenance-scheduler.json::enx-124-operating-window-ok::enx-124-operating-window-ok-4 — lsp-1+scala-1 | cpp-1 (held over 3 drives)
  disagreement: ENX125_community-load-flexibility-power-quality-guardian.json::enx-125-operating-window-ok::enx-125-operating-window-ok-4 — lsp-1+scala-1 | cpp-1 (held over 3 drives)
  disagreement: ENX127_community-load-flexibility-optimization-planner.json::enx-127-preventive-maintenance::enx-127-preventive-maintenance-4 — lsp-1+scala-1 | cpp-1 (held over 3 drives)
  disagreement: ENX129_ev-charging-load-bank-availability-monitor.json::enx-129-operating-window-ok::enx-129-operating-window-ok-4 — lsp-1+scala-1 | cpp-1 (held over 3 drives)
  disagreement: ENX130_ev-charging-load-bank-dispatch-controller.json::enx-130-preventive-maintenance::enx-130-preventive-maintenance-4 — lsp-1+scala-1 | cpp-1 (held over 3 drives)
  disagreement: ENX137_critical-facility-backup-panel-availability-monitor.json::enx-137-operating-window-ok::enx-137-operating-window-ok-4 — lsp-1+scala-1 | cpp-1 (held over 3 drives)
  disagreement: ENX138_critical-facility-backup-panel-dispatch-controller.json::enx-138-preventive-maintenance::enx-138-preventive-maintenance-4 — lsp-1+scala-1 | cpp-1 (held over 3 drives)
  disagreement: ENX141_critical-facility-backup-panel-power-quality-guardian.json::enx-141-operating-window-ok::enx-141-operating-window-ok-4 — lsp-1+scala-1 | cpp-1 (held over 3 drives)
  disagreement: ENX147_weather-and-irradiance-station-forecast-gatekeeper.json::enx-147-operating-window-ok::enx-147-operating-window-ok-4 — lsp-1+scala-1 | cpp-1 (held over 3 drives)
  disagreement: ENX150_weather-and-irradiance-station-resilience-mode-router.json::enx-150-operating-window-ok::enx-150-operating-window-ok-4 — lsp-1+scala-1 | cpp-1 (held over 3 drives)
  disagreement: ENX152_weather-and-irradiance-station-safety-compliance-checker.json::enx-152-operating-window-ok::enx-152-operating-window-ok-4 — lsp-1+scala-1 | cpp-1 (held over 3 drives)
  disagreement: ENX155_preventive-maintenance-work-order-forecast-gatekeeper.json::enx-155-urgent-stabilize::enx-155-urgent-stabilize-4 — lsp-1+scala-1 | cpp-1 (held over 3 drives)
  disagreement: ENX157_preventive-maintenance-work-order-power-quality-guardian.json::enx-157-preventive-maintenance::enx-157-preventive-maintenance-4 — lsp-1+scala-1 | cpp-1 (held over 3 drives)
  disagreement: ENX159_preventive-maintenance-work-order-optimization-planner.json::enx-159-preventive-maintenance::enx-159-preventive-maintenance-4 — lsp-1+scala-1 | cpp-1 (held over 3 drives)
  intermittent: ENX002_rooftop-solar-fleet-dispatch-controller.json::enx-002-operating-window-ok::enx-002-operating-window-ok-4 — lsp-1+scala-1 | cpp-1 then cpp-1+lsp-1+scala-1 then lsp-1+scala-1 | cpp-1
  intermittent: ENX002_rooftop-solar-fleet-dispatch-controller.json::enx-002-preventive-maintenance::enx-002-preventive-maintenance-4 — lsp-1+scala-1 | cpp-1 then lsp-1+scala-1 | cpp-1 then cpp-1+lsp-1+scala-1
  intermittent: ENX003_rooftop-solar-fleet-forecast-gatekeeper.json::enx-003-operating-window-ok::enx-003-operating-window-ok-4 — lsp-1+scala-1 | cpp-1 then cpp-1+lsp-1+scala-1 then lsp-1+scala-1 | cpp-1
  intermittent: ENX003_rooftop-solar-fleet-forecast-gatekeeper.json::enx-003-preventive-maintenance::enx-003-preventive-maintenance-4 — lsp-1+scala-1 | cpp-1 then cpp-1+lsp-1+scala-1 then lsp-1+scala-1 | cpp-1
  intermittent: ENX004_rooftop-solar-fleet-maintenance-scheduler.json::enx-004-operating-window-ok::enx-004-operating-window-ok-4 — lsp-1+scala-1 | cpp-1 then cpp-1+lsp-1+scala-1 then cpp-1+lsp-1+scala-1
  intermittent: ENX004_rooftop-solar-fleet-maintenance-scheduler.json::enx-004-optimize-dispatch::enx-004-optimize-dispatch-4 — lsp-1+scala-1 | cpp-1 then cpp-1+lsp-1+scala-1 then lsp-1+scala-1 | cpp-1
  intermittent: ENX004_rooftop-solar-fleet-maintenance-scheduler.json::enx-004-preventive-maintenance::enx-004-preventive-maintenance-4 — lsp-1+scala-1 | cpp-1 then cpp-1+lsp-1+scala-1 then cpp-1+lsp-1+scala-1
  intermittent: ENX005_rooftop-solar-fleet-power-quality-guardian.json::enx-005-operating-window-ok::enx-005-operating-window-ok-4 — lsp-1+scala-1 | cpp-1 then cpp-1+lsp-1+scala-1 then lsp-1+scala-1 | cpp-1
  intermittent: ENX005_rooftop-solar-fleet-power-quality-guardian.json::enx-005-urgent-stabilize::enx-005-urgent-stabilize-4 — lsp-1+scala-1 | cpp-1 then cpp-1+lsp-1+scala-1 then lsp-1+scala-1 | cpp-1
  intermittent: ENX006_rooftop-solar-fleet-resilience-mode-router.json::enx-006-optimize-dispatch::enx-006-optimize-dispatch-4 — lsp-1+scala-1 | cpp-1 then cpp-1+lsp-1+scala-1 then lsp-1+scala-1 | cpp-1
  intermittent: ENX007_rooftop-solar-fleet-optimization-planner.json::enx-007-optimize-dispatch::enx-007-optimize-dispatch-4 — lsp-1+scala-1 | cpp-1 then cpp-1+lsp-1+scala-1 then lsp-1+scala-1 | cpp-1
  intermittent: ENX007_rooftop-solar-fleet-optimization-planner.json::enx-007-urgent-stabilize::enx-007-urgent-stabilize-4 — lsp-1+scala-1 | cpp-1 then lsp-1+scala-1 | cpp-1 then cpp-1+lsp-1+scala-1
  intermittent: ENX008_rooftop-solar-fleet-safety-compliance-checker.json::enx-008-operating-window-ok::enx-008-operating-window-ok-4 — lsp-1+scala-1 | cpp-1 then cpp-1+lsp-1+scala-1 then lsp-1+scala-1 | cpp-1
  intermittent: ENX008_rooftop-solar-fleet-safety-compliance-checker.json::enx-008-optimize-dispatch::enx-008-optimize-dispatch-4 — lsp-1+scala-1 | cpp-1 then cpp-1+lsp-1+scala-1 then lsp-1+scala-1 | cpp-1
  intermittent: ENX008_rooftop-solar-fleet-safety-compliance-checker.json::enx-008-urgent-stabilize::enx-008-urgent-stabilize-4 — lsp-1+scala-1 | cpp-1 then cpp-1+lsp-1+scala-1 then cpp-1+lsp-1+scala-1
  intermittent: ENX009_carport-solar-array-availability-monitor.json::enx-009-operating-window-ok::enx-009-operating-window-ok-4 — lsp-1+scala-1 | cpp-1 then lsp-1+scala-1 | cpp-1 then cpp-1+lsp-1+scala-1
  intermittent: ENX009_carport-solar-array-availability-monitor.json::enx-009-optimize-dispatch::enx-009-optimize-dispatch-4 — lsp-1+scala-1 | cpp-1 then cpp-1+lsp-1+scala-1 then lsp-1+scala-1 | cpp-1
  intermittent: ENX010_carport-solar-array-dispatch-controller.json::enx-010-preventive-maintenance::enx-010-preventive-maintenance-4 — lsp-1+scala-1 | cpp-1 then cpp-1+lsp-1+scala-1 then lsp-1+scala-1 | cpp-1
  intermittent: ENX010_carport-solar-array-dispatch-controller.json::enx-010-urgent-stabilize::enx-010-urgent-stabilize-4 — lsp-1+scala-1 | cpp-1 then cpp-1+lsp-1+scala-1 then cpp-1+lsp-1+scala-1
  intermittent: ENX011_carport-solar-array-forecast-gatekeeper.json::enx-011-operating-window-ok::enx-011-operating-window-ok-4 — lsp-1+scala-1 | cpp-1 then cpp-1+lsp-1+scala-1 then lsp-1+scala-1 | cpp-1
  intermittent: ENX012_carport-solar-array-maintenance-scheduler.json::enx-012-optimize-dispatch::enx-012-optimize-dispatch-4 — lsp-1+scala-1 | cpp-1 then lsp-1+scala-1 | cpp-1 then cpp-1+lsp-1+scala-1
  intermittent: ENX012_carport-solar-array-maintenance-scheduler.json::enx-012-preventive-maintenance::enx-012-preventive-maintenance-4 — lsp-1+scala-1 | cpp-1 then cpp-1+lsp-1+scala-1 then lsp-1+scala-1 | cpp-1
  intermittent: ENX013_carport-solar-array-power-quality-guardian.json::enx-013-preventive-maintenance::enx-013-preventive-maintenance-4 — lsp-1+scala-1 | cpp-1 then cpp-1+lsp-1+scala-1 then lsp-1+scala-1 | cpp-1
  intermittent: ENX013_carport-solar-array-power-quality-guardian.json::enx-013-urgent-stabilize::enx-013-urgent-stabilize-4 — lsp-1+scala-1 | cpp-1 then cpp-1+lsp-1+scala-1 then lsp-1+scala-1 | cpp-1
  intermittent: ENX014_carport-solar-array-resilience-mode-router.json::enx-014-optimize-dispatch::enx-014-optimize-dispatch-4 — lsp-1+scala-1 | cpp-1 then cpp-1+lsp-1+scala-1 then lsp-1+scala-1 | cpp-1
  intermittent: ENX014_carport-solar-array-resilience-mode-router.json::enx-014-preventive-maintenance::enx-014-preventive-maintenance-4 — lsp-1+scala-1 | cpp-1 then cpp-1+lsp-1+scala-1 then lsp-1+scala-1 | cpp-1
  intermittent: ENX014_carport-solar-array-resilience-mode-router.json::enx-014-urgent-stabilize::enx-014-urgent-stabilize-4 — lsp-1+scala-1 | cpp-1 then cpp-1+lsp-1+scala-1 then cpp-1+lsp-1+scala-1
  intermittent: ENX015_carport-solar-array-optimization-planner.json::enx-015-optimize-dispatch::enx-015-optimize-dispatch-4 — lsp-1+scala-1 | cpp-1 then cpp-1+lsp-1+scala-1 then lsp-1+scala-1 | cpp-1
  intermittent: ENX015_carport-solar-array-optimization-planner.json::enx-015-urgent-stabilize::enx-015-urgent-stabilize-4 — lsp-1+scala-1 | cpp-1 then cpp-1+lsp-1+scala-1 then cpp-1+lsp-1+scala-1
  intermittent: ENX016_carport-solar-array-safety-compliance-checker.json::enx-016-operating-window-ok::enx-016-operating-window-ok-4 — lsp-1+scala-1 | cpp-1 then lsp-1+scala-1 | cpp-1 then cpp-1+lsp-1+scala-1
  intermittent: ENX016_carport-solar-array-safety-compliance-checker.json::enx-016-optimize-dispatch::enx-016-optimize-dispatch-4 — lsp-1+scala-1 | cpp-1 then cpp-1+lsp-1+scala-1 then lsp-1+scala-1 | cpp-1
  intermittent: ENX016_carport-solar-array-safety-compliance-checker.json::enx-016-urgent-stabilize::enx-016-urgent-stabilize-4 — lsp-1+scala-1 | cpp-1 then cpp-1+lsp-1+scala-1 then cpp-1+lsp-1+scala-1
  intermittent: ENX017_community-center-solar-availability-monitor.json::enx-017-optimize-dispatch::enx-017-optimize-dispatch-4 — lsp-1+scala-1 | cpp-1 then cpp-1+lsp-1+scala-1 then cpp-1+lsp-1+scala-1
  intermittent: ENX017_community-center-solar-availability-monitor.json::enx-017-preventive-maintenance::enx-017-preventive-maintenance-4 — lsp-1+scala-1 | cpp-1 then cpp-1+lsp-1+scala-1 then cpp-1+lsp-1+scala-1
  intermittent: ENX017_community-center-solar-availability-monitor.json::enx-017-urgent-stabilize::enx-017-urgent-stabilize-4 — lsp-1+scala-1 | cpp-1 then lsp-1+scala-1 | cpp-1 then cpp-1+lsp-1+scala-1
  intermittent: ENX019_community-center-solar-forecast-gatekeeper.json::enx-019-operating-window-ok::enx-019-operating-window-ok-4 — lsp-1+scala-1 | cpp-1 then cpp-1+lsp-1+scala-1 then lsp-1+scala-1 | cpp-1
  intermittent: ENX020_community-center-solar-maintenance-scheduler.json::enx-020-preventive-maintenance::enx-020-preventive-maintenance-4 — lsp-1+scala-1 | cpp-1 then cpp-1+lsp-1+scala-1 then lsp-1+scala-1 | cpp-1
  intermittent: ENX021_community-center-solar-power-quality-guardian.json::enx-021-operating-window-ok::enx-021-operating-window-ok-4 — lsp-1+scala-1 | cpp-1 then cpp-1+lsp-1+scala-1 then lsp-1+scala-1 | cpp-1
  intermittent: ENX021_community-center-solar-power-quality-guardian.json::enx-021-preventive-maintenance::enx-021-preventive-maintenance-4 — lsp-1+scala-1 | cpp-1 then lsp-1+scala-1 | cpp-1 then cpp-1+lsp-1+scala-1
  intermittent: ENX022_community-center-solar-resilience-mode-router.json::enx-022-preventive-maintenance::enx-022-preventive-maintenance-4 — lsp-1+scala-1 | cpp-1 then cpp-1+lsp-1+scala-1 then lsp-1+scala-1 | cpp-1
  intermittent: ENX022_community-center-solar-resilience-mode-router.json::enx-022-urgent-stabilize::enx-022-urgent-stabilize-4 — lsp-1+scala-1 | cpp-1 then cpp-1+lsp-1+scala-1 then lsp-1+scala-1 | cpp-1
  intermittent: ENX023_community-center-solar-optimization-planner.json::enx-023-preventive-maintenance::enx-023-preventive-maintenance-4 — lsp-1+scala-1 | cpp-1 then cpp-1+lsp-1+scala-1 then lsp-1+scala-1 | cpp-1
  intermittent: ENX023_community-center-solar-optimization-planner.json::enx-023-urgent-stabilize::enx-023-urgent-stabilize-4 — lsp-1+scala-1 | cpp-1 then cpp-1+lsp-1+scala-1 then lsp-1+scala-1 | cpp-1
  intermittent: ENX024_community-center-solar-safety-compliance-checker.json::enx-024-operating-window-ok::enx-024-operating-window-ok-4 — lsp-1+scala-1 | cpp-1 then cpp-1+lsp-1+scala-1 then cpp-1+lsp-1+scala-1
  intermittent: ENX024_community-center-solar-safety-compliance-checker.json::enx-024-preventive-maintenance::enx-024-preventive-maintenance-4 — lsp-1+scala-1 | cpp-1 then cpp-1+lsp-1+scala-1 then cpp-1+lsp-1+scala-1
  intermittent: ENX024_community-center-solar-safety-compliance-checker.json::enx-024-urgent-stabilize::enx-024-urgent-stabilize-4 — lsp-1+scala-1 | cpp-1 then cpp-1+lsp-1+scala-1 then lsp-1+scala-1 | cpp-1
  intermittent: ENX025_school-campus-solar-availability-monitor.json::enx-025-preventive-maintenance::enx-025-preventive-maintenance-4 — lsp-1+scala-1 | cpp-1 then cpp-1+lsp-1+scala-1 then lsp-1+scala-1 | cpp-1
  intermittent: ENX026_school-campus-solar-dispatch-controller.json::enx-026-operating-window-ok::enx-026-operating-window-ok-4 — lsp-1+scala-1 | cpp-1 then lsp-1+scala-1 | cpp-1 then cpp-1+lsp-1+scala-1
  intermittent: ENX026_school-campus-solar-dispatch-controller.json::enx-026-preventive-maintenance::enx-026-preventive-maintenance-4 — lsp-1+scala-1 | cpp-1 then lsp-1+scala-1 | cpp-1 then cpp-1+lsp-1+scala-1
  intermittent: ENX027_school-campus-solar-forecast-gatekeeper.json::enx-027-optimize-dispatch::enx-027-optimize-dispatch-4 — lsp-1+scala-1 | cpp-1 then cpp-1+lsp-1+scala-1 then cpp-1+lsp-1+scala-1
  intermittent: ENX027_school-campus-solar-forecast-gatekeeper.json::enx-027-preventive-maintenance::enx-027-preventive-maintenance-4 — lsp-1+scala-1 | cpp-1 then cpp-1+lsp-1+scala-1 then cpp-1+lsp-1+scala-1
  intermittent: ENX027_school-campus-solar-forecast-gatekeeper.json::enx-027-urgent-stabilize::enx-027-urgent-stabilize-4 — lsp-1+scala-1 | cpp-1 then cpp-1+lsp-1+scala-1 then cpp-1+lsp-1+scala-1
  intermittent: ENX028_school-campus-solar-maintenance-scheduler.json::enx-028-optimize-dispatch::enx-028-optimize-dispatch-4 — lsp-1+scala-1 | cpp-1 then lsp-1+scala-1 | cpp-1 then cpp-1+lsp-1+scala-1
  intermittent: ENX029_school-campus-solar-power-quality-guardian.json::enx-029-operating-window-ok::enx-029-operating-window-ok-4 — lsp-1+scala-1 | cpp-1 then cpp-1+lsp-1+scala-1 then cpp-1+lsp-1+scala-1
  intermittent: ENX029_school-campus-solar-power-quality-guardian.json::enx-029-optimize-dispatch::enx-029-optimize-dispatch-4 — lsp-1+scala-1 | cpp-1 then cpp-1+lsp-1+scala-1 then cpp-1+lsp-1+scala-1
  intermittent: ENX029_school-campus-solar-power-quality-guardian.json::enx-029-preventive-maintenance::enx-029-preventive-maintenance-4 — lsp-1+scala-1 | cpp-1 then lsp-1+scala-1 | cpp-1 then cpp-1+lsp-1+scala-1
  intermittent: ENX030_school-campus-solar-resilience-mode-router.json::enx-030-operating-window-ok::enx-030-operating-window-ok-4 — lsp-1+scala-1 | cpp-1 then cpp-1+lsp-1+scala-1 then lsp-1+scala-1 | cpp-1
  intermittent: ENX030_school-campus-solar-resilience-mode-router.json::enx-030-preventive-maintenance::enx-030-preventive-maintenance-4 — lsp-1+scala-1 | cpp-1 then cpp-1+lsp-1+scala-1 then lsp-1+scala-1 | cpp-1
  intermittent: ENX031_school-campus-solar-optimization-planner.json::enx-031-preventive-maintenance::enx-031-preventive-maintenance-4 — lsp-1+scala-1 | cpp-1 then cpp-1+lsp-1+scala-1 then lsp-1+scala-1 | cpp-1
  intermittent: ENX032_school-campus-solar-safety-compliance-checker.json::enx-032-operating-window-ok::enx-032-operating-window-ok-4 — lsp-1+scala-1 | cpp-1 then cpp-1+lsp-1+scala-1 then lsp-1+scala-1 | cpp-1
  intermittent: ENX032_school-campus-solar-safety-compliance-checker.json::enx-032-optimize-dispatch::enx-032-optimize-dispatch-4 — lsp-1+scala-1 | cpp-1 then cpp-1+lsp-1+scala-1 then lsp-1+scala-1 | cpp-1
  intermittent: ENX033_ground-mount-solar-field-availability-monitor.json::enx-033-optimize-dispatch::enx-033-optimize-dispatch-4 — lsp-1+scala-1 | cpp-1 then cpp-1+lsp-1+scala-1 then lsp-1+scala-1 | cpp-1
  intermittent: ENX033_ground-mount-solar-field-availability-monitor.json::enx-033-preventive-maintenance::enx-033-preventive-maintenance-4 — lsp-1+scala-1 | cpp-1 then cpp-1+lsp-1+scala-1 then lsp-1+scala-1 | cpp-1
  intermittent: ENX034_ground-mount-solar-field-dispatch-controller.json::enx-034-preventive-maintenance::enx-034-preventive-maintenance-4 — lsp-1+scala-1 | cpp-1 then cpp-1+lsp-1+scala-1 then lsp-1+scala-1 | cpp-1
  intermittent: ENX034_ground-mount-solar-field-dispatch-controller.json::enx-034-urgent-stabilize::enx-034-urgent-stabilize-4 — lsp-1+scala-1 | cpp-1 then cpp-1+lsp-1+scala-1 then cpp-1+lsp-1+scala-1
  intermittent: ENX035_ground-mount-solar-field-forecast-gatekeeper.json::enx-035-optimize-dispatch::enx-035-optimize-dispatch-4 — lsp-1+scala-1 | cpp-1 then cpp-1+lsp-1+scala-1 then lsp-1+scala-1 | cpp-1
  intermittent: ENX035_ground-mount-solar-field-forecast-gatekeeper.json::enx-035-preventive-maintenance::enx-035-preventive-maintenance-4 — lsp-1+scala-1 | cpp-1 then cpp-1+lsp-1+scala-1 then cpp-1+lsp-1+scala-1
  intermittent: ENX035_ground-mount-solar-field-forecast-gatekeeper.json::enx-035-urgent-stabilize::enx-035-urgent-stabilize-4 — lsp-1+scala-1 | cpp-1 then cpp-1+lsp-1+scala-1 then cpp-1+lsp-1+scala-1
  intermittent: ENX036_ground-mount-solar-field-maintenance-scheduler.json::enx-036-operating-window-ok::enx-036-operating-window-ok-4 — lsp-1+scala-1 | cpp-1 then cpp-1+lsp-1+scala-1 then cpp-1+lsp-1+scala-1
  intermittent: ENX036_ground-mount-solar-field-maintenance-scheduler.json::enx-036-urgent-stabilize::enx-036-urgent-stabilize-4 — lsp-1+scala-1 | cpp-1 then cpp-1+lsp-1+scala-1 then cpp-1+lsp-1+scala-1
  intermittent: ENX037_ground-mount-solar-field-power-quality-guardian.json::enx-037-preventive-maintenance::enx-037-preventive-maintenance-4 — lsp-1+scala-1 | cpp-1 then cpp-1+lsp-1+scala-1 then lsp-1+scala-1 | cpp-1
  intermittent: ENX038_ground-mount-solar-field-resilience-mode-router.json::enx-038-operating-window-ok::enx-038-operating-window-ok-4 — lsp-1+scala-1 | cpp-1 then cpp-1+lsp-1+scala-1 then lsp-1+scala-1 | cpp-1
  intermittent: ENX038_ground-mount-solar-field-resilience-mode-router.json::enx-038-optimize-dispatch::enx-038-optimize-dispatch-4 — lsp-1+scala-1 | cpp-1 then cpp-1+lsp-1+scala-1 then cpp-1+lsp-1+scala-1
  intermittent: ENX040_ground-mount-solar-field-safety-compliance-checker.json::enx-040-operating-window-ok::enx-040-operating-window-ok-4 — lsp-1+scala-1 | cpp-1 then lsp-1+scala-1 | cpp-1 then cpp-1+lsp-1+scala-1
  intermittent: ENX040_ground-mount-solar-field-safety-compliance-checker.json::enx-040-optimize-dispatch::enx-040-optimize-dispatch-4 — lsp-1+scala-1 | cpp-1 then cpp-1+lsp-1+scala-1 then lsp-1+scala-1 | cpp-1
  intermittent: ENX041_solar-inverter-bank-availability-monitor.json::enx-041-operating-window-ok::enx-041-operating-window-ok-4 — lsp-1+scala-1 | cpp-1 then lsp-1+scala-1 | cpp-1 then cpp-1+lsp-1+scala-1
  intermittent: ENX041_solar-inverter-bank-availability-monitor.json::enx-041-optimize-dispatch::enx-041-optimize-dispatch-4 — lsp-1+scala-1 | cpp-1 then cpp-1+lsp-1+scala-1 then lsp-1+scala-1 | cpp-1
  intermittent: ENX041_solar-inverter-bank-availability-monitor.json::enx-041-urgent-stabilize::enx-041-urgent-stabilize-4 — lsp-1+scala-1 | cpp-1 then cpp-1+lsp-1+scala-1 then cpp-1+lsp-1+scala-1
  intermittent: ENX042_solar-inverter-bank-dispatch-controller.json::enx-042-optimize-dispatch::enx-042-optimize-dispatch-4 — lsp-1+scala-1 | cpp-1 then cpp-1+lsp-1+scala-1 then cpp-1+lsp-1+scala-1
  intermittent: ENX042_solar-inverter-bank-dispatch-controller.json::enx-042-preventive-maintenance::enx-042-preventive-maintenance-4 — lsp-1+scala-1 | cpp-1 then cpp-1+lsp-1+scala-1 then lsp-1+scala-1 | cpp-1
  intermittent: ENX043_solar-inverter-bank-forecast-gatekeeper.json::enx-043-operating-window-ok::enx-043-operating-window-ok-4 — lsp-1+scala-1 | cpp-1 then cpp-1+lsp-1+scala-1 then lsp-1+scala-1 | cpp-1
  intermittent: ENX043_solar-inverter-bank-forecast-gatekeeper.json::enx-043-optimize-dispatch::enx-043-optimize-dispatch-4 — lsp-1+scala-1 | cpp-1 then cpp-1+lsp-1+scala-1 then cpp-1+lsp-1+scala-1
  intermittent: ENX043_solar-inverter-bank-forecast-gatekeeper.json::enx-043-preventive-maintenance::enx-043-preventive-maintenance-4 — lsp-1+scala-1 | cpp-1 then cpp-1+lsp-1+scala-1 then lsp-1+scala-1 | cpp-1
  intermittent: ENX044_solar-inverter-bank-maintenance-scheduler.json::enx-044-operating-window-ok::enx-044-operating-window-ok-4 — lsp-1+scala-1 | cpp-1 then cpp-1+lsp-1+scala-1 then cpp-1+lsp-1+scala-1
  intermittent: ENX045_solar-inverter-bank-power-quality-guardian.json::enx-045-optimize-dispatch::enx-045-optimize-dispatch-4 — lsp-1+scala-1 | cpp-1 then cpp-1+lsp-1+scala-1 then cpp-1+lsp-1+scala-1
  intermittent: ENX046_solar-inverter-bank-resilience-mode-router.json::enx-046-operating-window-ok::enx-046-operating-window-ok-4 — lsp-1+scala-1 | cpp-1 then cpp-1+lsp-1+scala-1 then lsp-1+scala-1 | cpp-1
  intermittent: ENX046_solar-inverter-bank-resilience-mode-router.json::enx-046-optimize-dispatch::enx-046-optimize-dispatch-4 — lsp-1+scala-1 | cpp-1 then cpp-1+lsp-1+scala-1 then lsp-1+scala-1 | cpp-1
  intermittent: ENX046_solar-inverter-bank-resilience-mode-router.json::enx-046-preventive-maintenance::enx-046-preventive-maintenance-4 — lsp-1+scala-1 | cpp-1 then cpp-1+lsp-1+scala-1 then lsp-1+scala-1 | cpp-1
  intermittent: ENX046_solar-inverter-bank-resilience-mode-router.json::enx-046-urgent-stabilize::enx-046-urgent-stabilize-4 — lsp-1+scala-1 | cpp-1 then cpp-1+lsp-1+scala-1 then cpp-1+lsp-1+scala-1
  intermittent: ENX047_solar-inverter-bank-optimization-planner.json::enx-047-operating-window-ok::enx-047-operating-window-ok-4 — lsp-1+scala-1 | cpp-1 then cpp-1+lsp-1+scala-1 then cpp-1+lsp-1+scala-1
  intermittent: ENX047_solar-inverter-bank-optimization-planner.json::enx-047-preventive-maintenance::enx-047-preventive-maintenance-4 — lsp-1+scala-1 | cpp-1 then cpp-1+lsp-1+scala-1 then cpp-1+lsp-1+scala-1
  intermittent: ENX048_solar-inverter-bank-safety-compliance-checker.json::enx-048-operating-window-ok::enx-048-operating-window-ok-4 — lsp-1+scala-1 | cpp-1 then cpp-1+lsp-1+scala-1 then lsp-1+scala-1 | cpp-1
  intermittent: ENX048_solar-inverter-bank-safety-compliance-checker.json::enx-048-preventive-maintenance::enx-048-preventive-maintenance-4 — lsp-1+scala-1 | cpp-1 then lsp-1+scala-1 | cpp-1 then cpp-1+lsp-1+scala-1
  intermittent: ENX048_solar-inverter-bank-safety-compliance-checker.json::enx-048-urgent-stabilize::enx-048-urgent-stabilize-4 — lsp-1+scala-1 | cpp-1 then cpp-1+lsp-1+scala-1 then lsp-1+scala-1 | cpp-1
  intermittent: ENX049_solar-string-combiner-availability-monitor.json::enx-049-optimize-dispatch::enx-049-optimize-dispatch-4 — lsp-1+scala-1 | cpp-1 then cpp-1+lsp-1+scala-1 then lsp-1+scala-1 | cpp-1
  intermittent: ENX049_solar-string-combiner-availability-monitor.json::enx-049-preventive-maintenance::enx-049-preventive-maintenance-4 — lsp-1+scala-1 | cpp-1 then cpp-1+lsp-1+scala-1 then cpp-1+lsp-1+scala-1
  intermittent: ENX050_solar-string-combiner-dispatch-controller.json::enx-050-preventive-maintenance::enx-050-preventive-maintenance-4 — lsp-1+scala-1 | cpp-1 then cpp-1+lsp-1+scala-1 then cpp-1+lsp-1+scala-1
  intermittent: ENX051_solar-string-combiner-forecast-gatekeeper.json::enx-051-operating-window-ok::enx-051-operating-window-ok-4 — lsp-1+scala-1 | cpp-1 then cpp-1+lsp-1+scala-1 then lsp-1+scala-1 | cpp-1
  intermittent: ENX051_solar-string-combiner-forecast-gatekeeper.json::enx-051-optimize-dispatch::enx-051-optimize-dispatch-4 — lsp-1+scala-1 | cpp-1 then cpp-1+lsp-1+scala-1 then lsp-1+scala-1 | cpp-1
  intermittent: ENX051_solar-string-combiner-forecast-gatekeeper.json::enx-051-preventive-maintenance::enx-051-preventive-maintenance-4 — lsp-1+scala-1 | cpp-1 then cpp-1+lsp-1+scala-1 then lsp-1+scala-1 | cpp-1
  intermittent: ENX051_solar-string-combiner-forecast-gatekeeper.json::enx-051-urgent-stabilize::enx-051-urgent-stabilize-4 — lsp-1+scala-1 | cpp-1 then cpp-1+lsp-1+scala-1 then cpp-1+lsp-1+scala-1
  intermittent: ENX052_solar-string-combiner-maintenance-scheduler.json::enx-052-operating-window-ok::enx-052-operating-window-ok-4 — lsp-1+scala-1 | cpp-1 then cpp-1+lsp-1+scala-1 then lsp-1+scala-1 | cpp-1
  intermittent: ENX052_solar-string-combiner-maintenance-scheduler.json::enx-052-preventive-maintenance::enx-052-preventive-maintenance-4 — lsp-1+scala-1 | cpp-1 then lsp-1+scala-1 | cpp-1 then cpp-1+lsp-1+scala-1
  intermittent: ENX053_solar-string-combiner-power-quality-guardian.json::enx-053-operating-window-ok::enx-053-operating-window-ok-4 — lsp-1+scala-1 | cpp-1 then cpp-1+lsp-1+scala-1 then cpp-1+lsp-1+scala-1
  intermittent: ENX055_solar-string-combiner-optimization-planner.json::enx-055-optimize-dispatch::enx-055-optimize-dispatch-4 — lsp-1+scala-1 | cpp-1 then cpp-1+lsp-1+scala-1 then cpp-1+lsp-1+scala-1
  intermittent: ENX055_solar-string-combiner-optimization-planner.json::enx-055-preventive-maintenance::enx-055-preventive-maintenance-4 — lsp-1+scala-1 | cpp-1 then lsp-1+scala-1 | cpp-1 then cpp-1+lsp-1+scala-1
  intermittent: ENX056_solar-string-combiner-safety-compliance-checker.json::enx-056-optimize-dispatch::enx-056-optimize-dispatch-4 — lsp-1+scala-1 | cpp-1 then cpp-1+lsp-1+scala-1 then cpp-1+lsp-1+scala-1
  intermittent: ENX056_solar-string-combiner-safety-compliance-checker.json::enx-056-preventive-maintenance::enx-056-preventive-maintenance-4 — lsp-1+scala-1 | cpp-1 then lsp-1+scala-1 | cpp-1 then cpp-1+lsp-1+scala-1
  intermittent: ENX056_solar-string-combiner-safety-compliance-checker.json::enx-056-urgent-stabilize::enx-056-urgent-stabilize-4 — lsp-1+scala-1 | cpp-1 then cpp-1+lsp-1+scala-1 then cpp-1+lsp-1+scala-1
  intermittent: ENX057_solar-soiling-and-wash-crew-availability-monitor.json::enx-057-operating-window-ok::enx-057-operating-window-ok-4 — lsp-1+scala-1 | cpp-1 then cpp-1+lsp-1+scala-1 then lsp-1+scala-1 | cpp-1
  intermittent: ENX057_solar-soiling-and-wash-crew-availability-monitor.json::enx-057-optimize-dispatch::enx-057-optimize-dispatch-4 — lsp-1+scala-1 | cpp-1 then cpp-1+lsp-1+scala-1 then cpp-1+lsp-1+scala-1
  intermittent: ENX057_solar-soiling-and-wash-crew-availability-monitor.json::enx-057-preventive-maintenance::enx-057-preventive-maintenance-4 — lsp-1+scala-1 | cpp-1 then cpp-1+lsp-1+scala-1 then lsp-1+scala-1 | cpp-1
  intermittent: ENX058_solar-soiling-and-wash-crew-dispatch-controller.json::enx-058-operating-window-ok::enx-058-operating-window-ok-4 — lsp-1+scala-1 | cpp-1 then cpp-1+lsp-1+scala-1 then lsp-1+scala-1 | cpp-1
  intermittent: ENX058_solar-soiling-and-wash-crew-dispatch-controller.json::enx-058-preventive-maintenance::enx-058-preventive-maintenance-4 — lsp-1+scala-1 | cpp-1 then cpp-1+lsp-1+scala-1 then cpp-1+lsp-1+scala-1
  intermittent: ENX059_solar-soiling-and-wash-crew-forecast-gatekeeper.json::enx-059-urgent-stabilize::enx-059-urgent-stabilize-4 — lsp-1+scala-1 | cpp-1 then cpp-1+lsp-1+scala-1 then cpp-1+lsp-1+scala-1
  intermittent: ENX060_solar-soiling-and-wash-crew-maintenance-scheduler.json::enx-060-operating-window-ok::enx-060-operating-window-ok-4 — lsp-1+scala-1 | cpp-1 then cpp-1+lsp-1+scala-1 then cpp-1+lsp-1+scala-1
  intermittent: ENX060_solar-soiling-and-wash-crew-maintenance-scheduler.json::enx-060-optimize-dispatch::enx-060-optimize-dispatch-4 — lsp-1+scala-1 | cpp-1 then cpp-1+lsp-1+scala-1 then cpp-1+lsp-1+scala-1
  intermittent: ENX060_solar-soiling-and-wash-crew-maintenance-scheduler.json::enx-060-preventive-maintenance::enx-060-preventive-maintenance-4 — lsp-1+scala-1 | cpp-1 then cpp-1+lsp-1+scala-1 then cpp-1+lsp-1+scala-1
  intermittent: ENX061_solar-soiling-and-wash-crew-power-quality-guardian.json::enx-061-operating-window-ok::enx-061-operating-window-ok-4 — lsp-1+scala-1 | cpp-1 then lsp-1+scala-1 | cpp-1 then cpp-1+lsp-1+scala-1
  intermittent: ENX061_solar-soiling-and-wash-crew-power-quality-guardian.json::enx-061-optimize-dispatch::enx-061-optimize-dispatch-4 — lsp-1+scala-1 | cpp-1 then cpp-1+lsp-1+scala-1 then lsp-1+scala-1 | cpp-1
  intermittent: ENX061_solar-soiling-and-wash-crew-power-quality-guardian.json::enx-061-urgent-stabilize::enx-061-urgent-stabilize-4 — lsp-1+scala-1 | cpp-1 then cpp-1+lsp-1+scala-1 then cpp-1+lsp-1+scala-1
  intermittent: ENX062_solar-soiling-and-wash-crew-resilience-mode-router.json::enx-062-urgent-stabilize::enx-062-urgent-stabilize-4 — lsp-1+scala-1 | cpp-1 then lsp-1+scala-1 | cpp-1 then cpp-1+lsp-1+scala-1
  intermittent: ENX063_solar-soiling-and-wash-crew-optimization-planner.json::enx-063-optimize-dispatch::enx-063-optimize-dispatch-4 — lsp-1+scala-1 | cpp-1 then lsp-1+scala-1 | cpp-1 then cpp-1+lsp-1+scala-1
  intermittent: ENX063_solar-soiling-and-wash-crew-optimization-planner.json::enx-063-preventive-maintenance::enx-063-preventive-maintenance-4 — lsp-1+scala-1 | cpp-1 then cpp-1+lsp-1+scala-1 then cpp-1+lsp-1+scala-1
  intermittent: ENX064_solar-soiling-and-wash-crew-safety-compliance-checker.json::enx-064-operating-window-ok::enx-064-operating-window-ok-4 — lsp-1+scala-1 | cpp-1 then lsp-1+scala-1 | cpp-1 then cpp-1+lsp-1+scala-1
  intermittent: ENX064_solar-soiling-and-wash-crew-safety-compliance-checker.json::enx-064-optimize-dispatch::enx-064-optimize-dispatch-4 — lsp-1+scala-1 | cpp-1 then lsp-1+scala-1 | cpp-1 then cpp-1+lsp-1+scala-1
  intermittent: ENX065_battery-container-rack-availability-monitor.json::enx-065-operating-window-ok::enx-065-operating-window-ok-4 — lsp-1+scala-1 | cpp-1 then cpp-1+lsp-1+scala-1 then cpp-1+lsp-1+scala-1
  intermittent: ENX065_battery-container-rack-availability-monitor.json::enx-065-optimize-dispatch::enx-065-optimize-dispatch-4 — lsp-1+scala-1 | cpp-1 then lsp-1+scala-1 | cpp-1 then cpp-1+lsp-1+scala-1
  intermittent: ENX066_battery-container-rack-dispatch-controller.json::enx-066-operating-window-ok::enx-066-operating-window-ok-4 — lsp-1+scala-1 | cpp-1 then cpp-1+lsp-1+scala-1 then cpp-1+lsp-1+scala-1
  intermittent: ENX067_battery-container-rack-forecast-gatekeeper.json::enx-067-operating-window-ok::enx-067-operating-window-ok-4 — lsp-1+scala-1 | cpp-1 then lsp-1+scala-1 | cpp-1 then cpp-1+lsp-1+scala-1
  intermittent: ENX067_battery-container-rack-forecast-gatekeeper.json::enx-067-urgent-stabilize::enx-067-urgent-stabilize-4 — lsp-1+scala-1 | cpp-1 then cpp-1+lsp-1+scala-1 then cpp-1+lsp-1+scala-1
  intermittent: ENX068_battery-container-rack-maintenance-scheduler.json::enx-068-optimize-dispatch::enx-068-optimize-dispatch-4 — lsp-1+scala-1 | cpp-1 then cpp-1+lsp-1+scala-1 then cpp-1+lsp-1+scala-1
  intermittent: ENX068_battery-container-rack-maintenance-scheduler.json::enx-068-preventive-maintenance::enx-068-preventive-maintenance-4 — lsp-1+scala-1 | cpp-1 then lsp-1+scala-1 | cpp-1 then cpp-1+lsp-1+scala-1
  intermittent: ENX069_battery-container-rack-power-quality-guardian.json::enx-069-operating-window-ok::enx-069-operating-window-ok-4 — lsp-1+scala-1 | cpp-1 then lsp-1+scala-1 | cpp-1 then cpp-1+lsp-1+scala-1
  intermittent: ENX070_battery-container-rack-resilience-mode-router.json::enx-070-operating-window-ok::enx-070-operating-window-ok-4 — lsp-1+scala-1 | cpp-1 then cpp-1+lsp-1+scala-1 then lsp-1+scala-1 | cpp-1
  intermittent: ENX070_battery-container-rack-resilience-mode-router.json::enx-070-preventive-maintenance::enx-070-preventive-maintenance-4 — lsp-1+scala-1 | cpp-1 then cpp-1+lsp-1+scala-1 then cpp-1+lsp-1+scala-1
  intermittent: ENX070_battery-container-rack-resilience-mode-router.json::enx-070-urgent-stabilize::enx-070-urgent-stabilize-4 — lsp-1+scala-1 | cpp-1 then cpp-1+lsp-1+scala-1 then cpp-1+lsp-1+scala-1
  intermittent: ENX071_battery-container-rack-optimization-planner.json::enx-071-operating-window-ok::enx-071-operating-window-ok-4 — lsp-1+scala-1 | cpp-1 then cpp-1+lsp-1+scala-1 then cpp-1+lsp-1+scala-1
  intermittent: ENX071_battery-container-rack-optimization-planner.json::enx-071-preventive-maintenance::enx-071-preventive-maintenance-4 — lsp-1+scala-1 | cpp-1 then cpp-1+lsp-1+scala-1 then cpp-1+lsp-1+scala-1
  intermittent: ENX072_battery-container-rack-safety-compliance-checker.json::enx-072-operating-window-ok::enx-072-operating-window-ok-4 — lsp-1+scala-1 | cpp-1 then cpp-1+lsp-1+scala-1 then cpp-1+lsp-1+scala-1
  intermittent: ENX072_battery-container-rack-safety-compliance-checker.json::enx-072-optimize-dispatch::enx-072-optimize-dispatch-4 — lsp-1+scala-1 | cpp-1 then cpp-1+lsp-1+scala-1 then lsp-1+scala-1 | cpp-1
  intermittent: ENX072_battery-container-rack-safety-compliance-checker.json::enx-072-preventive-maintenance::enx-072-preventive-maintenance-4 — lsp-1+scala-1 | cpp-1 then cpp-1+lsp-1+scala-1 then cpp-1+lsp-1+scala-1
  intermittent: ENX072_battery-container-rack-safety-compliance-checker.json::enx-072-urgent-stabilize::enx-072-urgent-stabilize-4 — lsp-1+scala-1 | cpp-1 then cpp-1+lsp-1+scala-1 then cpp-1+lsp-1+scala-1
  intermittent: ENX073_battery-bms-cell-balance-availability-monitor.json::enx-073-operating-window-ok::enx-073-operating-window-ok-4 — lsp-1+scala-1 | cpp-1 then lsp-1+scala-1 | cpp-1 then cpp-1+lsp-1+scala-1
  intermittent: ENX073_battery-bms-cell-balance-availability-monitor.json::enx-073-optimize-dispatch::enx-073-optimize-dispatch-4 — lsp-1+scala-1 | cpp-1 then lsp-1+scala-1 | cpp-1 then cpp-1+lsp-1+scala-1
  intermittent: ENX073_battery-bms-cell-balance-availability-monitor.json::enx-073-urgent-stabilize::enx-073-urgent-stabilize-4 — lsp-1+scala-1 | cpp-1 then cpp-1+lsp-1+scala-1 then cpp-1+lsp-1+scala-1
  intermittent: ENX074_battery-bms-cell-balance-dispatch-controller.json::enx-074-preventive-maintenance::enx-074-preventive-maintenance-4 — lsp-1+scala-1 | cpp-1 then cpp-1+lsp-1+scala-1 then lsp-1+scala-1 | cpp-1
  intermittent: ENX075_battery-bms-cell-balance-forecast-gatekeeper.json::enx-075-operating-window-ok::enx-075-operating-window-ok-4 — lsp-1+scala-1 | cpp-1 then lsp-1+scala-1 | cpp-1 then cpp-1+lsp-1+scala-1
  intermittent: ENX075_battery-bms-cell-balance-forecast-gatekeeper.json::enx-075-optimize-dispatch::enx-075-optimize-dispatch-4 — lsp-1+scala-1 | cpp-1 then lsp-1+scala-1 | cpp-1 then cpp-1+lsp-1+scala-1
  intermittent: ENX075_battery-bms-cell-balance-forecast-gatekeeper.json::enx-075-preventive-maintenance::enx-075-preventive-maintenance-4 — lsp-1+scala-1 | cpp-1 then cpp-1+lsp-1+scala-1 then cpp-1+lsp-1+scala-1
  intermittent: ENX076_battery-bms-cell-balance-maintenance-scheduler.json::enx-076-operating-window-ok::enx-076-operating-window-ok-4 — lsp-1+scala-1 | cpp-1 then lsp-1+scala-1 | cpp-1 then cpp-1+lsp-1+scala-1
  intermittent: ENX076_battery-bms-cell-balance-maintenance-scheduler.json::enx-076-optimize-dispatch::enx-076-optimize-dispatch-4 — lsp-1+scala-1 | cpp-1 then lsp-1+scala-1 | cpp-1 then cpp-1+lsp-1+scala-1
  intermittent: ENX077_battery-bms-cell-balance-power-quality-guardian.json::enx-077-optimize-dispatch::enx-077-optimize-dispatch-4 — lsp-1+scala-1 | cpp-1 then cpp-1+lsp-1+scala-1 then cpp-1+lsp-1+scala-1
  intermittent: ENX077_battery-bms-cell-balance-power-quality-guardian.json::enx-077-preventive-maintenance::enx-077-preventive-maintenance-4 — lsp-1+scala-1 | cpp-1 then lsp-1+scala-1 | cpp-1 then cpp-1+lsp-1+scala-1
  intermittent: ENX078_battery-bms-cell-balance-resilience-mode-router.json::enx-078-operating-window-ok::enx-078-operating-window-ok-4 — lsp-1+scala-1 | cpp-1 then cpp-1+lsp-1+scala-1 then cpp-1+lsp-1+scala-1
  intermittent: ENX078_battery-bms-cell-balance-resilience-mode-router.json::enx-078-preventive-maintenance::enx-078-preventive-maintenance-4 — lsp-1+scala-1 | cpp-1 then cpp-1+lsp-1+scala-1 then cpp-1+lsp-1+scala-1
  intermittent: ENX079_battery-bms-cell-balance-optimization-planner.json::enx-079-operating-window-ok::enx-079-operating-window-ok-4 — lsp-1+scala-1 | cpp-1 then lsp-1+scala-1 | cpp-1 then cpp-1+lsp-1+scala-1
  intermittent: ENX079_battery-bms-cell-balance-optimization-planner.json::enx-079-preventive-maintenance::enx-079-preventive-maintenance-4 — lsp-1+scala-1 | cpp-1 then lsp-1+scala-1 | cpp-1 then cpp-1+lsp-1+scala-1
  intermittent: ENX079_battery-bms-cell-balance-optimization-planner.json::enx-079-urgent-stabilize::enx-079-urgent-stabilize-4 — lsp-1+scala-1 | cpp-1 then cpp-1+lsp-1+scala-1 then cpp-1+lsp-1+scala-1
  intermittent: ENX080_battery-bms-cell-balance-safety-compliance-checker.json::enx-080-operating-window-ok::enx-080-operating-window-ok-4 — lsp-1+scala-1 | cpp-1 then lsp-1+scala-1 | cpp-1 then cpp-1+lsp-1+scala-1
  intermittent: ENX080_battery-bms-cell-balance-safety-compliance-checker.json::enx-080-optimize-dispatch::enx-080-optimize-dispatch-4 — lsp-1+scala-1 | cpp-1 then cpp-1+lsp-1+scala-1 then cpp-1+lsp-1+scala-1
  intermittent: ENX080_battery-bms-cell-balance-safety-compliance-checker.json::enx-080-preventive-maintenance::enx-080-preventive-maintenance-4 — lsp-1+scala-1 | cpp-1 then cpp-1+lsp-1+scala-1 then cpp-1+lsp-1+scala-1
  intermittent: ENX080_battery-bms-cell-balance-safety-compliance-checker.json::enx-080-urgent-stabilize::enx-080-urgent-stabilize-4 — lsp-1+scala-1 | cpp-1 then cpp-1+lsp-1+scala-1 then cpp-1+lsp-1+scala-1
  intermittent: ENX081_battery-thermal-management-availability-monitor.json::enx-081-operating-window-ok::enx-081-operating-window-ok-4 — lsp-1+scala-1 | cpp-1 then lsp-1+scala-1 | cpp-1 then cpp-1+lsp-1+scala-1
  intermittent: ENX081_battery-thermal-management-availability-monitor.json::enx-081-optimize-dispatch::enx-081-optimize-dispatch-4 — lsp-1+scala-1 | cpp-1 then cpp-1+lsp-1+scala-1 then cpp-1+lsp-1+scala-1
  intermittent: ENX081_battery-thermal-management-availability-monitor.json::enx-081-preventive-maintenance::enx-081-preventive-maintenance-4 — lsp-1+scala-1 | cpp-1 then cpp-1+lsp-1+scala-1 then lsp-1+scala-1 | cpp-1
  intermittent: ENX082_battery-thermal-management-dispatch-controller.json::enx-082-preventive-maintenance::enx-082-preventive-maintenance-4 — lsp-1+scala-1 | cpp-1 then cpp-1+lsp-1+scala-1 then cpp-1+lsp-1+scala-1
  intermittent: ENX083_battery-thermal-management-forecast-gatekeeper.json::enx-083-preventive-maintenance::enx-083-preventive-maintenance-4 — lsp-1+scala-1 | cpp-1 then lsp-1+scala-1 | cpp-1 then cpp-1+lsp-1+scala-1
  intermittent: ENX084_battery-thermal-management-maintenance-scheduler.json::enx-084-operating-window-ok::enx-084-operating-window-ok-4 — lsp-1+scala-1 | cpp-1 then cpp-1+lsp-1+scala-1 then cpp-1+lsp-1+scala-1
  intermittent: ENX084_battery-thermal-management-maintenance-scheduler.json::enx-084-preventive-maintenance::enx-084-preventive-maintenance-4 — lsp-1+scala-1 | cpp-1 then cpp-1+lsp-1+scala-1 then lsp-1+scala-1 | cpp-1
  intermittent: ENX085_battery-thermal-management-power-quality-guardian.json::enx-085-urgent-stabilize::enx-085-urgent-stabilize-4 — lsp-1+scala-1 | cpp-1 then cpp-1+lsp-1+scala-1 then cpp-1+lsp-1+scala-1
  intermittent: ENX086_battery-thermal-management-resilience-mode-router.json::enx-086-preventive-maintenance::enx-086-preventive-maintenance-4 — lsp-1+scala-1 | cpp-1 then cpp-1+lsp-1+scala-1 then lsp-1+scala-1 | cpp-1
  intermittent: ENX087_battery-thermal-management-optimization-planner.json::enx-087-optimize-dispatch::enx-087-optimize-dispatch-4 — lsp-1+scala-1 | cpp-1 then cpp-1+lsp-1+scala-1 then cpp-1+lsp-1+scala-1
  intermittent: ENX088_battery-thermal-management-safety-compliance-checker.json::enx-088-optimize-dispatch::enx-088-optimize-dispatch-4 — lsp-1+scala-1 | cpp-1 then lsp-1+scala-1 | cpp-1 then cpp-1+lsp-1+scala-1
  intermittent: ENX088_battery-thermal-management-safety-compliance-checker.json::enx-088-urgent-stabilize::enx-088-urgent-stabilize-4 — lsp-1+scala-1 | cpp-1 then cpp-1+lsp-1+scala-1 then cpp-1+lsp-1+scala-1
  intermittent: ENX089_battery-fire-safety-loop-availability-monitor.json::enx-089-operating-window-ok::enx-089-operating-window-ok-4 — lsp-1+scala-1 | cpp-1 then cpp-1+lsp-1+scala-1 then cpp-1+lsp-1+scala-1
  intermittent: ENX089_battery-fire-safety-loop-availability-monitor.json::enx-089-urgent-stabilize::enx-089-urgent-stabilize-4 — lsp-1+scala-1 | cpp-1 then cpp-1+lsp-1+scala-1 then cpp-1+lsp-1+scala-1
  intermittent: ENX090_battery-fire-safety-loop-dispatch-controller.json::enx-090-operating-window-ok::enx-090-operating-window-ok-4 — lsp-1+scala-1 | cpp-1 then lsp-1+scala-1 | cpp-1 then cpp-1+lsp-1+scala-1
  intermittent: ENX090_battery-fire-safety-loop-dispatch-controller.json::enx-090-preventive-maintenance::enx-090-preventive-maintenance-4 — lsp-1+scala-1 | cpp-1 then lsp-1+scala-1 | cpp-1 then cpp-1+lsp-1+scala-1
  intermittent: ENX090_battery-fire-safety-loop-dispatch-controller.json::enx-090-urgent-stabilize::enx-090-urgent-stabilize-4 — lsp-1+scala-1 | cpp-1 then lsp-1+scala-1 | cpp-1 then cpp-1+lsp-1+scala-1
  intermittent: ENX091_battery-fire-safety-loop-forecast-gatekeeper.json::enx-091-optimize-dispatch::enx-091-optimize-dispatch-4 — lsp-1+scala-1 | cpp-1 then lsp-1+scala-1 | cpp-1 then cpp-1+lsp-1+scala-1
  intermittent: ENX091_battery-fire-safety-loop-forecast-gatekeeper.json::enx-091-preventive-maintenance::enx-091-preventive-maintenance-4 — lsp-1+scala-1 | cpp-1 then lsp-1+scala-1 | cpp-1 then cpp-1+lsp-1+scala-1
  intermittent: ENX092_battery-fire-safety-loop-maintenance-scheduler.json::enx-092-operating-window-ok::enx-092-operating-window-ok-4 — lsp-1+scala-1 | cpp-1 then cpp-1+lsp-1+scala-1 then lsp-1+scala-1 | cpp-1
  intermittent: ENX092_battery-fire-safety-loop-maintenance-scheduler.json::enx-092-optimize-dispatch::enx-092-optimize-dispatch-4 — lsp-1+scala-1 | cpp-1 then cpp-1+lsp-1+scala-1 then lsp-1+scala-1 | cpp-1
  intermittent: ENX092_battery-fire-safety-loop-maintenance-scheduler.json::enx-092-preventive-maintenance::enx-092-preventive-maintenance-4 — lsp-1+scala-1 | cpp-1 then cpp-1+lsp-1+scala-1 then cpp-1+lsp-1+scala-1
  intermittent: ENX093_battery-fire-safety-loop-power-quality-guardian.json::enx-093-optimize-dispatch::enx-093-optimize-dispatch-4 — lsp-1+scala-1 | cpp-1 then cpp-1+lsp-1+scala-1 then cpp-1+lsp-1+scala-1
  intermittent: ENX093_battery-fire-safety-loop-power-quality-guardian.json::enx-093-preventive-maintenance::enx-093-preventive-maintenance-4 — lsp-1+scala-1 | cpp-1 then lsp-1+scala-1 | cpp-1 then cpp-1+lsp-1+scala-1
  intermittent: ENX093_battery-fire-safety-loop-power-quality-guardian.json::enx-093-urgent-stabilize::enx-093-urgent-stabilize-4 — lsp-1+scala-1 | cpp-1 then cpp-1+lsp-1+scala-1 then lsp-1+scala-1 | cpp-1
  intermittent: ENX094_battery-fire-safety-loop-resilience-mode-router.json::enx-094-operating-window-ok::enx-094-operating-window-ok-4 — lsp-1+scala-1 | cpp-1 then cpp-1+lsp-1+scala-1 then cpp-1+lsp-1+scala-1
  intermittent: ENX094_battery-fire-safety-loop-resilience-mode-router.json::enx-094-preventive-maintenance::enx-094-preventive-maintenance-4 — lsp-1+scala-1 | cpp-1 then cpp-1+lsp-1+scala-1 then cpp-1+lsp-1+scala-1
  intermittent: ENX094_battery-fire-safety-loop-resilience-mode-router.json::enx-094-urgent-stabilize::enx-094-urgent-stabilize-4 — lsp-1+scala-1 | cpp-1 then cpp-1+lsp-1+scala-1 then cpp-1+lsp-1+scala-1
  intermittent: ENX095_battery-fire-safety-loop-optimization-planner.json::enx-095-operating-window-ok::enx-095-operating-window-ok-4 — lsp-1+scala-1 | cpp-1 then cpp-1+lsp-1+scala-1 then cpp-1+lsp-1+scala-1
  intermittent: ENX095_battery-fire-safety-loop-optimization-planner.json::enx-095-optimize-dispatch::enx-095-optimize-dispatch-4 — lsp-1+scala-1 | cpp-1 then lsp-1+scala-1 | cpp-1 then cpp-1+lsp-1+scala-1
  intermittent: ENX096_battery-fire-safety-loop-safety-compliance-checker.json::enx-096-operating-window-ok::enx-096-operating-window-ok-4 — lsp-1+scala-1 | cpp-1 then lsp-1+scala-1 | cpp-1 then cpp-1+lsp-1+scala-1
  intermittent: ENX096_battery-fire-safety-loop-safety-compliance-checker.json::enx-096-preventive-maintenance::enx-096-preventive-maintenance-4 — lsp-1+scala-1 | cpp-1 then cpp-1+lsp-1+scala-1 then cpp-1+lsp-1+scala-1
  intermittent: ENX096_battery-fire-safety-loop-safety-compliance-checker.json::enx-096-urgent-stabilize::enx-096-urgent-stabilize-4 — lsp-1+scala-1 | cpp-1 then lsp-1+scala-1 | cpp-1 then cpp-1+lsp-1+scala-1
  intermittent: ENX097_battery-state-of-charge-reserve-availability-monitor.json::enx-097-operating-window-ok::enx-097-operating-window-ok-4 — lsp-1+scala-1 | cpp-1 then lsp-1+scala-1 | cpp-1 then cpp-1+lsp-1+scala-1
  intermittent: ENX097_battery-state-of-charge-reserve-availability-monitor.json::enx-097-preventive-maintenance::enx-097-preventive-maintenance-4 — lsp-1+scala-1 | cpp-1 then lsp-1+scala-1 | cpp-1 then cpp-1+lsp-1+scala-1
  intermittent: ENX097_battery-state-of-charge-reserve-availability-monitor.json::enx-097-urgent-stabilize::enx-097-urgent-stabilize-4 — lsp-1+scala-1 | cpp-1 then cpp-1+lsp-1+scala-1 then cpp-1+lsp-1+scala-1
  intermittent: ENX098_battery-state-of-charge-reserve-dispatch-controller.json::enx-098-optimize-dispatch::enx-098-optimize-dispatch-4 — lsp-1+scala-1 | cpp-1 then cpp-1+lsp-1+scala-1 then cpp-1+lsp-1+scala-1
  intermittent: ENX099_battery-state-of-charge-reserve-forecast-gatekeeper.json::enx-099-preventive-maintenance::enx-099-preventive-maintenance-4 — lsp-1+scala-1 | cpp-1 then cpp-1+lsp-1+scala-1 then cpp-1+lsp-1+scala-1
  intermittent: ENX099_battery-state-of-charge-reserve-forecast-gatekeeper.json::enx-099-urgent-stabilize::enx-099-urgent-stabilize-4 — lsp-1+scala-1 | cpp-1 then lsp-1+scala-1 | cpp-1 then cpp-1+lsp-1+scala-1
  intermittent: ENX100_battery-state-of-charge-reserve-maintenance-scheduler.json::enx-100-operating-window-ok::enx-100-operating-window-ok-4 — lsp-1+scala-1 | cpp-1 then lsp-1+scala-1 | cpp-1 then cpp-1+lsp-1+scala-1
  intermittent: ENX101_battery-state-of-charge-reserve-power-quality-guardian.json::enx-101-preventive-maintenance::enx-101-preventive-maintenance-4 — lsp-1+scala-1 | cpp-1 then lsp-1+scala-1 | cpp-1 then cpp-1+lsp-1+scala-1
  intermittent: ENX102_battery-state-of-charge-reserve-resilience-mode-router.json::enx-102-urgent-stabilize::enx-102-urgent-stabilize-4 — lsp-1+scala-1 | cpp-1 then lsp-1+scala-1 | cpp-1 then cpp-1+lsp-1+scala-1
  intermittent: ENX103_battery-state-of-charge-reserve-optimization-planner.json::enx-103-optimize-dispatch::enx-103-optimize-dispatch-4 — lsp-1+scala-1 | cpp-1 then lsp-1+scala-1 | cpp-1 then cpp-1+lsp-1+scala-1
  intermittent: ENX103_battery-state-of-charge-reserve-optimization-planner.json::enx-103-urgent-stabilize::enx-103-urgent-stabilize-4 — lsp-1+scala-1 | cpp-1 then lsp-1+scala-1 | cpp-1 then cpp-1+lsp-1+scala-1
  intermittent: ENX104_battery-state-of-charge-reserve-safety-compliance-checker.json::enx-104-operating-window-ok::enx-104-operating-window-ok-4 — lsp-1+scala-1 | cpp-1 then lsp-1+scala-1 | cpp-1 then cpp-1+lsp-1+scala-1
  intermittent: ENX104_battery-state-of-charge-reserve-safety-compliance-checker.json::enx-104-urgent-stabilize::enx-104-urgent-stabilize-4 — lsp-1+scala-1 | cpp-1 then cpp-1+lsp-1+scala-1 then cpp-1+lsp-1+scala-1
  intermittent: ENX106_microgrid-point-of-common-coupling-dispatch-controller.json::enx-106-urgent-stabilize::enx-106-urgent-stabilize-4 — lsp-1+scala-1 | cpp-1 then cpp-1+lsp-1+scala-1 then cpp-1+lsp-1+scala-1
  intermittent: ENX107_microgrid-point-of-common-coupling-forecast-gatekeeper.json::enx-107-preventive-maintenance::enx-107-preventive-maintenance-4 — lsp-1+scala-1 | cpp-1 then lsp-1+scala-1 | cpp-1 then cpp-1+lsp-1+scala-1
  intermittent: ENX108_microgrid-point-of-common-coupling-maintenance-scheduler.json::enx-108-optimize-dispatch::enx-108-optimize-dispatch-4 — lsp-1+scala-1 | cpp-1 then cpp-1+lsp-1+scala-1 then lsp-1+scala-1 | cpp-1
  intermittent: ENX108_microgrid-point-of-common-coupling-maintenance-scheduler.json::enx-108-preventive-maintenance::enx-108-preventive-maintenance-4 — lsp-1+scala-1 | cpp-1 then cpp-1+lsp-1+scala-1 then cpp-1+lsp-1+scala-1
  intermittent: ENX109_microgrid-point-of-common-coupling-power-quality-guardian.json::enx-109-optimize-dispatch::enx-109-optimize-dispatch-4 — lsp-1+scala-1 | cpp-1 then cpp-1+lsp-1+scala-1 then cpp-1+lsp-1+scala-1
  intermittent: ENX112_microgrid-point-of-common-coupling-safety-compliance-checker.json::enx-112-optimize-dispatch::enx-112-optimize-dispatch-4 — lsp-1+scala-1 | cpp-1 then lsp-1+scala-1 | cpp-1 then cpp-1+lsp-1+scala-1
  intermittent: ENX115_feeder-sectionalizer-forecast-gatekeeper.json::enx-115-operating-window-ok::enx-115-operating-window-ok-4 — lsp-1+scala-1 | cpp-1 then lsp-1+scala-1 | cpp-1 then cpp-1+lsp-1+scala-1
  intermittent: ENX118_feeder-sectionalizer-resilience-mode-router.json::enx-118-optimize-dispatch::enx-118-optimize-dispatch-4 — lsp-1+scala-1 | cpp-1 then cpp-1+lsp-1+scala-1 then cpp-1+lsp-1+scala-1
  intermittent: ENX118_feeder-sectionalizer-resilience-mode-router.json::enx-118-urgent-stabilize::enx-118-urgent-stabilize-4 — lsp-1+scala-1 | cpp-1 then lsp-1+scala-1 | cpp-1 then cpp-1+lsp-1+scala-1
  intermittent: ENX119_feeder-sectionalizer-optimization-planner.json::enx-119-optimize-dispatch::enx-119-optimize-dispatch-4 — lsp-1+scala-1 | cpp-1 then cpp-1+lsp-1+scala-1 then cpp-1+lsp-1+scala-1
  intermittent: ENX119_feeder-sectionalizer-optimization-planner.json::enx-119-preventive-maintenance::enx-119-preventive-maintenance-4 — lsp-1+scala-1 | cpp-1 then cpp-1+lsp-1+scala-1 then cpp-1+lsp-1+scala-1
  intermittent: ENX121_community-load-flexibility-availability-monitor.json::enx-121-operating-window-ok::enx-121-operating-window-ok-4 — lsp-1+scala-1 | cpp-1 then cpp-1+lsp-1+scala-1 then cpp-1+lsp-1+scala-1
  intermittent: ENX121_community-load-flexibility-availability-monitor.json::enx-121-optimize-dispatch::enx-121-optimize-dispatch-4 — lsp-1+scala-1 | cpp-1 then cpp-1+lsp-1+scala-1 then lsp-1+scala-1 | cpp-1
  intermittent: ENX126_community-load-flexibility-resilience-mode-router.json::enx-126-urgent-stabilize::enx-126-urgent-stabilize-4 — lsp-1+scala-1 | cpp-1 then lsp-1+scala-1 | cpp-1 then cpp-1+lsp-1+scala-1
  intermittent: ENX127_community-load-flexibility-optimization-planner.json::enx-127-operating-window-ok::enx-127-operating-window-ok-4 — lsp-1+scala-1 | cpp-1 then lsp-1+scala-1 | cpp-1 then cpp-1+lsp-1+scala-1
  intermittent: ENX127_community-load-flexibility-optimization-planner.json::enx-127-urgent-stabilize::enx-127-urgent-stabilize-4 — lsp-1+scala-1 | cpp-1 then cpp-1+lsp-1+scala-1 then cpp-1+lsp-1+scala-1
  intermittent: ENX129_ev-charging-load-bank-availability-monitor.json::enx-129-optimize-dispatch::enx-129-optimize-dispatch-4 — lsp-1+scala-1 | cpp-1 then cpp-1+lsp-1+scala-1 then cpp-1+lsp-1+scala-1
  intermittent: ENX131_ev-charging-load-bank-forecast-gatekeeper.json::enx-131-operating-window-ok::enx-131-operating-window-ok-4 — lsp-1+scala-1 | cpp-1 then lsp-1+scala-1 | cpp-1 then cpp-1+lsp-1+scala-1
  intermittent: ENX132_ev-charging-load-bank-maintenance-scheduler.json::enx-132-preventive-maintenance::enx-132-preventive-maintenance-4 — lsp-1+scala-1 | cpp-1 then lsp-1+scala-1 | cpp-1 then cpp-1+lsp-1+scala-1
  intermittent: ENX133_ev-charging-load-bank-power-quality-guardian.json::enx-133-operating-window-ok::enx-133-operating-window-ok-4 — lsp-1+scala-1 | cpp-1 then cpp-1+lsp-1+scala-1 then cpp-1+lsp-1+scala-1
  intermittent: ENX133_ev-charging-load-bank-power-quality-guardian.json::enx-133-preventive-maintenance::enx-133-preventive-maintenance-4 — lsp-1+scala-1 | cpp-1 then cpp-1+lsp-1+scala-1 then cpp-1+lsp-1+scala-1
  intermittent: ENX133_ev-charging-load-bank-power-quality-guardian.json::enx-133-urgent-stabilize::enx-133-urgent-stabilize-4 — lsp-1+scala-1 | cpp-1 then cpp-1+lsp-1+scala-1 then cpp-1+lsp-1+scala-1
  intermittent: ENX134_ev-charging-load-bank-resilience-mode-router.json::enx-134-operating-window-ok::enx-134-operating-window-ok-4 — lsp-1+scala-1 | cpp-1 then lsp-1+scala-1 | cpp-1 then cpp-1+lsp-1+scala-1
  intermittent: ENX134_ev-charging-load-bank-resilience-mode-router.json::enx-134-preventive-maintenance::enx-134-preventive-maintenance-4 — lsp-1+scala-1 | cpp-1 then cpp-1+lsp-1+scala-1 then cpp-1+lsp-1+scala-1
  intermittent: ENX135_ev-charging-load-bank-optimization-planner.json::enx-135-operating-window-ok::enx-135-operating-window-ok-4 — lsp-1+scala-1 | cpp-1 then lsp-1+scala-1 | cpp-1 then cpp-1+lsp-1+scala-1
  intermittent: ENX136_ev-charging-load-bank-safety-compliance-checker.json::enx-136-preventive-maintenance::enx-136-preventive-maintenance-4 — lsp-1+scala-1 | cpp-1 then cpp-1+lsp-1+scala-1 then cpp-1+lsp-1+scala-1
  intermittent: ENX137_critical-facility-backup-panel-availability-monitor.json::enx-137-optimize-dispatch::enx-137-optimize-dispatch-4 — lsp-1+scala-1 | cpp-1 then cpp-1+lsp-1+scala-1 then cpp-1+lsp-1+scala-1
  intermittent: ENX138_critical-facility-backup-panel-dispatch-controller.json::enx-138-operating-window-ok::enx-138-operating-window-ok-4 — lsp-1+scala-1 | cpp-1 then lsp-1+scala-1 | cpp-1 then cpp-1+lsp-1+scala-1
  intermittent: ENX139_critical-facility-backup-panel-forecast-gatekeeper.json::enx-139-operating-window-ok::enx-139-operating-window-ok-4 — lsp-1+scala-1 | cpp-1 then cpp-1+lsp-1+scala-1 then cpp-1+lsp-1+scala-1
  intermittent: ENX139_critical-facility-backup-panel-forecast-gatekeeper.json::enx-139-optimize-dispatch::enx-139-optimize-dispatch-4 — lsp-1+scala-1 | cpp-1 then lsp-1+scala-1 | cpp-1 then cpp-1+lsp-1+scala-1
  intermittent: ENX140_critical-facility-backup-panel-maintenance-scheduler.json::enx-140-optimize-dispatch::enx-140-optimize-dispatch-4 — lsp-1+scala-1 | cpp-1 then lsp-1+scala-1 | cpp-1 then cpp-1+lsp-1+scala-1
  intermittent: ENX140_critical-facility-backup-panel-maintenance-scheduler.json::enx-140-urgent-stabilize::enx-140-urgent-stabilize-4 — lsp-1+scala-1 | cpp-1 then lsp-1+scala-1 | cpp-1 then cpp-1+lsp-1+scala-1
  intermittent: ENX141_critical-facility-backup-panel-power-quality-guardian.json::enx-141-optimize-dispatch::enx-141-optimize-dispatch-4 — lsp-1+scala-1 | cpp-1 then lsp-1+scala-1 | cpp-1 then cpp-1+lsp-1+scala-1
  intermittent: ENX141_critical-facility-backup-panel-power-quality-guardian.json::enx-141-preventive-maintenance::enx-141-preventive-maintenance-4 — lsp-1+scala-1 | cpp-1 then cpp-1+lsp-1+scala-1 then lsp-1+scala-1 | cpp-1
  intermittent: ENX143_critical-facility-backup-panel-optimization-planner.json::enx-143-operating-window-ok::enx-143-operating-window-ok-4 — lsp-1+scala-1 | cpp-1 then lsp-1+scala-1 | cpp-1 then cpp-1+lsp-1+scala-1
  intermittent: ENX143_critical-facility-backup-panel-optimization-planner.json::enx-143-urgent-stabilize::enx-143-urgent-stabilize-4 — lsp-1+scala-1 | cpp-1 then cpp-1+lsp-1+scala-1 then lsp-1+scala-1 | cpp-1
  intermittent: ENX144_critical-facility-backup-panel-safety-compliance-checker.json::enx-144-optimize-dispatch::enx-144-optimize-dispatch-4 — lsp-1+scala-1 | cpp-1 then cpp-1+lsp-1+scala-1 then cpp-1+lsp-1+scala-1
  intermittent: ENX145_weather-and-irradiance-station-availability-monitor.json::enx-145-operating-window-ok::enx-145-operating-window-ok-4 — lsp-1+scala-1 | cpp-1 then lsp-1+scala-1 | cpp-1 then cpp-1+lsp-1+scala-1
  intermittent: ENX145_weather-and-irradiance-station-availability-monitor.json::enx-145-preventive-maintenance::enx-145-preventive-maintenance-4 — lsp-1+scala-1 | cpp-1 then cpp-1+lsp-1+scala-1 then cpp-1+lsp-1+scala-1
  intermittent: ENX145_weather-and-irradiance-station-availability-monitor.json::enx-145-urgent-stabilize::enx-145-urgent-stabilize-4 — lsp-1+scala-1 | cpp-1 then lsp-1+scala-1 | cpp-1 then cpp-1+lsp-1+scala-1
  intermittent: ENX146_weather-and-irradiance-station-dispatch-controller.json::enx-146-optimize-dispatch::enx-146-optimize-dispatch-4 — lsp-1+scala-1 | cpp-1 then lsp-1+scala-1 | cpp-1 then cpp-1+lsp-1+scala-1
  intermittent: ENX148_weather-and-irradiance-station-maintenance-scheduler.json::enx-148-operating-window-ok::enx-148-operating-window-ok-4 — lsp-1+scala-1 | cpp-1 then lsp-1+scala-1 | cpp-1 then cpp-1+lsp-1+scala-1
  intermittent: ENX148_weather-and-irradiance-station-maintenance-scheduler.json::enx-148-optimize-dispatch::enx-148-optimize-dispatch-4 — lsp-1+scala-1 | cpp-1 then cpp-1+lsp-1+scala-1 then cpp-1+lsp-1+scala-1
  intermittent: ENX149_weather-and-irradiance-station-power-quality-guardian.json::enx-149-operating-window-ok::enx-149-operating-window-ok-4 — lsp-1+scala-1 | cpp-1 then cpp-1+lsp-1+scala-1 then cpp-1+lsp-1+scala-1
  intermittent: ENX149_weather-and-irradiance-station-power-quality-guardian.json::enx-149-optimize-dispatch::enx-149-optimize-dispatch-4 — lsp-1+scala-1 | cpp-1 then cpp-1+lsp-1+scala-1 then cpp-1+lsp-1+scala-1
  intermittent: ENX151_weather-and-irradiance-station-optimization-planner.json::enx-151-operating-window-ok::enx-151-operating-window-ok-4 — lsp-1+scala-1 | cpp-1 then lsp-1+scala-1 | cpp-1 then cpp-1+lsp-1+scala-1
  intermittent: ENX154_preventive-maintenance-work-order-dispatch-controller.json::enx-154-optimize-dispatch::enx-154-optimize-dispatch-4 — lsp-1+scala-1 | cpp-1 then cpp-1+lsp-1+scala-1 then cpp-1+lsp-1+scala-1
  intermittent: ENX154_preventive-maintenance-work-order-dispatch-controller.json::enx-154-urgent-stabilize::enx-154-urgent-stabilize-4 — lsp-1+scala-1 | cpp-1 then lsp-1+scala-1 | cpp-1 then cpp-1+lsp-1+scala-1
  intermittent: ENX156_preventive-maintenance-work-order-maintenance-scheduler.json::enx-156-urgent-stabilize::enx-156-urgent-stabilize-4 — lsp-1+scala-1 | cpp-1 then lsp-1+scala-1 | cpp-1 then cpp-1+lsp-1+scala-1
  intermittent: ENX157_preventive-maintenance-work-order-power-quality-guardian.json::enx-157-operating-window-ok::enx-157-operating-window-ok-4 — lsp-1+scala-1 | cpp-1 then lsp-1+scala-1 | cpp-1 then cpp-1+lsp-1+scala-1
  intermittent: ENX160_preventive-maintenance-work-order-safety-compliance-checker.json::enx-160-operating-window-ok::enx-160-operating-window-ok-4 — lsp-1+scala-1 | cpp-1 then cpp-1+lsp-1+scala-1 then lsp-1+scala-1 | cpp-1
  intermittent: ENX160_preventive-maintenance-work-order-safety-compliance-checker.json::enx-160-optimize-dispatch::enx-160-optimize-dispatch-4 — lsp-1+scala-1 | cpp-1 then lsp-1+scala-1 | cpp-1 then cpp-1+lsp-1+scala-1
